turboquant_benchmark toolchain_identifier=org.swift.64202607231a
turboquant_benchmark compiler=Apple_Swift_version_6.4-dev_(LLVM_264fd65923c28d9,_Swift_ef761e567dc94ee)_Target:_arm64-apple-macosx27.0.0_Build_config:_+assertions
turboquant_benchmark comparison=HNSW cosine vs TurboQuant MSE and product objectives
turboquant_benchmark run_id=2026-07-31-d768-cycle2-hnsw
turboquant_benchmark source_revision=a1f7ec0a847fd871a32af13b7c89a2e5b7ee67bd
turboquant_benchmark source_state=dirty
turboquant_benchmark measurement_mode=isolated target=hnsw-cosine

case=n10k-d768 n=10000 d=768 q=50 k=10
build index=hnsw-cosine ms=4279.921 retained_vector_bytes=30720000
sample phase=batch index=hnsw-cosine bits=- ef=10 trial=0 wall_ms=2.518 cpu_ms=2.518 checksum=2142627
sample phase=batch index=hnsw-cosine bits=- ef=10 trial=1 wall_ms=2.177 cpu_ms=2.179 checksum=2142628
sample phase=batch index=hnsw-cosine bits=- ef=10 trial=2 wall_ms=2.065 cpu_ms=2.064 checksum=2142629
sample phase=batch index=hnsw-cosine bits=- ef=10 trial=3 wall_ms=2.830 cpu_ms=2.817 checksum=2142630
sample phase=batch index=hnsw-cosine bits=- ef=10 trial=4 wall_ms=2.329 cpu_ms=2.329 checksum=2142631
sample phase=query index=hnsw-cosine bits=- ef=10 query=0 wall_ms=0.049 checksum=56209
sample phase=query index=hnsw-cosine bits=- ef=10 query=1 wall_ms=0.037 checksum=44567
sample phase=query index=hnsw-cosine bits=- ef=10 query=2 wall_ms=0.057 checksum=27138
sample phase=query index=hnsw-cosine bits=- ef=10 query=3 wall_ms=0.060 checksum=38333
sample phase=query index=hnsw-cosine bits=- ef=10 query=4 wall_ms=0.040 checksum=36466
sample phase=query index=hnsw-cosine bits=- ef=10 query=5 wall_ms=0.051 checksum=61449
sample phase=query index=hnsw-cosine bits=- ef=10 query=6 wall_ms=0.042 checksum=43548
sample phase=query index=hnsw-cosine bits=- ef=10 query=7 wall_ms=0.071 checksum=32476
sample phase=query index=hnsw-cosine bits=- ef=10 query=8 wall_ms=0.051 checksum=50715
sample phase=query index=hnsw-cosine bits=- ef=10 query=9 wall_ms=0.044 checksum=38958
sample phase=query index=hnsw-cosine bits=- ef=10 query=10 wall_ms=0.064 checksum=23153
sample phase=query index=hnsw-cosine bits=- ef=10 query=11 wall_ms=0.068 checksum=29290
sample phase=query index=hnsw-cosine bits=- ef=10 query=12 wall_ms=0.042 checksum=48916
sample phase=query index=hnsw-cosine bits=- ef=10 query=13 wall_ms=0.041 checksum=55197
sample phase=query index=hnsw-cosine bits=- ef=10 query=14 wall_ms=0.067 checksum=37296
sample phase=query index=hnsw-cosine bits=- ef=10 query=15 wall_ms=0.050 checksum=40082
sample phase=query index=hnsw-cosine bits=- ef=10 query=16 wall_ms=0.044 checksum=34165
sample phase=query index=hnsw-cosine bits=- ef=10 query=17 wall_ms=0.074 checksum=59579
sample phase=query index=hnsw-cosine bits=- ef=10 query=18 wall_ms=0.047 checksum=55827
sample phase=query index=hnsw-cosine bits=- ef=10 query=19 wall_ms=0.051 checksum=37424
sample phase=query index=hnsw-cosine bits=- ef=10 query=20 wall_ms=0.056 checksum=40562
sample phase=query index=hnsw-cosine bits=- ef=10 query=21 wall_ms=0.068 checksum=31930
sample phase=query index=hnsw-cosine bits=- ef=10 query=22 wall_ms=0.072 checksum=33274
sample phase=query index=hnsw-cosine bits=- ef=10 query=23 wall_ms=0.033 checksum=57616
sample phase=query index=hnsw-cosine bits=- ef=10 query=24 wall_ms=0.040 checksum=49657
sample phase=query index=hnsw-cosine bits=- ef=10 query=25 wall_ms=0.057 checksum=24933
sample phase=query index=hnsw-cosine bits=- ef=10 query=26 wall_ms=0.041 checksum=40356
sample phase=query index=hnsw-cosine bits=- ef=10 query=27 wall_ms=0.052 checksum=44594
sample phase=query index=hnsw-cosine bits=- ef=10 query=28 wall_ms=0.042 checksum=45419
sample phase=query index=hnsw-cosine bits=- ef=10 query=29 wall_ms=0.060 checksum=32742
sample phase=query index=hnsw-cosine bits=- ef=10 query=30 wall_ms=0.046 checksum=42687
sample phase=query index=hnsw-cosine bits=- ef=10 query=31 wall_ms=0.043 checksum=35818
sample phase=query index=hnsw-cosine bits=- ef=10 query=32 wall_ms=0.039 checksum=57689
sample phase=query index=hnsw-cosine bits=- ef=10 query=33 wall_ms=0.036 checksum=27129
sample phase=query index=hnsw-cosine bits=- ef=10 query=34 wall_ms=0.046 checksum=49375
sample phase=query index=hnsw-cosine bits=- ef=10 query=35 wall_ms=0.038 checksum=33577
sample phase=query index=hnsw-cosine bits=- ef=10 query=36 wall_ms=0.049 checksum=39725
sample phase=query index=hnsw-cosine bits=- ef=10 query=37 wall_ms=0.073 checksum=34923
sample phase=query index=hnsw-cosine bits=- ef=10 query=38 wall_ms=0.035 checksum=36244
sample phase=query index=hnsw-cosine bits=- ef=10 query=39 wall_ms=0.047 checksum=54201
sample phase=query index=hnsw-cosine bits=- ef=10 query=40 wall_ms=0.033 checksum=52928
sample phase=query index=hnsw-cosine bits=- ef=10 query=41 wall_ms=0.056 checksum=46839
sample phase=query index=hnsw-cosine bits=- ef=10 query=42 wall_ms=0.033 checksum=51249
sample phase=query index=hnsw-cosine bits=- ef=10 query=43 wall_ms=0.042 checksum=52677
sample phase=query index=hnsw-cosine bits=- ef=10 query=44 wall_ms=0.033 checksum=51274
sample phase=query index=hnsw-cosine bits=- ef=10 query=45 wall_ms=0.033 checksum=37729
sample phase=query index=hnsw-cosine bits=- ef=10 query=46 wall_ms=0.060 checksum=31966
sample phase=query index=hnsw-cosine bits=- ef=10 query=47 wall_ms=0.046 checksum=45889
sample phase=query index=hnsw-cosine bits=- ef=10 query=48 wall_ms=0.030 checksum=55110
sample phase=query index=hnsw-cosine bits=- ef=10 query=49 wall_ms=0.041 checksum=53727
search index=hnsw-cosine bits=- ef=10 median_ms_per_query=0.047 p95_ms_per_query=0.072 qps=21468.441 cpu_ms_per_query=0.047 cpu_qps=21468.441 recall_at_10=0.068 checksum=12855772
sample phase=batch index=hnsw-cosine bits=- ef=20 trial=0 wall_ms=4.533 cpu_ms=4.523 checksum=2241230
sample phase=batch index=hnsw-cosine bits=- ef=20 trial=1 wall_ms=4.756 cpu_ms=4.757 checksum=2241231
sample phase=batch index=hnsw-cosine bits=- ef=20 trial=2 wall_ms=4.579 cpu_ms=4.570 checksum=2241232
sample phase=batch index=hnsw-cosine bits=- ef=20 trial=3 wall_ms=3.919 cpu_ms=3.919 checksum=2241233
sample phase=batch index=hnsw-cosine bits=- ef=20 trial=4 wall_ms=3.890 cpu_ms=3.890 checksum=2241234
sample phase=query index=hnsw-cosine bits=- ef=20 query=0 wall_ms=0.080 checksum=59306
sample phase=query index=hnsw-cosine bits=- ef=20 query=1 wall_ms=0.075 checksum=33832
sample phase=query index=hnsw-cosine bits=- ef=20 query=2 wall_ms=0.105 checksum=39982
sample phase=query index=hnsw-cosine bits=- ef=20 query=3 wall_ms=0.077 checksum=40220
sample phase=query index=hnsw-cosine bits=- ef=20 query=4 wall_ms=0.070 checksum=25954
sample phase=query index=hnsw-cosine bits=- ef=20 query=5 wall_ms=0.066 checksum=51237
sample phase=query index=hnsw-cosine bits=- ef=20 query=6 wall_ms=0.098 checksum=46496
sample phase=query index=hnsw-cosine bits=- ef=20 query=7 wall_ms=0.070 checksum=32476
sample phase=query index=hnsw-cosine bits=- ef=20 query=8 wall_ms=0.098 checksum=41594
sample phase=query index=hnsw-cosine bits=- ef=20 query=9 wall_ms=0.098 checksum=38415
sample phase=query index=hnsw-cosine bits=- ef=20 query=10 wall_ms=0.112 checksum=41723
sample phase=query index=hnsw-cosine bits=- ef=20 query=11 wall_ms=0.081 checksum=26299
sample phase=query index=hnsw-cosine bits=- ef=20 query=12 wall_ms=0.094 checksum=32494
sample phase=query index=hnsw-cosine bits=- ef=20 query=13 wall_ms=0.072 checksum=48337
sample phase=query index=hnsw-cosine bits=- ef=20 query=14 wall_ms=0.073 checksum=39993
sample phase=query index=hnsw-cosine bits=- ef=20 query=15 wall_ms=0.076 checksum=54515
sample phase=query index=hnsw-cosine bits=- ef=20 query=16 wall_ms=0.092 checksum=42141
sample phase=query index=hnsw-cosine bits=- ef=20 query=17 wall_ms=0.090 checksum=50612
sample phase=query index=hnsw-cosine bits=- ef=20 query=18 wall_ms=0.090 checksum=58962
sample phase=query index=hnsw-cosine bits=- ef=20 query=19 wall_ms=0.075 checksum=43672
sample phase=query index=hnsw-cosine bits=- ef=20 query=20 wall_ms=0.086 checksum=43499
sample phase=query index=hnsw-cosine bits=- ef=20 query=21 wall_ms=0.102 checksum=34321
sample phase=query index=hnsw-cosine bits=- ef=20 query=22 wall_ms=0.088 checksum=34902
sample phase=query index=hnsw-cosine bits=- ef=20 query=23 wall_ms=0.108 checksum=58332
sample phase=query index=hnsw-cosine bits=- ef=20 query=24 wall_ms=0.058 checksum=50826
sample phase=query index=hnsw-cosine bits=- ef=20 query=25 wall_ms=0.065 checksum=26155
sample phase=query index=hnsw-cosine bits=- ef=20 query=26 wall_ms=0.077 checksum=46757
sample phase=query index=hnsw-cosine bits=- ef=20 query=27 wall_ms=0.061 checksum=49009
sample phase=query index=hnsw-cosine bits=- ef=20 query=28 wall_ms=0.069 checksum=44471
sample phase=query index=hnsw-cosine bits=- ef=20 query=29 wall_ms=0.070 checksum=32742
sample phase=query index=hnsw-cosine bits=- ef=20 query=30 wall_ms=0.082 checksum=37627
sample phase=query index=hnsw-cosine bits=- ef=20 query=31 wall_ms=0.062 checksum=36952
sample phase=query index=hnsw-cosine bits=- ef=20 query=32 wall_ms=0.064 checksum=44092
sample phase=query index=hnsw-cosine bits=- ef=20 query=33 wall_ms=0.060 checksum=35327
sample phase=query index=hnsw-cosine bits=- ef=20 query=34 wall_ms=0.065 checksum=55041
sample phase=query index=hnsw-cosine bits=- ef=20 query=35 wall_ms=0.083 checksum=41174
sample phase=query index=hnsw-cosine bits=- ef=20 query=36 wall_ms=0.109 checksum=42190
sample phase=query index=hnsw-cosine bits=- ef=20 query=37 wall_ms=0.090 checksum=33848
sample phase=query index=hnsw-cosine bits=- ef=20 query=38 wall_ms=0.079 checksum=64571
sample phase=query index=hnsw-cosine bits=- ef=20 query=39 wall_ms=0.061 checksum=62850
sample phase=query index=hnsw-cosine bits=- ef=20 query=40 wall_ms=0.073 checksum=54959
sample phase=query index=hnsw-cosine bits=- ef=20 query=41 wall_ms=0.090 checksum=53413
sample phase=query index=hnsw-cosine bits=- ef=20 query=42 wall_ms=0.078 checksum=50898
sample phase=query index=hnsw-cosine bits=- ef=20 query=43 wall_ms=0.059 checksum=60277
sample phase=query index=hnsw-cosine bits=- ef=20 query=44 wall_ms=0.122 checksum=47099
sample phase=query index=hnsw-cosine bits=- ef=20 query=45 wall_ms=0.097 checksum=50394
sample phase=query index=hnsw-cosine bits=- ef=20 query=46 wall_ms=0.106 checksum=38861
sample phase=query index=hnsw-cosine bits=- ef=20 query=47 wall_ms=0.073 checksum=48260
sample phase=query index=hnsw-cosine bits=- ef=20 query=48 wall_ms=0.088 checksum=48861
sample phase=query index=hnsw-cosine bits=- ef=20 query=49 wall_ms=0.063 checksum=65262
search index=hnsw-cosine bits=- ef=20 median_ms_per_query=0.091 p95_ms_per_query=0.109 qps=11030.223 cpu_ms_per_query=0.090 cpu_qps=11054.610 recall_at_10=0.122 checksum=13447390
sample phase=batch index=hnsw-cosine bits=- ef=40 trial=0 wall_ms=6.930 cpu_ms=6.933 checksum=2153775
sample phase=batch index=hnsw-cosine bits=- ef=40 trial=1 wall_ms=7.436 cpu_ms=7.436 checksum=2153776
sample phase=batch index=hnsw-cosine bits=- ef=40 trial=2 wall_ms=7.196 cpu_ms=7.084 checksum=2153777
sample phase=batch index=hnsw-cosine bits=- ef=40 trial=3 wall_ms=7.239 cpu_ms=7.240 checksum=2153778
sample phase=batch index=hnsw-cosine bits=- ef=40 trial=4 wall_ms=7.045 cpu_ms=7.045 checksum=2153779
sample phase=query index=hnsw-cosine bits=- ef=40 query=0 wall_ms=0.115 checksum=61316
sample phase=query index=hnsw-cosine bits=- ef=40 query=1 wall_ms=0.116 checksum=29403
sample phase=query index=hnsw-cosine bits=- ef=40 query=2 wall_ms=0.133 checksum=45591
sample phase=query index=hnsw-cosine bits=- ef=40 query=3 wall_ms=0.145 checksum=48119
sample phase=query index=hnsw-cosine bits=- ef=40 query=4 wall_ms=0.143 checksum=33648
sample phase=query index=hnsw-cosine bits=- ef=40 query=5 wall_ms=0.164 checksum=50773
sample phase=query index=hnsw-cosine bits=- ef=40 query=6 wall_ms=0.143 checksum=40188
sample phase=query index=hnsw-cosine bits=- ef=40 query=7 wall_ms=0.124 checksum=30812
sample phase=query index=hnsw-cosine bits=- ef=40 query=8 wall_ms=0.172 checksum=37616
sample phase=query index=hnsw-cosine bits=- ef=40 query=9 wall_ms=0.149 checksum=44614
sample phase=query index=hnsw-cosine bits=- ef=40 query=10 wall_ms=0.185 checksum=45860
sample phase=query index=hnsw-cosine bits=- ef=40 query=11 wall_ms=0.152 checksum=32295
sample phase=query index=hnsw-cosine bits=- ef=40 query=12 wall_ms=0.147 checksum=39159
sample phase=query index=hnsw-cosine bits=- ef=40 query=13 wall_ms=0.146 checksum=34568
sample phase=query index=hnsw-cosine bits=- ef=40 query=14 wall_ms=0.161 checksum=41124
sample phase=query index=hnsw-cosine bits=- ef=40 query=15 wall_ms=0.175 checksum=36186
sample phase=query index=hnsw-cosine bits=- ef=40 query=16 wall_ms=0.155 checksum=40262
sample phase=query index=hnsw-cosine bits=- ef=40 query=17 wall_ms=0.149 checksum=48851
sample phase=query index=hnsw-cosine bits=- ef=40 query=18 wall_ms=0.119 checksum=41873
sample phase=query index=hnsw-cosine bits=- ef=40 query=19 wall_ms=0.139 checksum=30697
sample phase=query index=hnsw-cosine bits=- ef=40 query=20 wall_ms=0.132 checksum=53143
sample phase=query index=hnsw-cosine bits=- ef=40 query=21 wall_ms=0.147 checksum=37603
sample phase=query index=hnsw-cosine bits=- ef=40 query=22 wall_ms=0.127 checksum=35558
sample phase=query index=hnsw-cosine bits=- ef=40 query=23 wall_ms=0.171 checksum=53809
sample phase=query index=hnsw-cosine bits=- ef=40 query=24 wall_ms=0.123 checksum=36736
sample phase=query index=hnsw-cosine bits=- ef=40 query=25 wall_ms=0.123 checksum=36859
sample phase=query index=hnsw-cosine bits=- ef=40 query=26 wall_ms=0.116 checksum=46603
sample phase=query index=hnsw-cosine bits=- ef=40 query=27 wall_ms=0.134 checksum=32320
sample phase=query index=hnsw-cosine bits=- ef=40 query=28 wall_ms=0.148 checksum=57790
sample phase=query index=hnsw-cosine bits=- ef=40 query=29 wall_ms=0.147 checksum=37002
sample phase=query index=hnsw-cosine bits=- ef=40 query=30 wall_ms=0.146 checksum=42336
sample phase=query index=hnsw-cosine bits=- ef=40 query=31 wall_ms=0.122 checksum=36647
sample phase=query index=hnsw-cosine bits=- ef=40 query=32 wall_ms=0.147 checksum=39194
sample phase=query index=hnsw-cosine bits=- ef=40 query=33 wall_ms=0.118 checksum=40414
sample phase=query index=hnsw-cosine bits=- ef=40 query=34 wall_ms=0.114 checksum=45888
sample phase=query index=hnsw-cosine bits=- ef=40 query=35 wall_ms=0.142 checksum=44625
sample phase=query index=hnsw-cosine bits=- ef=40 query=36 wall_ms=0.147 checksum=39094
sample phase=query index=hnsw-cosine bits=- ef=40 query=37 wall_ms=0.129 checksum=33848
sample phase=query index=hnsw-cosine bits=- ef=40 query=38 wall_ms=0.131 checksum=58696
sample phase=query index=hnsw-cosine bits=- ef=40 query=39 wall_ms=0.135 checksum=48638
sample phase=query index=hnsw-cosine bits=- ef=40 query=40 wall_ms=0.113 checksum=52760
sample phase=query index=hnsw-cosine bits=- ef=40 query=41 wall_ms=0.177 checksum=44157
sample phase=query index=hnsw-cosine bits=- ef=40 query=42 wall_ms=0.165 checksum=43781
sample phase=query index=hnsw-cosine bits=- ef=40 query=43 wall_ms=0.189 checksum=61796
sample phase=query index=hnsw-cosine bits=- ef=40 query=44 wall_ms=0.200 checksum=51658
sample phase=query index=hnsw-cosine bits=- ef=40 query=45 wall_ms=0.180 checksum=45717
sample phase=query index=hnsw-cosine bits=- ef=40 query=46 wall_ms=0.187 checksum=36081
sample phase=query index=hnsw-cosine bits=- ef=40 query=47 wall_ms=0.146 checksum=50279
sample phase=query index=hnsw-cosine bits=- ef=40 query=48 wall_ms=0.158 checksum=42393
sample phase=query index=hnsw-cosine bits=- ef=40 query=49 wall_ms=0.120 checksum=55395
search index=hnsw-cosine bits=- ef=40 median_ms_per_query=0.144 p95_ms_per_query=0.187 qps=6948.748 cpu_ms_per_query=0.142 cpu_qps=7058.159 recall_at_10=0.216 checksum=12922660
sample phase=batch index=hnsw-cosine bits=- ef=60 trial=0 wall_ms=10.608 cpu_ms=10.609 checksum=2102147
sample phase=batch index=hnsw-cosine bits=- ef=60 trial=1 wall_ms=10.242 cpu_ms=10.242 checksum=2102148
sample phase=batch index=hnsw-cosine bits=- ef=60 trial=2 wall_ms=10.225 cpu_ms=10.221 checksum=2102149
sample phase=batch index=hnsw-cosine bits=- ef=60 trial=3 wall_ms=10.182 cpu_ms=10.155 checksum=2102150
sample phase=batch index=hnsw-cosine bits=- ef=60 trial=4 wall_ms=10.607 cpu_ms=10.547 checksum=2102151
sample phase=query index=hnsw-cosine bits=- ef=60 query=0 wall_ms=0.228 checksum=53416
sample phase=query index=hnsw-cosine bits=- ef=60 query=1 wall_ms=0.198 checksum=30187
sample phase=query index=hnsw-cosine bits=- ef=60 query=2 wall_ms=0.166 checksum=55061
sample phase=query index=hnsw-cosine bits=- ef=60 query=3 wall_ms=0.205 checksum=47099
sample phase=query index=hnsw-cosine bits=- ef=60 query=4 wall_ms=0.181 checksum=31086
sample phase=query index=hnsw-cosine bits=- ef=60 query=5 wall_ms=0.183 checksum=54870
sample phase=query index=hnsw-cosine bits=- ef=60 query=6 wall_ms=0.177 checksum=43355
sample phase=query index=hnsw-cosine bits=- ef=60 query=7 wall_ms=0.171 checksum=37263
sample phase=query index=hnsw-cosine bits=- ef=60 query=8 wall_ms=0.185 checksum=41625
sample phase=query index=hnsw-cosine bits=- ef=60 query=9 wall_ms=0.184 checksum=41236
sample phase=query index=hnsw-cosine bits=- ef=60 query=10 wall_ms=0.189 checksum=45860
sample phase=query index=hnsw-cosine bits=- ef=60 query=11 wall_ms=0.191 checksum=49684
sample phase=query index=hnsw-cosine bits=- ef=60 query=12 wall_ms=0.205 checksum=25110
sample phase=query index=hnsw-cosine bits=- ef=60 query=13 wall_ms=0.209 checksum=29493
sample phase=query index=hnsw-cosine bits=- ef=60 query=14 wall_ms=0.194 checksum=41124
sample phase=query index=hnsw-cosine bits=- ef=60 query=15 wall_ms=0.242 checksum=36186
sample phase=query index=hnsw-cosine bits=- ef=60 query=16 wall_ms=0.269 checksum=41150
sample phase=query index=hnsw-cosine bits=- ef=60 query=17 wall_ms=0.221 checksum=46526
sample phase=query index=hnsw-cosine bits=- ef=60 query=18 wall_ms=0.257 checksum=47244
sample phase=query index=hnsw-cosine bits=- ef=60 query=19 wall_ms=0.239 checksum=39103
sample phase=query index=hnsw-cosine bits=- ef=60 query=20 wall_ms=0.245 checksum=57273
sample phase=query index=hnsw-cosine bits=- ef=60 query=21 wall_ms=0.216 checksum=29882
sample phase=query index=hnsw-cosine bits=- ef=60 query=22 wall_ms=0.217 checksum=29319
sample phase=query index=hnsw-cosine bits=- ef=60 query=23 wall_ms=0.295 checksum=54644
sample phase=query index=hnsw-cosine bits=- ef=60 query=24 wall_ms=0.255 checksum=30272
sample phase=query index=hnsw-cosine bits=- ef=60 query=25 wall_ms=0.196 checksum=30358
sample phase=query index=hnsw-cosine bits=- ef=60 query=26 wall_ms=0.223 checksum=43307
sample phase=query index=hnsw-cosine bits=- ef=60 query=27 wall_ms=0.197 checksum=32142
sample phase=query index=hnsw-cosine bits=- ef=60 query=28 wall_ms=0.209 checksum=56406
sample phase=query index=hnsw-cosine bits=- ef=60 query=29 wall_ms=0.223 checksum=37002
sample phase=query index=hnsw-cosine bits=- ef=60 query=30 wall_ms=0.206 checksum=38220
sample phase=query index=hnsw-cosine bits=- ef=60 query=31 wall_ms=0.231 checksum=30730
sample phase=query index=hnsw-cosine bits=- ef=60 query=32 wall_ms=0.217 checksum=33453
sample phase=query index=hnsw-cosine bits=- ef=60 query=33 wall_ms=0.186 checksum=45204
sample phase=query index=hnsw-cosine bits=- ef=60 query=34 wall_ms=0.209 checksum=41849
sample phase=query index=hnsw-cosine bits=- ef=60 query=35 wall_ms=0.205 checksum=35318
sample phase=query index=hnsw-cosine bits=- ef=60 query=36 wall_ms=0.264 checksum=44343
sample phase=query index=hnsw-cosine bits=- ef=60 query=37 wall_ms=0.192 checksum=34646
sample phase=query index=hnsw-cosine bits=- ef=60 query=38 wall_ms=0.234 checksum=55449
sample phase=query index=hnsw-cosine bits=- ef=60 query=39 wall_ms=0.183 checksum=47721
sample phase=query index=hnsw-cosine bits=- ef=60 query=40 wall_ms=0.196 checksum=43540
sample phase=query index=hnsw-cosine bits=- ef=60 query=41 wall_ms=0.188 checksum=36209
sample phase=query index=hnsw-cosine bits=- ef=60 query=42 wall_ms=0.179 checksum=41917
sample phase=query index=hnsw-cosine bits=- ef=60 query=43 wall_ms=0.182 checksum=61902
sample phase=query index=hnsw-cosine bits=- ef=60 query=44 wall_ms=0.189 checksum=44989
sample phase=query index=hnsw-cosine bits=- ef=60 query=45 wall_ms=0.200 checksum=46440
sample phase=query index=hnsw-cosine bits=- ef=60 query=46 wall_ms=0.175 checksum=30788
sample phase=query index=hnsw-cosine bits=- ef=60 query=47 wall_ms=0.185 checksum=64381
sample phase=query index=hnsw-cosine bits=- ef=60 query=48 wall_ms=0.208 checksum=42393
sample phase=query index=hnsw-cosine bits=- ef=60 query=49 wall_ms=0.194 checksum=45372
search index=hnsw-cosine bits=- ef=60 median_ms_per_query=0.205 p95_ms_per_query=0.264 qps=4881.919 cpu_ms_per_query=0.205 cpu_qps=4881.859 recall_at_10=0.274 checksum=12612892
sample phase=batch index=hnsw-cosine bits=- ef=100 trial=0 wall_ms=15.717 cpu_ms=15.712 checksum=2156630
sample phase=batch index=hnsw-cosine bits=- ef=100 trial=1 wall_ms=15.622 cpu_ms=15.610 checksum=2156631
sample phase=batch index=hnsw-cosine bits=- ef=100 trial=2 wall_ms=15.569 cpu_ms=15.570 checksum=2156632
sample phase=batch index=hnsw-cosine bits=- ef=100 trial=3 wall_ms=15.724 cpu_ms=15.725 checksum=2156633
sample phase=batch index=hnsw-cosine bits=- ef=100 trial=4 wall_ms=16.234 cpu_ms=16.219 checksum=2156634
sample phase=query index=hnsw-cosine bits=- ef=100 query=0 wall_ms=0.394 checksum=49198
sample phase=query index=hnsw-cosine bits=- ef=100 query=1 wall_ms=0.305 checksum=37076
sample phase=query index=hnsw-cosine bits=- ef=100 query=2 wall_ms=0.377 checksum=63719
sample phase=query index=hnsw-cosine bits=- ef=100 query=3 wall_ms=0.386 checksum=52207
sample phase=query index=hnsw-cosine bits=- ef=100 query=4 wall_ms=0.375 checksum=35023
sample phase=query index=hnsw-cosine bits=- ef=100 query=5 wall_ms=0.334 checksum=54870
sample phase=query index=hnsw-cosine bits=- ef=100 query=6 wall_ms=0.310 checksum=42332
sample phase=query index=hnsw-cosine bits=- ef=100 query=7 wall_ms=0.298 checksum=43131
sample phase=query index=hnsw-cosine bits=- ef=100 query=8 wall_ms=0.312 checksum=52632
sample phase=query index=hnsw-cosine bits=- ef=100 query=9 wall_ms=0.305 checksum=56464
sample phase=query index=hnsw-cosine bits=- ef=100 query=10 wall_ms=0.333 checksum=44063
sample phase=query index=hnsw-cosine bits=- ef=100 query=11 wall_ms=0.288 checksum=50511
sample phase=query index=hnsw-cosine bits=- ef=100 query=12 wall_ms=0.285 checksum=28885
sample phase=query index=hnsw-cosine bits=- ef=100 query=13 wall_ms=0.302 checksum=35850
sample phase=query index=hnsw-cosine bits=- ef=100 query=14 wall_ms=0.294 checksum=37256
sample phase=query index=hnsw-cosine bits=- ef=100 query=15 wall_ms=0.319 checksum=34418
sample phase=query index=hnsw-cosine bits=- ef=100 query=16 wall_ms=0.289 checksum=43806
sample phase=query index=hnsw-cosine bits=- ef=100 query=17 wall_ms=0.317 checksum=49413
sample phase=query index=hnsw-cosine bits=- ef=100 query=18 wall_ms=0.305 checksum=46039
sample phase=query index=hnsw-cosine bits=- ef=100 query=19 wall_ms=0.299 checksum=43411
sample phase=query index=hnsw-cosine bits=- ef=100 query=20 wall_ms=0.297 checksum=54696
sample phase=query index=hnsw-cosine bits=- ef=100 query=21 wall_ms=0.297 checksum=35218
sample phase=query index=hnsw-cosine bits=- ef=100 query=22 wall_ms=0.268 checksum=29721
sample phase=query index=hnsw-cosine bits=- ef=100 query=23 wall_ms=0.310 checksum=55627
sample phase=query index=hnsw-cosine bits=- ef=100 query=24 wall_ms=0.286 checksum=42904
sample phase=query index=hnsw-cosine bits=- ef=100 query=25 wall_ms=0.275 checksum=35980
sample phase=query index=hnsw-cosine bits=- ef=100 query=26 wall_ms=0.270 checksum=44163
sample phase=query index=hnsw-cosine bits=- ef=100 query=27 wall_ms=0.270 checksum=43481
sample phase=query index=hnsw-cosine bits=- ef=100 query=28 wall_ms=0.264 checksum=52606
sample phase=query index=hnsw-cosine bits=- ef=100 query=29 wall_ms=0.319 checksum=35237
sample phase=query index=hnsw-cosine bits=- ef=100 query=30 wall_ms=0.304 checksum=34174
sample phase=query index=hnsw-cosine bits=- ef=100 query=31 wall_ms=0.323 checksum=38650
sample phase=query index=hnsw-cosine bits=- ef=100 query=32 wall_ms=0.325 checksum=34400
sample phase=query index=hnsw-cosine bits=- ef=100 query=33 wall_ms=0.300 checksum=41498
sample phase=query index=hnsw-cosine bits=- ef=100 query=34 wall_ms=0.276 checksum=40701
sample phase=query index=hnsw-cosine bits=- ef=100 query=35 wall_ms=0.333 checksum=32376
sample phase=query index=hnsw-cosine bits=- ef=100 query=36 wall_ms=0.311 checksum=49089
sample phase=query index=hnsw-cosine bits=- ef=100 query=37 wall_ms=0.266 checksum=41526
sample phase=query index=hnsw-cosine bits=- ef=100 query=38 wall_ms=0.281 checksum=55645
sample phase=query index=hnsw-cosine bits=- ef=100 query=39 wall_ms=0.293 checksum=51139
sample phase=query index=hnsw-cosine bits=- ef=100 query=40 wall_ms=0.264 checksum=32835
sample phase=query index=hnsw-cosine bits=- ef=100 query=41 wall_ms=0.316 checksum=30460
sample phase=query index=hnsw-cosine bits=- ef=100 query=42 wall_ms=0.300 checksum=42051
sample phase=query index=hnsw-cosine bits=- ef=100 query=43 wall_ms=0.284 checksum=59751
sample phase=query index=hnsw-cosine bits=- ef=100 query=44 wall_ms=0.312 checksum=32576
sample phase=query index=hnsw-cosine bits=- ef=100 query=45 wall_ms=0.344 checksum=33548
sample phase=query index=hnsw-cosine bits=- ef=100 query=46 wall_ms=0.350 checksum=38762
sample phase=query index=hnsw-cosine bits=- ef=100 query=47 wall_ms=0.543 checksum=53137
sample phase=query index=hnsw-cosine bits=- ef=100 query=48 wall_ms=0.404 checksum=40003
sample phase=query index=hnsw-cosine bits=- ef=100 query=49 wall_ms=0.599 checksum=44372
search index=hnsw-cosine bits=- ef=100 median_ms_per_query=0.314 p95_ms_per_query=0.404 qps=3181.294 cpu_ms_per_query=0.314 cpu_qps=3182.281 recall_at_10=0.414 checksum=12939790
sample phase=batch index=hnsw-cosine bits=- ef=200 trial=0 wall_ms=27.513 cpu_ms=27.515 checksum=2253527
sample phase=batch index=hnsw-cosine bits=- ef=200 trial=1 wall_ms=26.759 cpu_ms=26.749 checksum=2253528
sample phase=batch index=hnsw-cosine bits=- ef=200 trial=2 wall_ms=27.054 cpu_ms=27.055 checksum=2253529
sample phase=batch index=hnsw-cosine bits=- ef=200 trial=3 wall_ms=27.128 cpu_ms=27.087 checksum=2253530
sample phase=batch index=hnsw-cosine bits=- ef=200 trial=4 wall_ms=26.151 cpu_ms=26.144 checksum=2253531
sample phase=query index=hnsw-cosine bits=- ef=200 query=0 wall_ms=0.522 checksum=64102
sample phase=query index=hnsw-cosine bits=- ef=200 query=1 wall_ms=0.613 checksum=56930
sample phase=query index=hnsw-cosine bits=- ef=200 query=2 wall_ms=0.676 checksum=65779
sample phase=query index=hnsw-cosine bits=- ef=200 query=3 wall_ms=0.602 checksum=42390
sample phase=query index=hnsw-cosine bits=- ef=200 query=4 wall_ms=0.581 checksum=43196
sample phase=query index=hnsw-cosine bits=- ef=200 query=5 wall_ms=0.525 checksum=60862
sample phase=query index=hnsw-cosine bits=- ef=200 query=6 wall_ms=0.577 checksum=47673
sample phase=query index=hnsw-cosine bits=- ef=200 query=7 wall_ms=0.592 checksum=34297
sample phase=query index=hnsw-cosine bits=- ef=200 query=8 wall_ms=0.534 checksum=52714
sample phase=query index=hnsw-cosine bits=- ef=200 query=9 wall_ms=0.509 checksum=54048
sample phase=query index=hnsw-cosine bits=- ef=200 query=10 wall_ms=0.507 checksum=59292
sample phase=query index=hnsw-cosine bits=- ef=200 query=11 wall_ms=0.505 checksum=56011
sample phase=query index=hnsw-cosine bits=- ef=200 query=12 wall_ms=0.495 checksum=34344
sample phase=query index=hnsw-cosine bits=- ef=200 query=13 wall_ms=0.518 checksum=36032
sample phase=query index=hnsw-cosine bits=- ef=200 query=14 wall_ms=0.545 checksum=33404
sample phase=query index=hnsw-cosine bits=- ef=200 query=15 wall_ms=0.548 checksum=31419
sample phase=query index=hnsw-cosine bits=- ef=200 query=16 wall_ms=0.556 checksum=39573
sample phase=query index=hnsw-cosine bits=- ef=200 query=17 wall_ms=0.539 checksum=49700
sample phase=query index=hnsw-cosine bits=- ef=200 query=18 wall_ms=0.508 checksum=40439
sample phase=query index=hnsw-cosine bits=- ef=200 query=19 wall_ms=0.500 checksum=41704
sample phase=query index=hnsw-cosine bits=- ef=200 query=20 wall_ms=0.496 checksum=47662
sample phase=query index=hnsw-cosine bits=- ef=200 query=21 wall_ms=0.489 checksum=40728
sample phase=query index=hnsw-cosine bits=- ef=200 query=22 wall_ms=0.563 checksum=34923
sample phase=query index=hnsw-cosine bits=- ef=200 query=23 wall_ms=0.574 checksum=54237
sample phase=query index=hnsw-cosine bits=- ef=200 query=24 wall_ms=0.558 checksum=31214
sample phase=query index=hnsw-cosine bits=- ef=200 query=25 wall_ms=0.517 checksum=35450
sample phase=query index=hnsw-cosine bits=- ef=200 query=26 wall_ms=0.489 checksum=59023
sample phase=query index=hnsw-cosine bits=- ef=200 query=27 wall_ms=0.500 checksum=55206
sample phase=query index=hnsw-cosine bits=- ef=200 query=28 wall_ms=0.481 checksum=53247
sample phase=query index=hnsw-cosine bits=- ef=200 query=29 wall_ms=0.510 checksum=38790
sample phase=query index=hnsw-cosine bits=- ef=200 query=30 wall_ms=0.525 checksum=37466
sample phase=query index=hnsw-cosine bits=- ef=200 query=31 wall_ms=0.542 checksum=42989
sample phase=query index=hnsw-cosine bits=- ef=200 query=32 wall_ms=0.650 checksum=31747
sample phase=query index=hnsw-cosine bits=- ef=200 query=33 wall_ms=0.619 checksum=47497
sample phase=query index=hnsw-cosine bits=- ef=200 query=34 wall_ms=0.545 checksum=46623
sample phase=query index=hnsw-cosine bits=- ef=200 query=35 wall_ms=0.524 checksum=39938
sample phase=query index=hnsw-cosine bits=- ef=200 query=36 wall_ms=0.520 checksum=46204
sample phase=query index=hnsw-cosine bits=- ef=200 query=37 wall_ms=0.577 checksum=37343
sample phase=query index=hnsw-cosine bits=- ef=200 query=38 wall_ms=0.606 checksum=50640
sample phase=query index=hnsw-cosine bits=- ef=200 query=39 wall_ms=0.569 checksum=51552
sample phase=query index=hnsw-cosine bits=- ef=200 query=40 wall_ms=0.530 checksum=23757
sample phase=query index=hnsw-cosine bits=- ef=200 query=41 wall_ms=0.514 checksum=35222
sample phase=query index=hnsw-cosine bits=- ef=200 query=42 wall_ms=0.520 checksum=50799
sample phase=query index=hnsw-cosine bits=- ef=200 query=43 wall_ms=0.514 checksum=53549
sample phase=query index=hnsw-cosine bits=- ef=200 query=44 wall_ms=0.531 checksum=36169
sample phase=query index=hnsw-cosine bits=- ef=200 query=45 wall_ms=0.528 checksum=31811
sample phase=query index=hnsw-cosine bits=- ef=200 query=46 wall_ms=0.510 checksum=43166
sample phase=query index=hnsw-cosine bits=- ef=200 query=47 wall_ms=0.530 checksum=58472
sample phase=query index=hnsw-cosine bits=- ef=200 query=48 wall_ms=0.524 checksum=46419
sample phase=query index=hnsw-cosine bits=- ef=200 query=49 wall_ms=0.502 checksum=47775
search index=hnsw-cosine bits=- ef=200 median_ms_per_query=0.541 p95_ms_per_query=0.619 qps=1848.153 cpu_ms_per_query=0.541 cpu_qps=1848.087 recall_at_10=0.624 checksum=13521172
sample phase=batch index=hnsw-cosine bits=- ef=400 trial=0 wall_ms=45.773 cpu_ms=45.766 checksum=2256696
sample phase=batch index=hnsw-cosine bits=- ef=400 trial=1 wall_ms=45.051 cpu_ms=45.009 checksum=2256697
sample phase=batch index=hnsw-cosine bits=- ef=400 trial=2 wall_ms=49.352 cpu_ms=49.195 checksum=2256698
sample phase=batch index=hnsw-cosine bits=- ef=400 trial=3 wall_ms=53.520 cpu_ms=53.432 checksum=2256699
sample phase=batch index=hnsw-cosine bits=- ef=400 trial=4 wall_ms=53.447 cpu_ms=53.251 checksum=2256700
sample phase=query index=hnsw-cosine bits=- ef=400 query=0 wall_ms=1.463 checksum=47601
sample phase=query index=hnsw-cosine bits=- ef=400 query=1 wall_ms=1.271 checksum=54757
sample phase=query index=hnsw-cosine bits=- ef=400 query=2 wall_ms=1.257 checksum=66058
sample phase=query index=hnsw-cosine bits=- ef=400 query=3 wall_ms=1.195 checksum=47706
sample phase=query index=hnsw-cosine bits=- ef=400 query=4 wall_ms=1.168 checksum=47693
sample phase=query index=hnsw-cosine bits=- ef=400 query=5 wall_ms=1.248 checksum=60483
sample phase=query index=hnsw-cosine bits=- ef=400 query=6 wall_ms=1.404 checksum=34789
sample phase=query index=hnsw-cosine bits=- ef=400 query=7 wall_ms=1.157 checksum=42050
sample phase=query index=hnsw-cosine bits=- ef=400 query=8 wall_ms=1.059 checksum=47739
sample phase=query index=hnsw-cosine bits=- ef=400 query=9 wall_ms=1.072 checksum=48623
sample phase=query index=hnsw-cosine bits=- ef=400 query=10 wall_ms=1.087 checksum=51452
sample phase=query index=hnsw-cosine bits=- ef=400 query=11 wall_ms=1.486 checksum=40223
sample phase=query index=hnsw-cosine bits=- ef=400 query=12 wall_ms=1.167 checksum=46910
sample phase=query index=hnsw-cosine bits=- ef=400 query=13 wall_ms=1.401 checksum=36032
sample phase=query index=hnsw-cosine bits=- ef=400 query=14 wall_ms=1.242 checksum=37938
sample phase=query index=hnsw-cosine bits=- ef=400 query=15 wall_ms=1.214 checksum=48233
sample phase=query index=hnsw-cosine bits=- ef=400 query=16 wall_ms=1.274 checksum=39573
sample phase=query index=hnsw-cosine bits=- ef=400 query=17 wall_ms=1.181 checksum=45716
sample phase=query index=hnsw-cosine bits=- ef=400 query=18 wall_ms=1.215 checksum=35930
sample phase=query index=hnsw-cosine bits=- ef=400 query=19 wall_ms=1.078 checksum=52606
sample phase=query index=hnsw-cosine bits=- ef=400 query=20 wall_ms=1.167 checksum=48567
sample phase=query index=hnsw-cosine bits=- ef=400 query=21 wall_ms=1.119 checksum=52544
sample phase=query index=hnsw-cosine bits=- ef=400 query=22 wall_ms=1.182 checksum=35599
sample phase=query index=hnsw-cosine bits=- ef=400 query=23 wall_ms=1.164 checksum=50067
sample phase=query index=hnsw-cosine bits=- ef=400 query=24 wall_ms=1.488 checksum=30443
sample phase=query index=hnsw-cosine bits=- ef=400 query=25 wall_ms=1.604 checksum=35450
sample phase=query index=hnsw-cosine bits=- ef=400 query=26 wall_ms=1.281 checksum=48905
sample phase=query index=hnsw-cosine bits=- ef=400 query=27 wall_ms=1.251 checksum=61386
sample phase=query index=hnsw-cosine bits=- ef=400 query=28 wall_ms=1.225 checksum=67328
sample phase=query index=hnsw-cosine bits=- ef=400 query=29 wall_ms=1.228 checksum=39798
sample phase=query index=hnsw-cosine bits=- ef=400 query=30 wall_ms=1.186 checksum=42024
sample phase=query index=hnsw-cosine bits=- ef=400 query=31 wall_ms=1.172 checksum=42989
sample phase=query index=hnsw-cosine bits=- ef=400 query=32 wall_ms=1.147 checksum=33146
sample phase=query index=hnsw-cosine bits=- ef=400 query=33 wall_ms=1.135 checksum=41018
sample phase=query index=hnsw-cosine bits=- ef=400 query=34 wall_ms=1.105 checksum=42072
sample phase=query index=hnsw-cosine bits=- ef=400 query=35 wall_ms=1.007 checksum=32637
sample phase=query index=hnsw-cosine bits=- ef=400 query=36 wall_ms=0.926 checksum=53235
sample phase=query index=hnsw-cosine bits=- ef=400 query=37 wall_ms=0.952 checksum=37343
sample phase=query index=hnsw-cosine bits=- ef=400 query=38 wall_ms=1.114 checksum=33622
sample phase=query index=hnsw-cosine bits=- ef=400 query=39 wall_ms=1.327 checksum=57974
sample phase=query index=hnsw-cosine bits=- ef=400 query=40 wall_ms=1.176 checksum=23757
sample phase=query index=hnsw-cosine bits=- ef=400 query=41 wall_ms=1.211 checksum=40840
sample phase=query index=hnsw-cosine bits=- ef=400 query=42 wall_ms=1.058 checksum=51914
sample phase=query index=hnsw-cosine bits=- ef=400 query=43 wall_ms=1.007 checksum=53549
sample phase=query index=hnsw-cosine bits=- ef=400 query=44 wall_ms=1.207 checksum=38930
sample phase=query index=hnsw-cosine bits=- ef=400 query=45 wall_ms=1.186 checksum=24207
sample phase=query index=hnsw-cosine bits=- ef=400 query=46 wall_ms=1.144 checksum=50421
sample phase=query index=hnsw-cosine bits=- ef=400 query=47 wall_ms=1.119 checksum=61582
sample phase=query index=hnsw-cosine bits=- ef=400 query=48 wall_ms=1.122 checksum=45312
sample phase=query index=hnsw-cosine bits=- ef=400 query=49 wall_ms=1.077 checksum=47925
search index=hnsw-cosine bits=- ef=400 median_ms_per_query=0.987 p95_ms_per_query=1.486 qps=1013.132 cpu_ms_per_query=0.984 cpu_qps=1016.363 recall_at_10=0.828 checksum=13540186
