turboquant_benchmark toolchain_identifier=org.swift.64202607231a
turboquant_benchmark compiler=Apple_Swift_version_6.4-dev_(LLVM_264fd65923c28d9,_Swift_ef761e567dc94ee)_Target:_arm64-apple-macosx27.0.0_Build_config:_+assertions
turboquant_benchmark comparison=HNSW cosine vs TurboQuant MSE and product objectives
turboquant_benchmark run_id=2026-07-31-d768-isolated-product5
turboquant_benchmark source_revision=a1f7ec0a847fd871a32af13b7c89a2e5b7ee67bd
turboquant_benchmark source_state=dirty
turboquant_benchmark measurement_mode=isolated target=turboquant-product-5

case=n10k-d768 n=10000 d=768 q=50 k=10
build index=turboquant-product bits=5 ms=6988.820 input_vector_bytes=30720000 retained_packed_record_bytes=6120000 shared_projection_bytes=2359296
sample phase=batch index=turboquant-product bits=5 ef=10 trial=0 wall_ms=8.405 cpu_ms=8.372 checksum=2130633
sample phase=batch index=turboquant-product bits=5 ef=10 trial=1 wall_ms=8.146 cpu_ms=8.134 checksum=2130634
sample phase=batch index=turboquant-product bits=5 ef=10 trial=2 wall_ms=8.507 cpu_ms=8.507 checksum=2130635
sample phase=batch index=turboquant-product bits=5 ef=10 trial=3 wall_ms=7.798 cpu_ms=7.788 checksum=2130636
sample phase=batch index=turboquant-product bits=5 ef=10 trial=4 wall_ms=8.716 cpu_ms=8.706 checksum=2130637
sample phase=query index=turboquant-product bits=5 ef=10 query=0 wall_ms=0.142 checksum=54716
sample phase=query index=turboquant-product bits=5 ef=10 query=1 wall_ms=0.140 checksum=47241
sample phase=query index=turboquant-product bits=5 ef=10 query=2 wall_ms=0.152 checksum=46464
sample phase=query index=turboquant-product bits=5 ef=10 query=3 wall_ms=0.159 checksum=33695
sample phase=query index=turboquant-product bits=5 ef=10 query=4 wall_ms=0.138 checksum=32937
sample phase=query index=turboquant-product bits=5 ef=10 query=5 wall_ms=0.168 checksum=43201
sample phase=query index=turboquant-product bits=5 ef=10 query=6 wall_ms=0.153 checksum=40438
sample phase=query index=turboquant-product bits=5 ef=10 query=7 wall_ms=0.156 checksum=43572
sample phase=query index=turboquant-product bits=5 ef=10 query=8 wall_ms=0.156 checksum=28116
sample phase=query index=turboquant-product bits=5 ef=10 query=9 wall_ms=0.182 checksum=47730
sample phase=query index=turboquant-product bits=5 ef=10 query=10 wall_ms=0.171 checksum=27123
sample phase=query index=turboquant-product bits=5 ef=10 query=11 wall_ms=0.158 checksum=42531
sample phase=query index=turboquant-product bits=5 ef=10 query=12 wall_ms=0.137 checksum=43478
sample phase=query index=turboquant-product bits=5 ef=10 query=13 wall_ms=0.177 checksum=55933
sample phase=query index=turboquant-product bits=5 ef=10 query=14 wall_ms=0.167 checksum=40032
sample phase=query index=turboquant-product bits=5 ef=10 query=15 wall_ms=0.152 checksum=40868
sample phase=query index=turboquant-product bits=5 ef=10 query=16 wall_ms=0.149 checksum=44098
sample phase=query index=turboquant-product bits=5 ef=10 query=17 wall_ms=0.171 checksum=57933
sample phase=query index=turboquant-product bits=5 ef=10 query=18 wall_ms=0.169 checksum=40873
sample phase=query index=turboquant-product bits=5 ef=10 query=19 wall_ms=0.140 checksum=34811
sample phase=query index=turboquant-product bits=5 ef=10 query=20 wall_ms=0.177 checksum=45117
sample phase=query index=turboquant-product bits=5 ef=10 query=21 wall_ms=0.140 checksum=44910
sample phase=query index=turboquant-product bits=5 ef=10 query=22 wall_ms=0.160 checksum=29051
sample phase=query index=turboquant-product bits=5 ef=10 query=23 wall_ms=0.169 checksum=56426
sample phase=query index=turboquant-product bits=5 ef=10 query=24 wall_ms=0.143 checksum=49657
sample phase=query index=turboquant-product bits=5 ef=10 query=25 wall_ms=0.162 checksum=26550
sample phase=query index=turboquant-product bits=5 ef=10 query=26 wall_ms=0.132 checksum=40356
sample phase=query index=turboquant-product bits=5 ef=10 query=27 wall_ms=0.145 checksum=52159
sample phase=query index=turboquant-product bits=5 ef=10 query=28 wall_ms=0.141 checksum=35647
sample phase=query index=turboquant-product bits=5 ef=10 query=29 wall_ms=0.155 checksum=32786
sample phase=query index=turboquant-product bits=5 ef=10 query=30 wall_ms=0.144 checksum=39779
sample phase=query index=turboquant-product bits=5 ef=10 query=31 wall_ms=0.174 checksum=48245
sample phase=query index=turboquant-product bits=5 ef=10 query=32 wall_ms=0.135 checksum=52226
sample phase=query index=turboquant-product bits=5 ef=10 query=33 wall_ms=0.151 checksum=27129
sample phase=query index=turboquant-product bits=5 ef=10 query=34 wall_ms=0.157 checksum=38726
sample phase=query index=turboquant-product bits=5 ef=10 query=35 wall_ms=0.132 checksum=33577
sample phase=query index=turboquant-product bits=5 ef=10 query=36 wall_ms=0.214 checksum=39685
sample phase=query index=turboquant-product bits=5 ef=10 query=37 wall_ms=0.203 checksum=27103
sample phase=query index=turboquant-product bits=5 ef=10 query=38 wall_ms=0.151 checksum=51488
sample phase=query index=turboquant-product bits=5 ef=10 query=39 wall_ms=0.178 checksum=57489
sample phase=query index=turboquant-product bits=5 ef=10 query=40 wall_ms=0.156 checksum=45536
sample phase=query index=turboquant-product bits=5 ef=10 query=41 wall_ms=0.201 checksum=45319
sample phase=query index=turboquant-product bits=5 ef=10 query=42 wall_ms=0.139 checksum=52755
sample phase=query index=turboquant-product bits=5 ef=10 query=43 wall_ms=0.133 checksum=55341
sample phase=query index=turboquant-product bits=5 ef=10 query=44 wall_ms=0.156 checksum=47987
sample phase=query index=turboquant-product bits=5 ef=10 query=45 wall_ms=0.160 checksum=39662
sample phase=query index=turboquant-product bits=5 ef=10 query=46 wall_ms=0.159 checksum=29337
sample phase=query index=turboquant-product bits=5 ef=10 query=47 wall_ms=0.159 checksum=52628
sample phase=query index=turboquant-product bits=5 ef=10 query=48 wall_ms=0.153 checksum=52607
sample phase=query index=turboquant-product bits=5 ef=10 query=49 wall_ms=0.152 checksum=35565
search index=turboquant-product bits=5 ef=10 median_ms_per_query=0.168 p95_ms_per_query=0.201 qps=5949.017 cpu_ms_per_query=0.167 cpu_qps=5972.289 recall_at_10=0.082 checksum=12783808
sample phase=batch index=turboquant-product bits=5 ef=20 trial=0 wall_ms=12.401 cpu_ms=12.308 checksum=2165943
sample phase=batch index=turboquant-product bits=5 ef=20 trial=1 wall_ms=12.690 cpu_ms=12.616 checksum=2165944
sample phase=batch index=turboquant-product bits=5 ef=20 trial=2 wall_ms=13.032 cpu_ms=12.930 checksum=2165945
sample phase=batch index=turboquant-product bits=5 ef=20 trial=3 wall_ms=13.650 cpu_ms=13.565 checksum=2165946
sample phase=batch index=turboquant-product bits=5 ef=20 trial=4 wall_ms=12.750 cpu_ms=12.695 checksum=2165947
sample phase=query index=turboquant-product bits=5 ef=20 query=0 wall_ms=0.308 checksum=57233
sample phase=query index=turboquant-product bits=5 ef=20 query=1 wall_ms=0.222 checksum=41694
sample phase=query index=turboquant-product bits=5 ef=20 query=2 wall_ms=0.280 checksum=51867
sample phase=query index=turboquant-product bits=5 ef=20 query=3 wall_ms=0.288 checksum=30826
sample phase=query index=turboquant-product bits=5 ef=20 query=4 wall_ms=0.276 checksum=21123
sample phase=query index=turboquant-product bits=5 ef=20 query=5 wall_ms=0.274 checksum=48196
sample phase=query index=turboquant-product bits=5 ef=20 query=6 wall_ms=0.204 checksum=45269
sample phase=query index=turboquant-product bits=5 ef=20 query=7 wall_ms=0.208 checksum=38210
sample phase=query index=turboquant-product bits=5 ef=20 query=8 wall_ms=0.249 checksum=40406
sample phase=query index=turboquant-product bits=5 ef=20 query=9 wall_ms=0.263 checksum=51575
sample phase=query index=turboquant-product bits=5 ef=20 query=10 wall_ms=0.259 checksum=29376
sample phase=query index=turboquant-product bits=5 ef=20 query=11 wall_ms=0.258 checksum=28536
sample phase=query index=turboquant-product bits=5 ef=20 query=12 wall_ms=0.246 checksum=43221
sample phase=query index=turboquant-product bits=5 ef=20 query=13 wall_ms=0.254 checksum=44656
sample phase=query index=turboquant-product bits=5 ef=20 query=14 wall_ms=0.259 checksum=40032
sample phase=query index=turboquant-product bits=5 ef=20 query=15 wall_ms=0.298 checksum=25803
sample phase=query index=turboquant-product bits=5 ef=20 query=16 wall_ms=0.265 checksum=34060
sample phase=query index=turboquant-product bits=5 ef=20 query=17 wall_ms=0.246 checksum=48925
sample phase=query index=turboquant-product bits=5 ef=20 query=18 wall_ms=0.330 checksum=33885
sample phase=query index=turboquant-product bits=5 ef=20 query=19 wall_ms=0.290 checksum=42689
sample phase=query index=turboquant-product bits=5 ef=20 query=20 wall_ms=0.285 checksum=49734
sample phase=query index=turboquant-product bits=5 ef=20 query=21 wall_ms=0.287 checksum=42565
sample phase=query index=turboquant-product bits=5 ef=20 query=22 wall_ms=0.211 checksum=35085
sample phase=query index=turboquant-product bits=5 ef=20 query=23 wall_ms=0.216 checksum=59334
sample phase=query index=turboquant-product bits=5 ef=20 query=24 wall_ms=0.197 checksum=53801
sample phase=query index=turboquant-product bits=5 ef=20 query=25 wall_ms=0.211 checksum=26550
sample phase=query index=turboquant-product bits=5 ef=20 query=26 wall_ms=0.210 checksum=52080
sample phase=query index=turboquant-product bits=5 ef=20 query=27 wall_ms=0.230 checksum=37073
sample phase=query index=turboquant-product bits=5 ef=20 query=28 wall_ms=0.253 checksum=43890
sample phase=query index=turboquant-product bits=5 ef=20 query=29 wall_ms=0.269 checksum=33093
sample phase=query index=turboquant-product bits=5 ef=20 query=30 wall_ms=0.256 checksum=41163
sample phase=query index=turboquant-product bits=5 ef=20 query=31 wall_ms=0.228 checksum=49841
sample phase=query index=turboquant-product bits=5 ef=20 query=32 wall_ms=0.198 checksum=64095
sample phase=query index=turboquant-product bits=5 ef=20 query=33 wall_ms=0.192 checksum=40477
sample phase=query index=turboquant-product bits=5 ef=20 query=34 wall_ms=0.224 checksum=44018
sample phase=query index=turboquant-product bits=5 ef=20 query=35 wall_ms=0.227 checksum=35396
sample phase=query index=turboquant-product bits=5 ef=20 query=36 wall_ms=0.258 checksum=35245
sample phase=query index=turboquant-product bits=5 ef=20 query=37 wall_ms=0.279 checksum=28847
sample phase=query index=turboquant-product bits=5 ef=20 query=38 wall_ms=0.244 checksum=56879
sample phase=query index=turboquant-product bits=5 ef=20 query=39 wall_ms=0.207 checksum=57489
sample phase=query index=turboquant-product bits=5 ef=20 query=40 wall_ms=0.225 checksum=47158
sample phase=query index=turboquant-product bits=5 ef=20 query=41 wall_ms=0.280 checksum=52167
sample phase=query index=turboquant-product bits=5 ef=20 query=42 wall_ms=0.227 checksum=43687
sample phase=query index=turboquant-product bits=5 ef=20 query=43 wall_ms=0.200 checksum=60277
sample phase=query index=turboquant-product bits=5 ef=20 query=44 wall_ms=0.280 checksum=36588
sample phase=query index=turboquant-product bits=5 ef=20 query=45 wall_ms=0.214 checksum=55846
sample phase=query index=turboquant-product bits=5 ef=20 query=46 wall_ms=0.270 checksum=36975
sample phase=query index=turboquant-product bits=5 ef=20 query=47 wall_ms=0.221 checksum=53179
sample phase=query index=turboquant-product bits=5 ef=20 query=48 wall_ms=0.243 checksum=52689
sample phase=query index=turboquant-product bits=5 ef=20 query=49 wall_ms=0.302 checksum=43140
search index=turboquant-product bits=5 ef=20 median_ms_per_query=0.255 p95_ms_per_query=0.302 qps=3921.594 cpu_ms_per_query=0.254 cpu_qps=3938.558 recall_at_10=0.150 checksum=12995668
sample phase=batch index=turboquant-product bits=5 ef=40 trial=0 wall_ms=29.451 cpu_ms=29.217 checksum=2064910
sample phase=batch index=turboquant-product bits=5 ef=40 trial=1 wall_ms=29.235 cpu_ms=29.187 checksum=2064911
sample phase=batch index=turboquant-product bits=5 ef=40 trial=2 wall_ms=27.743 cpu_ms=27.687 checksum=2064912
sample phase=batch index=turboquant-product bits=5 ef=40 trial=3 wall_ms=27.524 cpu_ms=27.525 checksum=2064913
sample phase=batch index=turboquant-product bits=5 ef=40 trial=4 wall_ms=30.478 cpu_ms=30.176 checksum=2064914
sample phase=query index=turboquant-product bits=5 ef=40 query=0 wall_ms=0.593 checksum=56602
sample phase=query index=turboquant-product bits=5 ef=40 query=1 wall_ms=0.623 checksum=22362
sample phase=query index=turboquant-product bits=5 ef=40 query=2 wall_ms=0.550 checksum=47809
sample phase=query index=turboquant-product bits=5 ef=40 query=3 wall_ms=0.584 checksum=36849
sample phase=query index=turboquant-product bits=5 ef=40 query=4 wall_ms=0.570 checksum=33648
sample phase=query index=turboquant-product bits=5 ef=40 query=5 wall_ms=0.545 checksum=43831
sample phase=query index=turboquant-product bits=5 ef=40 query=6 wall_ms=0.644 checksum=50632
sample phase=query index=turboquant-product bits=5 ef=40 query=7 wall_ms=0.504 checksum=36494
sample phase=query index=turboquant-product bits=5 ef=40 query=8 wall_ms=0.521 checksum=33200
sample phase=query index=turboquant-product bits=5 ef=40 query=9 wall_ms=0.519 checksum=51575
sample phase=query index=turboquant-product bits=5 ef=40 query=10 wall_ms=0.600 checksum=46264
sample phase=query index=turboquant-product bits=5 ef=40 query=11 wall_ms=0.532 checksum=30544
sample phase=query index=turboquant-product bits=5 ef=40 query=12 wall_ms=0.567 checksum=31090
sample phase=query index=turboquant-product bits=5 ef=40 query=13 wall_ms=0.508 checksum=44019
sample phase=query index=turboquant-product bits=5 ef=40 query=14 wall_ms=0.648 checksum=35978
sample phase=query index=turboquant-product bits=5 ef=40 query=15 wall_ms=0.577 checksum=25803
sample phase=query index=turboquant-product bits=5 ef=40 query=16 wall_ms=0.635 checksum=38488
sample phase=query index=turboquant-product bits=5 ef=40 query=17 wall_ms=0.536 checksum=47412
sample phase=query index=turboquant-product bits=5 ef=40 query=18 wall_ms=0.597 checksum=33915
sample phase=query index=turboquant-product bits=5 ef=40 query=19 wall_ms=0.626 checksum=31435
sample phase=query index=turboquant-product bits=5 ef=40 query=20 wall_ms=0.617 checksum=41393
sample phase=query index=turboquant-product bits=5 ef=40 query=21 wall_ms=0.643 checksum=27896
sample phase=query index=turboquant-product bits=5 ef=40 query=22 wall_ms=0.601 checksum=38699
sample phase=query index=turboquant-product bits=5 ef=40 query=23 wall_ms=0.674 checksum=48643
sample phase=query index=turboquant-product bits=5 ef=40 query=24 wall_ms=0.635 checksum=29707
sample phase=query index=turboquant-product bits=5 ef=40 query=25 wall_ms=0.587 checksum=24754
sample phase=query index=turboquant-product bits=5 ef=40 query=26 wall_ms=0.497 checksum=49122
sample phase=query index=turboquant-product bits=5 ef=40 query=27 wall_ms=0.553 checksum=32144
sample phase=query index=turboquant-product bits=5 ef=40 query=28 wall_ms=0.540 checksum=47926
sample phase=query index=turboquant-product bits=5 ef=40 query=29 wall_ms=0.597 checksum=37358
sample phase=query index=turboquant-product bits=5 ef=40 query=30 wall_ms=0.634 checksum=38248
sample phase=query index=turboquant-product bits=5 ef=40 query=31 wall_ms=0.633 checksum=42312
sample phase=query index=turboquant-product bits=5 ef=40 query=32 wall_ms=0.581 checksum=48515
sample phase=query index=turboquant-product bits=5 ef=40 query=33 wall_ms=0.498 checksum=47270
sample phase=query index=turboquant-product bits=5 ef=40 query=34 wall_ms=0.523 checksum=42582
sample phase=query index=turboquant-product bits=5 ef=40 query=35 wall_ms=0.561 checksum=49167
sample phase=query index=turboquant-product bits=5 ef=40 query=36 wall_ms=0.518 checksum=42204
sample phase=query index=turboquant-product bits=5 ef=40 query=37 wall_ms=0.552 checksum=34913
sample phase=query index=turboquant-product bits=5 ef=40 query=38 wall_ms=0.612 checksum=57806
sample phase=query index=turboquant-product bits=5 ef=40 query=39 wall_ms=0.497 checksum=62761
sample phase=query index=turboquant-product bits=5 ef=40 query=40 wall_ms=0.523 checksum=41678
sample phase=query index=turboquant-product bits=5 ef=40 query=41 wall_ms=0.561 checksum=50013
sample phase=query index=turboquant-product bits=5 ef=40 query=42 wall_ms=0.475 checksum=50898
sample phase=query index=turboquant-product bits=5 ef=40 query=43 wall_ms=0.535 checksum=64973
sample phase=query index=turboquant-product bits=5 ef=40 query=44 wall_ms=0.693 checksum=41243
sample phase=query index=turboquant-product bits=5 ef=40 query=45 wall_ms=0.704 checksum=43605
sample phase=query index=turboquant-product bits=5 ef=40 query=46 wall_ms=0.585 checksum=31580
sample phase=query index=turboquant-product bits=5 ef=40 query=47 wall_ms=0.554 checksum=45066
sample phase=query index=turboquant-product bits=5 ef=40 query=48 wall_ms=0.526 checksum=43940
sample phase=query index=turboquant-product bits=5 ef=40 query=49 wall_ms=0.593 checksum=30544
search index=turboquant-product bits=5 ef=40 median_ms_per_query=0.585 p95_ms_per_query=0.674 qps=1710.259 cpu_ms_per_query=0.584 cpu_qps=1713.091 recall_at_10=0.230 checksum=12389470
sample phase=batch index=turboquant-product bits=5 ef=60 trial=0 wall_ms=34.273 cpu_ms=34.068 checksum=2087438
sample phase=batch index=turboquant-product bits=5 ef=60 trial=1 wall_ms=34.020 cpu_ms=34.020 checksum=2087439
sample phase=batch index=turboquant-product bits=5 ef=60 trial=2 wall_ms=35.591 cpu_ms=35.538 checksum=2087440
sample phase=batch index=turboquant-product bits=5 ef=60 trial=3 wall_ms=34.133 cpu_ms=34.093 checksum=2087441
sample phase=batch index=turboquant-product bits=5 ef=60 trial=4 wall_ms=34.139 cpu_ms=34.068 checksum=2087442
sample phase=query index=turboquant-product bits=5 ef=60 query=0 wall_ms=0.669 checksum=62266
sample phase=query index=turboquant-product bits=5 ef=60 query=1 wall_ms=0.658 checksum=29843
sample phase=query index=turboquant-product bits=5 ef=60 query=2 wall_ms=0.717 checksum=50363
sample phase=query index=turboquant-product bits=5 ef=60 query=3 wall_ms=0.613 checksum=36849
sample phase=query index=turboquant-product bits=5 ef=60 query=4 wall_ms=0.654 checksum=28092
sample phase=query index=turboquant-product bits=5 ef=60 query=5 wall_ms=0.667 checksum=45814
sample phase=query index=turboquant-product bits=5 ef=60 query=6 wall_ms=0.709 checksum=47820
sample phase=query index=turboquant-product bits=5 ef=60 query=7 wall_ms=0.687 checksum=35111
sample phase=query index=turboquant-product bits=5 ef=60 query=8 wall_ms=0.693 checksum=45332
sample phase=query index=turboquant-product bits=5 ef=60 query=9 wall_ms=0.768 checksum=49298
sample phase=query index=turboquant-product bits=5 ef=60 query=10 wall_ms=0.701 checksum=32547
sample phase=query index=turboquant-product bits=5 ef=60 query=11 wall_ms=0.656 checksum=40315
sample phase=query index=turboquant-product bits=5 ef=60 query=12 wall_ms=0.709 checksum=26995
sample phase=query index=turboquant-product bits=5 ef=60 query=13 wall_ms=0.623 checksum=38892
sample phase=query index=turboquant-product bits=5 ef=60 query=14 wall_ms=0.670 checksum=35978
sample phase=query index=turboquant-product bits=5 ef=60 query=15 wall_ms=0.656 checksum=26440
sample phase=query index=turboquant-product bits=5 ef=60 query=16 wall_ms=0.769 checksum=38607
sample phase=query index=turboquant-product bits=5 ef=60 query=17 wall_ms=0.629 checksum=43643
sample phase=query index=turboquant-product bits=5 ef=60 query=18 wall_ms=0.700 checksum=44645
sample phase=query index=turboquant-product bits=5 ef=60 query=19 wall_ms=0.680 checksum=33580
sample phase=query index=turboquant-product bits=5 ef=60 query=20 wall_ms=0.700 checksum=42896
sample phase=query index=turboquant-product bits=5 ef=60 query=21 wall_ms=0.762 checksum=33312
sample phase=query index=turboquant-product bits=5 ef=60 query=22 wall_ms=0.649 checksum=32446
sample phase=query index=turboquant-product bits=5 ef=60 query=23 wall_ms=0.752 checksum=54882
sample phase=query index=turboquant-product bits=5 ef=60 query=24 wall_ms=0.719 checksum=29707
sample phase=query index=turboquant-product bits=5 ef=60 query=25 wall_ms=0.675 checksum=27716
sample phase=query index=turboquant-product bits=5 ef=60 query=26 wall_ms=0.675 checksum=40270
sample phase=query index=turboquant-product bits=5 ef=60 query=27 wall_ms=0.644 checksum=39319
sample phase=query index=turboquant-product bits=5 ef=60 query=28 wall_ms=0.697 checksum=55885
sample phase=query index=turboquant-product bits=5 ef=60 query=29 wall_ms=0.694 checksum=41648
sample phase=query index=turboquant-product bits=5 ef=60 query=30 wall_ms=0.630 checksum=38248
sample phase=query index=turboquant-product bits=5 ef=60 query=31 wall_ms=0.634 checksum=42312
sample phase=query index=turboquant-product bits=5 ef=60 query=32 wall_ms=0.776 checksum=37907
sample phase=query index=turboquant-product bits=5 ef=60 query=33 wall_ms=0.799 checksum=38455
sample phase=query index=turboquant-product bits=5 ef=60 query=34 wall_ms=0.690 checksum=61168
sample phase=query index=turboquant-product bits=5 ef=60 query=35 wall_ms=0.689 checksum=35639
sample phase=query index=turboquant-product bits=5 ef=60 query=36 wall_ms=0.626 checksum=42204
sample phase=query index=turboquant-product bits=5 ef=60 query=37 wall_ms=0.629 checksum=34913
sample phase=query index=turboquant-product bits=5 ef=60 query=38 wall_ms=0.677 checksum=56311
sample phase=query index=turboquant-product bits=5 ef=60 query=39 wall_ms=0.681 checksum=63465
sample phase=query index=turboquant-product bits=5 ef=60 query=40 wall_ms=0.643 checksum=35283
sample phase=query index=turboquant-product bits=5 ef=60 query=41 wall_ms=0.775 checksum=46245
sample phase=query index=turboquant-product bits=5 ef=60 query=42 wall_ms=0.648 checksum=56148
sample phase=query index=turboquant-product bits=5 ef=60 query=43 wall_ms=0.738 checksum=65497
sample phase=query index=turboquant-product bits=5 ef=60 query=44 wall_ms=0.793 checksum=26074
sample phase=query index=turboquant-product bits=5 ef=60 query=45 wall_ms=0.708 checksum=50373
sample phase=query index=turboquant-product bits=5 ef=60 query=46 wall_ms=0.637 checksum=32105
sample phase=query index=turboquant-product bits=5 ef=60 query=47 wall_ms=0.617 checksum=56345
sample phase=query index=turboquant-product bits=5 ef=60 query=48 wall_ms=0.663 checksum=45706
sample phase=query index=turboquant-product bits=5 ef=60 query=49 wall_ms=0.599 checksum=32529
search index=turboquant-product bits=5 ef=60 median_ms_per_query=0.683 p95_ms_per_query=0.776 qps=1464.599 cpu_ms_per_query=0.681 cpu_qps=1467.653 recall_at_10=0.296 checksum=12524638
sample phase=batch index=turboquant-product bits=5 ef=100 trial=0 wall_ms=47.108 cpu_ms=46.888 checksum=2155375
sample phase=batch index=turboquant-product bits=5 ef=100 trial=1 wall_ms=46.295 cpu_ms=46.185 checksum=2155376
sample phase=batch index=turboquant-product bits=5 ef=100 trial=2 wall_ms=46.240 cpu_ms=46.116 checksum=2155377
sample phase=batch index=turboquant-product bits=5 ef=100 trial=3 wall_ms=48.453 cpu_ms=48.227 checksum=2155378
sample phase=batch index=turboquant-product bits=5 ef=100 trial=4 wall_ms=46.138 cpu_ms=46.134 checksum=2155379
sample phase=query index=turboquant-product bits=5 ef=100 query=0 wall_ms=0.925 checksum=55363
sample phase=query index=turboquant-product bits=5 ef=100 query=1 wall_ms=0.909 checksum=46376
sample phase=query index=turboquant-product bits=5 ef=100 query=2 wall_ms=0.928 checksum=61262
sample phase=query index=turboquant-product bits=5 ef=100 query=3 wall_ms=0.990 checksum=39121
sample phase=query index=turboquant-product bits=5 ef=100 query=4 wall_ms=0.975 checksum=33856
sample phase=query index=turboquant-product bits=5 ef=100 query=5 wall_ms=0.999 checksum=57862
sample phase=query index=turboquant-product bits=5 ef=100 query=6 wall_ms=0.945 checksum=42774
sample phase=query index=turboquant-product bits=5 ef=100 query=7 wall_ms=0.893 checksum=33904
sample phase=query index=turboquant-product bits=5 ef=100 query=8 wall_ms=0.922 checksum=37682
sample phase=query index=turboquant-product bits=5 ef=100 query=9 wall_ms=0.862 checksum=50022
sample phase=query index=turboquant-product bits=5 ef=100 query=10 wall_ms=0.978 checksum=45784
sample phase=query index=turboquant-product bits=5 ef=100 query=11 wall_ms=0.938 checksum=48253
sample phase=query index=turboquant-product bits=5 ef=100 query=12 wall_ms=0.923 checksum=33948
sample phase=query index=turboquant-product bits=5 ef=100 query=13 wall_ms=0.871 checksum=35798
sample phase=query index=turboquant-product bits=5 ef=100 query=14 wall_ms=0.921 checksum=39325
sample phase=query index=turboquant-product bits=5 ef=100 query=15 wall_ms=0.876 checksum=36549
sample phase=query index=turboquant-product bits=5 ef=100 query=16 wall_ms=1.002 checksum=37769
sample phase=query index=turboquant-product bits=5 ef=100 query=17 wall_ms=0.882 checksum=49663
sample phase=query index=turboquant-product bits=5 ef=100 query=18 wall_ms=0.943 checksum=31979
sample phase=query index=turboquant-product bits=5 ef=100 query=19 wall_ms=0.936 checksum=43411
sample phase=query index=turboquant-product bits=5 ef=100 query=20 wall_ms=1.032 checksum=42112
sample phase=query index=turboquant-product bits=5 ef=100 query=21 wall_ms=0.908 checksum=49516
sample phase=query index=turboquant-product bits=5 ef=100 query=22 wall_ms=0.871 checksum=36411
sample phase=query index=turboquant-product bits=5 ef=100 query=23 wall_ms=0.935 checksum=53420
sample phase=query index=turboquant-product bits=5 ef=100 query=24 wall_ms=0.886 checksum=40525
sample phase=query index=turboquant-product bits=5 ef=100 query=25 wall_ms=0.892 checksum=26693
sample phase=query index=turboquant-product bits=5 ef=100 query=26 wall_ms=1.028 checksum=40265
sample phase=query index=turboquant-product bits=5 ef=100 query=27 wall_ms=0.967 checksum=45301
sample phase=query index=turboquant-product bits=5 ef=100 query=28 wall_ms=0.963 checksum=53911
sample phase=query index=turboquant-product bits=5 ef=100 query=29 wall_ms=1.056 checksum=45884
sample phase=query index=turboquant-product bits=5 ef=100 query=30 wall_ms=0.951 checksum=36690
sample phase=query index=turboquant-product bits=5 ef=100 query=31 wall_ms=0.956 checksum=38537
sample phase=query index=turboquant-product bits=5 ef=100 query=32 wall_ms=1.091 checksum=26979
sample phase=query index=turboquant-product bits=5 ef=100 query=33 wall_ms=1.116 checksum=47901
sample phase=query index=turboquant-product bits=5 ef=100 query=34 wall_ms=0.965 checksum=56391
sample phase=query index=turboquant-product bits=5 ef=100 query=35 wall_ms=1.027 checksum=26572
sample phase=query index=turboquant-product bits=5 ef=100 query=36 wall_ms=0.976 checksum=47624
sample phase=query index=turboquant-product bits=5 ef=100 query=37 wall_ms=0.930 checksum=41793
sample phase=query index=turboquant-product bits=5 ef=100 query=38 wall_ms=0.864 checksum=57802
sample phase=query index=turboquant-product bits=5 ef=100 query=39 wall_ms=0.930 checksum=57659
sample phase=query index=turboquant-product bits=5 ef=100 query=40 wall_ms=0.901 checksum=42760
sample phase=query index=turboquant-product bits=5 ef=100 query=41 wall_ms=0.986 checksum=33206
sample phase=query index=turboquant-product bits=5 ef=100 query=42 wall_ms=1.008 checksum=44073
sample phase=query index=turboquant-product bits=5 ef=100 query=43 wall_ms=0.991 checksum=70332
sample phase=query index=turboquant-product bits=5 ef=100 query=44 wall_ms=0.999 checksum=26319
sample phase=query index=turboquant-product bits=5 ef=100 query=45 wall_ms=0.899 checksum=40103
sample phase=query index=turboquant-product bits=5 ef=100 query=46 wall_ms=0.886 checksum=37775
sample phase=query index=turboquant-product bits=5 ef=100 query=47 wall_ms=0.930 checksum=46947
sample phase=query index=turboquant-product bits=5 ef=100 query=48 wall_ms=0.961 checksum=45630
sample phase=query index=turboquant-product bits=5 ef=100 query=49 wall_ms=0.902 checksum=35543
search index=turboquant-product bits=5 ef=100 median_ms_per_query=0.926 p95_ms_per_query=1.056 qps=1080.039 cpu_ms_per_query=0.924 cpu_qps=1082.603 recall_at_10=0.414 checksum=12932260
sample phase=batch index=turboquant-product bits=5 ef=200 trial=0 wall_ms=70.325 cpu_ms=70.322 checksum=2222540
sample phase=batch index=turboquant-product bits=5 ef=200 trial=1 wall_ms=70.590 cpu_ms=70.569 checksum=2222541
sample phase=batch index=turboquant-product bits=5 ef=200 trial=2 wall_ms=70.376 cpu_ms=70.373 checksum=2222542
sample phase=batch index=turboquant-product bits=5 ef=200 trial=3 wall_ms=70.925 cpu_ms=70.819 checksum=2222543
sample phase=batch index=turboquant-product bits=5 ef=200 trial=4 wall_ms=71.879 cpu_ms=71.718 checksum=2222544
sample phase=query index=turboquant-product bits=5 ef=200 query=0 wall_ms=1.448 checksum=58047
sample phase=query index=turboquant-product bits=5 ef=200 query=1 wall_ms=1.423 checksum=53396
sample phase=query index=turboquant-product bits=5 ef=200 query=2 wall_ms=1.388 checksum=61661
sample phase=query index=turboquant-product bits=5 ef=200 query=3 wall_ms=1.419 checksum=45718
sample phase=query index=turboquant-product bits=5 ef=200 query=4 wall_ms=1.387 checksum=47664
sample phase=query index=turboquant-product bits=5 ef=200 query=5 wall_ms=1.386 checksum=57889
sample phase=query index=turboquant-product bits=5 ef=200 query=6 wall_ms=1.422 checksum=42305
sample phase=query index=turboquant-product bits=5 ef=200 query=7 wall_ms=1.371 checksum=39542
sample phase=query index=turboquant-product bits=5 ef=200 query=8 wall_ms=1.352 checksum=55031
sample phase=query index=turboquant-product bits=5 ef=200 query=9 wall_ms=1.390 checksum=50862
sample phase=query index=turboquant-product bits=5 ef=200 query=10 wall_ms=1.433 checksum=51600
sample phase=query index=turboquant-product bits=5 ef=200 query=11 wall_ms=1.419 checksum=55559
sample phase=query index=turboquant-product bits=5 ef=200 query=12 wall_ms=1.434 checksum=39416
sample phase=query index=turboquant-product bits=5 ef=200 query=13 wall_ms=1.343 checksum=32644
sample phase=query index=turboquant-product bits=5 ef=200 query=14 wall_ms=1.357 checksum=40172
sample phase=query index=turboquant-product bits=5 ef=200 query=15 wall_ms=1.438 checksum=42028
sample phase=query index=turboquant-product bits=5 ef=200 query=16 wall_ms=1.415 checksum=38061
sample phase=query index=turboquant-product bits=5 ef=200 query=17 wall_ms=1.395 checksum=50261
sample phase=query index=turboquant-product bits=5 ef=200 query=18 wall_ms=1.481 checksum=33180
sample phase=query index=turboquant-product bits=5 ef=200 query=19 wall_ms=1.391 checksum=47069
sample phase=query index=turboquant-product bits=5 ef=200 query=20 wall_ms=1.408 checksum=52532
sample phase=query index=turboquant-product bits=5 ef=200 query=21 wall_ms=1.366 checksum=41745
sample phase=query index=turboquant-product bits=5 ef=200 query=22 wall_ms=1.406 checksum=39211
sample phase=query index=turboquant-product bits=5 ef=200 query=23 wall_ms=1.409 checksum=59963
sample phase=query index=turboquant-product bits=5 ef=200 query=24 wall_ms=1.454 checksum=31214
sample phase=query index=turboquant-product bits=5 ef=200 query=25 wall_ms=1.447 checksum=26706
sample phase=query index=turboquant-product bits=5 ef=200 query=26 wall_ms=1.366 checksum=54843
sample phase=query index=turboquant-product bits=5 ef=200 query=27 wall_ms=1.440 checksum=54407
sample phase=query index=turboquant-product bits=5 ef=200 query=28 wall_ms=1.399 checksum=59183
sample phase=query index=turboquant-product bits=5 ef=200 query=29 wall_ms=1.431 checksum=33652
sample phase=query index=turboquant-product bits=5 ef=200 query=30 wall_ms=1.466 checksum=39397
sample phase=query index=turboquant-product bits=5 ef=200 query=31 wall_ms=1.386 checksum=41378
sample phase=query index=turboquant-product bits=5 ef=200 query=32 wall_ms=1.377 checksum=26979
sample phase=query index=turboquant-product bits=5 ef=200 query=33 wall_ms=1.422 checksum=41693
sample phase=query index=turboquant-product bits=5 ef=200 query=34 wall_ms=1.439 checksum=51671
sample phase=query index=turboquant-product bits=5 ef=200 query=35 wall_ms=1.450 checksum=30187
sample phase=query index=turboquant-product bits=5 ef=200 query=36 wall_ms=1.348 checksum=50573
sample phase=query index=turboquant-product bits=5 ef=200 query=37 wall_ms=1.367 checksum=40533
sample phase=query index=turboquant-product bits=5 ef=200 query=38 wall_ms=1.347 checksum=35270
sample phase=query index=turboquant-product bits=5 ef=200 query=39 wall_ms=1.407 checksum=52280
sample phase=query index=turboquant-product bits=5 ef=200 query=40 wall_ms=1.414 checksum=33736
sample phase=query index=turboquant-product bits=5 ef=200 query=41 wall_ms=1.474 checksum=38706
sample phase=query index=turboquant-product bits=5 ef=200 query=42 wall_ms=1.434 checksum=49913
sample phase=query index=turboquant-product bits=5 ef=200 query=43 wall_ms=1.379 checksum=54665
sample phase=query index=turboquant-product bits=5 ef=200 query=44 wall_ms=1.423 checksum=27860
sample phase=query index=turboquant-product bits=5 ef=200 query=45 wall_ms=1.394 checksum=34781
sample phase=query index=turboquant-product bits=5 ef=200 query=46 wall_ms=1.408 checksum=37896
sample phase=query index=turboquant-product bits=5 ef=200 query=47 wall_ms=1.503 checksum=50164
sample phase=query index=turboquant-product bits=5 ef=200 query=48 wall_ms=1.426 checksum=43082
sample phase=query index=turboquant-product bits=5 ef=200 query=49 wall_ms=1.450 checksum=46215
search index=turboquant-product bits=5 ef=200 median_ms_per_query=1.412 p95_ms_per_query=1.474 qps=708.317 cpu_ms_per_query=1.411 cpu_qps=708.526 recall_at_10=0.604 checksum=13335250
sample phase=batch index=turboquant-product bits=5 ef=400 trial=0 wall_ms=107.355 cpu_ms=107.203 checksum=2319981
sample phase=batch index=turboquant-product bits=5 ef=400 trial=1 wall_ms=106.153 cpu_ms=106.145 checksum=2319982
sample phase=batch index=turboquant-product bits=5 ef=400 trial=2 wall_ms=109.134 cpu_ms=108.922 checksum=2319983
sample phase=batch index=turboquant-product bits=5 ef=400 trial=3 wall_ms=107.473 cpu_ms=107.379 checksum=2319984
sample phase=batch index=turboquant-product bits=5 ef=400 trial=4 wall_ms=106.501 cpu_ms=106.390 checksum=2319985
sample phase=query index=turboquant-product bits=5 ef=400 query=0 wall_ms=2.155 checksum=48792
sample phase=query index=turboquant-product bits=5 ef=400 query=1 wall_ms=2.112 checksum=60259
sample phase=query index=turboquant-product bits=5 ef=400 query=2 wall_ms=2.133 checksum=72619
sample phase=query index=turboquant-product bits=5 ef=400 query=3 wall_ms=2.078 checksum=52497
sample phase=query index=turboquant-product bits=5 ef=400 query=4 wall_ms=2.185 checksum=53596
sample phase=query index=turboquant-product bits=5 ef=400 query=5 wall_ms=2.093 checksum=65608
sample phase=query index=turboquant-product bits=5 ef=400 query=6 wall_ms=2.065 checksum=35772
sample phase=query index=turboquant-product bits=5 ef=400 query=7 wall_ms=2.140 checksum=41862
sample phase=query index=turboquant-product bits=5 ef=400 query=8 wall_ms=2.168 checksum=54571
sample phase=query index=turboquant-product bits=5 ef=400 query=9 wall_ms=2.077 checksum=47611
sample phase=query index=turboquant-product bits=5 ef=400 query=10 wall_ms=2.083 checksum=48802
sample phase=query index=turboquant-product bits=5 ef=400 query=11 wall_ms=2.111 checksum=45443
sample phase=query index=turboquant-product bits=5 ef=400 query=12 wall_ms=2.200 checksum=58719
sample phase=query index=turboquant-product bits=5 ef=400 query=13 wall_ms=2.080 checksum=34044
sample phase=query index=turboquant-product bits=5 ef=400 query=14 wall_ms=2.108 checksum=32427
sample phase=query index=turboquant-product bits=5 ef=400 query=15 wall_ms=2.134 checksum=42156
sample phase=query index=turboquant-product bits=5 ef=400 query=16 wall_ms=2.169 checksum=41316
sample phase=query index=turboquant-product bits=5 ef=400 query=17 wall_ms=2.123 checksum=41095
sample phase=query index=turboquant-product bits=5 ef=400 query=18 wall_ms=2.122 checksum=42622
sample phase=query index=turboquant-product bits=5 ef=400 query=19 wall_ms=2.072 checksum=49530
sample phase=query index=turboquant-product bits=5 ef=400 query=20 wall_ms=2.197 checksum=55006
sample phase=query index=turboquant-product bits=5 ef=400 query=21 wall_ms=2.115 checksum=40728
sample phase=query index=turboquant-product bits=5 ef=400 query=22 wall_ms=2.173 checksum=33719
sample phase=query index=turboquant-product bits=5 ef=400 query=23 wall_ms=2.122 checksum=58408
sample phase=query index=turboquant-product bits=5 ef=400 query=24 wall_ms=2.145 checksum=34611
sample phase=query index=turboquant-product bits=5 ef=400 query=25 wall_ms=2.097 checksum=26094
sample phase=query index=turboquant-product bits=5 ef=400 query=26 wall_ms=2.094 checksum=51238
sample phase=query index=turboquant-product bits=5 ef=400 query=27 wall_ms=2.128 checksum=54447
sample phase=query index=turboquant-product bits=5 ef=400 query=28 wall_ms=2.161 checksum=68425
sample phase=query index=turboquant-product bits=5 ef=400 query=29 wall_ms=2.089 checksum=32216
sample phase=query index=turboquant-product bits=5 ef=400 query=30 wall_ms=2.141 checksum=45972
sample phase=query index=turboquant-product bits=5 ef=400 query=31 wall_ms=2.217 checksum=50619
sample phase=query index=turboquant-product bits=5 ef=400 query=32 wall_ms=2.071 checksum=47241
sample phase=query index=turboquant-product bits=5 ef=400 query=33 wall_ms=2.082 checksum=54994
sample phase=query index=turboquant-product bits=5 ef=400 query=34 wall_ms=2.128 checksum=40076
sample phase=query index=turboquant-product bits=5 ef=400 query=35 wall_ms=2.186 checksum=38029
sample phase=query index=turboquant-product bits=5 ef=400 query=36 wall_ms=2.112 checksum=50927
sample phase=query index=turboquant-product bits=5 ef=400 query=37 wall_ms=2.078 checksum=40533
sample phase=query index=turboquant-product bits=5 ef=400 query=38 wall_ms=2.099 checksum=35270
sample phase=query index=turboquant-product bits=5 ef=400 query=39 wall_ms=2.181 checksum=57138
sample phase=query index=turboquant-product bits=5 ef=400 query=40 wall_ms=2.081 checksum=29195
sample phase=query index=turboquant-product bits=5 ef=400 query=41 wall_ms=2.121 checksum=40840
sample phase=query index=turboquant-product bits=5 ef=400 query=42 wall_ms=2.120 checksum=57825
sample phase=query index=turboquant-product bits=5 ef=400 query=43 wall_ms=2.168 checksum=57966
sample phase=query index=turboquant-product bits=5 ef=400 query=44 wall_ms=2.091 checksum=36345
sample phase=query index=turboquant-product bits=5 ef=400 query=45 wall_ms=2.031 checksum=22905
sample phase=query index=turboquant-product bits=5 ef=400 query=46 wall_ms=2.148 checksum=50657
sample phase=query index=turboquant-product bits=5 ef=400 query=47 wall_ms=2.196 checksum=45724
sample phase=query index=turboquant-product bits=5 ef=400 query=48 wall_ms=2.062 checksum=46524
sample phase=query index=turboquant-product bits=5 ef=400 query=49 wall_ms=2.116 checksum=46968
search index=turboquant-product bits=5 ef=400 median_ms_per_query=2.147 p95_ms_per_query=2.197 qps=465.743 cpu_ms_per_query=2.144 cpu_qps=466.405 recall_at_10=0.758 checksum=13919896
