turboquant_kernel_comparison target=wasm vectors=64 dimensions=768 queries=16 iterations=11 measurement_repetitions=4
sample backend=platform candidates=16 trial=0 elapsed_ns=12473584 checksum=2225652664784
sample backend=platform candidates=16 trial=1 elapsed_ns=10496125 checksum=2225652664784
sample backend=platform candidates=16 trial=2 elapsed_ns=10440500 checksum=2225652664784
sample backend=platform candidates=16 trial=3 elapsed_ns=10387416 checksum=2225652664784
sample backend=platform candidates=16 trial=4 elapsed_ns=10223167 checksum=2225652664784
sample backend=platform candidates=16 trial=5 elapsed_ns=10201917 checksum=2225652664784
sample backend=platform candidates=16 trial=6 elapsed_ns=10173167 checksum=2225652664784
sample backend=platform candidates=16 trial=7 elapsed_ns=10499792 checksum=2225652664784
sample backend=platform candidates=16 trial=8 elapsed_ns=10269625 checksum=2225652664784
sample backend=platform candidates=16 trial=9 elapsed_ns=10205291 checksum=2225652664784
sample backend=platform candidates=16 trial=10 elapsed_ns=9539958 checksum=2225652664784
summary backend=platform candidates=16 median_ns=10269625 scores_per_second=99711.52792823497
sample backend=swift-direct candidates=16 trial=0 elapsed_ns=12648500 checksum=2225652664784
sample backend=swift-direct candidates=16 trial=1 elapsed_ns=12292333 checksum=2225652664784
sample backend=swift-direct candidates=16 trial=2 elapsed_ns=11037292 checksum=2225652664784
sample backend=swift-direct candidates=16 trial=3 elapsed_ns=10896291 checksum=2225652664784
sample backend=swift-direct candidates=16 trial=4 elapsed_ns=10750583 checksum=2225652664784
sample backend=swift-direct candidates=16 trial=5 elapsed_ns=10702000 checksum=2225652664784
sample backend=swift-direct candidates=16 trial=6 elapsed_ns=10911333 checksum=2225652664784
sample backend=swift-direct candidates=16 trial=7 elapsed_ns=10778625 checksum=2225652664784
sample backend=swift-direct candidates=16 trial=8 elapsed_ns=10731875 checksum=2225652664784
sample backend=swift-direct candidates=16 trial=9 elapsed_ns=10367417 checksum=2225652664784
sample backend=swift-direct candidates=16 trial=10 elapsed_ns=9591583 checksum=2225652664784
summary backend=swift-direct candidates=16 median_ns=10778625 scores_per_second=95002.841271498
sample backend=c-scalar-reference candidates=16 trial=0 elapsed_ns=11651208 checksum=2225652664784
sample backend=c-scalar-reference candidates=16 trial=1 elapsed_ns=9997375 checksum=2225652664784
sample backend=c-scalar-reference candidates=16 trial=2 elapsed_ns=10158708 checksum=2225652664784
sample backend=c-scalar-reference candidates=16 trial=3 elapsed_ns=9993167 checksum=2225652664784
sample backend=c-scalar-reference candidates=16 trial=4 elapsed_ns=10169917 checksum=2225652664784
sample backend=c-scalar-reference candidates=16 trial=5 elapsed_ns=9883917 checksum=2225652664784
sample backend=c-scalar-reference candidates=16 trial=6 elapsed_ns=10073875 checksum=2225652664784
sample backend=c-scalar-reference candidates=16 trial=7 elapsed_ns=10401209 checksum=2225652664784
sample backend=c-scalar-reference candidates=16 trial=8 elapsed_ns=11222666 checksum=2225652664784
sample backend=c-scalar-reference candidates=16 trial=9 elapsed_ns=8802667 checksum=2225652664784
sample backend=c-scalar-reference candidates=16 trial=10 elapsed_ns=8922500 checksum=2225652664784
summary backend=c-scalar-reference candidates=16 median_ns=10073875 scores_per_second=101649.06751374222
sample backend=platform candidates=24 trial=0 elapsed_ns=13938459 checksum=3218836722104
sample backend=platform candidates=24 trial=1 elapsed_ns=14193500 checksum=3218836722104
sample backend=platform candidates=24 trial=2 elapsed_ns=13708792 checksum=3218836722104
sample backend=platform candidates=24 trial=3 elapsed_ns=13857333 checksum=3218836722104
sample backend=platform candidates=24 trial=4 elapsed_ns=12706083 checksum=3218836722104
sample backend=platform candidates=24 trial=5 elapsed_ns=12640625 checksum=3218836722104
sample backend=platform candidates=24 trial=6 elapsed_ns=12675625 checksum=3218836722104
sample backend=platform candidates=24 trial=7 elapsed_ns=12742667 checksum=3218836722104
sample backend=platform candidates=24 trial=8 elapsed_ns=12364291 checksum=3218836722104
sample backend=platform candidates=24 trial=9 elapsed_ns=12958917 checksum=3218836722104
sample backend=platform candidates=24 trial=10 elapsed_ns=12399625 checksum=3218836722104
summary backend=platform candidates=24 median_ns=12742667 scores_per_second=120539.91523124633
sample backend=swift-direct candidates=24 trial=0 elapsed_ns=14645125 checksum=3218836722104
sample backend=swift-direct candidates=24 trial=1 elapsed_ns=14829000 checksum=3218836722104
sample backend=swift-direct candidates=24 trial=2 elapsed_ns=14587458 checksum=3218836722104
sample backend=swift-direct candidates=24 trial=3 elapsed_ns=14456583 checksum=3218836722104
sample backend=swift-direct candidates=24 trial=4 elapsed_ns=14458834 checksum=3218836722104
sample backend=swift-direct candidates=24 trial=5 elapsed_ns=13038625 checksum=3218836722104
sample backend=swift-direct candidates=24 trial=6 elapsed_ns=12933667 checksum=3218836722104
sample backend=swift-direct candidates=24 trial=7 elapsed_ns=13046500 checksum=3218836722104
sample backend=swift-direct candidates=24 trial=8 elapsed_ns=13250833 checksum=3218836722104
sample backend=swift-direct candidates=24 trial=9 elapsed_ns=13175458 checksum=3218836722104
sample backend=swift-direct candidates=24 trial=10 elapsed_ns=12960958 checksum=3218836722104
summary backend=swift-direct candidates=24 median_ns=13250833 scores_per_second=115917.24082553905
sample backend=c-scalar-reference candidates=24 trial=0 elapsed_ns=13555334 checksum=3218836722104
sample backend=c-scalar-reference candidates=24 trial=1 elapsed_ns=13631916 checksum=3218836722104
sample backend=c-scalar-reference candidates=24 trial=2 elapsed_ns=13439500 checksum=3218836722104
sample backend=c-scalar-reference candidates=24 trial=3 elapsed_ns=13224834 checksum=3218836722104
sample backend=c-scalar-reference candidates=24 trial=4 elapsed_ns=11824542 checksum=3218836722104
sample backend=c-scalar-reference candidates=24 trial=5 elapsed_ns=12213000 checksum=3218836722104
sample backend=c-scalar-reference candidates=24 trial=6 elapsed_ns=12329583 checksum=3218836722104
sample backend=c-scalar-reference candidates=24 trial=7 elapsed_ns=12648917 checksum=3218836722104
sample backend=c-scalar-reference candidates=24 trial=8 elapsed_ns=12074709 checksum=3218836722104
sample backend=c-scalar-reference candidates=24 trial=9 elapsed_ns=11907292 checksum=3218836722104
sample backend=c-scalar-reference candidates=24 trial=10 elapsed_ns=12065333 checksum=3218836722104
summary backend=c-scalar-reference candidates=24 median_ns=12329583 scores_per_second=124578.42248192822
sample backend=platform candidates=32 trial=0 elapsed_ns=14962208 checksum=4315265380284
sample backend=platform candidates=32 trial=1 elapsed_ns=15319292 checksum=4315265380284
sample backend=platform candidates=32 trial=2 elapsed_ns=16413209 checksum=4315265380284
sample backend=platform candidates=32 trial=3 elapsed_ns=15110292 checksum=4315265380284
sample backend=platform candidates=32 trial=4 elapsed_ns=14902167 checksum=4315265380284
sample backend=platform candidates=32 trial=5 elapsed_ns=14923333 checksum=4315265380284
sample backend=platform candidates=32 trial=6 elapsed_ns=15042541 checksum=4315265380284
sample backend=platform candidates=32 trial=7 elapsed_ns=13968708 checksum=4315265380284
sample backend=platform candidates=32 trial=8 elapsed_ns=14128250 checksum=4315265380284
sample backend=platform candidates=32 trial=9 elapsed_ns=14086583 checksum=4315265380284
sample backend=platform candidates=32 trial=10 elapsed_ns=15353167 checksum=4315265380284
summary backend=platform candidates=32 median_ns=14962208 scores_per_second=136878.19337894514
sample backend=swift-direct candidates=32 trial=0 elapsed_ns=15836834 checksum=4315265380284
sample backend=swift-direct candidates=32 trial=1 elapsed_ns=15893084 checksum=4315265380284
sample backend=swift-direct candidates=32 trial=2 elapsed_ns=15795167 checksum=4315265380284
sample backend=swift-direct candidates=32 trial=3 elapsed_ns=16285583 checksum=4315265380284
sample backend=swift-direct candidates=32 trial=4 elapsed_ns=15729000 checksum=4315265380284
sample backend=swift-direct candidates=32 trial=5 elapsed_ns=15666292 checksum=4315265380284
sample backend=swift-direct candidates=32 trial=6 elapsed_ns=15886458 checksum=4315265380284
sample backend=swift-direct candidates=32 trial=7 elapsed_ns=15919916 checksum=4315265380284
sample backend=swift-direct candidates=32 trial=8 elapsed_ns=14787834 checksum=4315265380284
sample backend=swift-direct candidates=32 trial=9 elapsed_ns=14952625 checksum=4315265380284
sample backend=swift-direct candidates=32 trial=10 elapsed_ns=16187291 checksum=4315265380284
summary backend=swift-direct candidates=32 median_ns=15836834 scores_per_second=129318.77672014495
sample backend=c-scalar-reference candidates=32 trial=0 elapsed_ns=14913166 checksum=4315265380284
sample backend=c-scalar-reference candidates=32 trial=1 elapsed_ns=14622750 checksum=4315265380284
sample backend=c-scalar-reference candidates=32 trial=2 elapsed_ns=15078792 checksum=4315265380284
sample backend=c-scalar-reference candidates=32 trial=3 elapsed_ns=14568250 checksum=4315265380284
sample backend=c-scalar-reference candidates=32 trial=4 elapsed_ns=14493333 checksum=4315265380284
sample backend=c-scalar-reference candidates=32 trial=5 elapsed_ns=14265542 checksum=4315265380284
sample backend=c-scalar-reference candidates=32 trial=6 elapsed_ns=14865667 checksum=4315265380284
sample backend=c-scalar-reference candidates=32 trial=7 elapsed_ns=13800625 checksum=4315265380284
sample backend=c-scalar-reference candidates=32 trial=8 elapsed_ns=13444625 checksum=4315265380284
sample backend=c-scalar-reference candidates=32 trial=9 elapsed_ns=13557417 checksum=4315265380284
sample backend=c-scalar-reference candidates=32 trial=10 elapsed_ns=14470292 checksum=4315265380284
summary backend=c-scalar-reference candidates=32 median_ns=14493333 scores_per_second=141306.35099600622
sample backend=platform candidates=48 trial=0 elapsed_ns=23130916 checksum=6310375751132
sample backend=platform candidates=48 trial=1 elapsed_ns=21578583 checksum=6310375751132
sample backend=platform candidates=48 trial=2 elapsed_ns=21078875 checksum=6310375751132
sample backend=platform candidates=48 trial=3 elapsed_ns=20933208 checksum=6310375751132
sample backend=platform candidates=48 trial=4 elapsed_ns=21166125 checksum=6310375751132
sample backend=platform candidates=48 trial=5 elapsed_ns=20975792 checksum=6310375751132
sample backend=platform candidates=48 trial=6 elapsed_ns=21050667 checksum=6310375751132
sample backend=platform candidates=48 trial=7 elapsed_ns=20328250 checksum=6310375751132
sample backend=platform candidates=48 trial=8 elapsed_ns=20284667 checksum=6310375751132
sample backend=platform candidates=48 trial=9 elapsed_ns=20358042 checksum=6310375751132
sample backend=platform candidates=48 trial=10 elapsed_ns=19800584 checksum=6310375751132
summary backend=platform candidates=48 median_ns=20975792 scores_per_second=146454.54150193708
sample backend=swift-direct candidates=48 trial=0 elapsed_ns=23787042 checksum=6310375751132
sample backend=swift-direct candidates=48 trial=1 elapsed_ns=22439792 checksum=6310375751132
sample backend=swift-direct candidates=48 trial=2 elapsed_ns=21894125 checksum=6310375751132
sample backend=swift-direct candidates=48 trial=3 elapsed_ns=22141125 checksum=6310375751132
sample backend=swift-direct candidates=48 trial=4 elapsed_ns=22435791 checksum=6310375751132
sample backend=swift-direct candidates=48 trial=5 elapsed_ns=22083041 checksum=6310375751132
sample backend=swift-direct candidates=48 trial=6 elapsed_ns=21037542 checksum=6310375751132
sample backend=swift-direct candidates=48 trial=7 elapsed_ns=20701541 checksum=6310375751132
sample backend=swift-direct candidates=48 trial=8 elapsed_ns=20517542 checksum=6310375751132
sample backend=swift-direct candidates=48 trial=9 elapsed_ns=20823875 checksum=6310375751132
sample backend=swift-direct candidates=48 trial=10 elapsed_ns=20967833 checksum=6310375751132
summary backend=swift-direct candidates=48 median_ns=21894125 scores_per_second=140311.61327525077
sample backend=c-scalar-reference candidates=48 trial=0 elapsed_ns=20210416 checksum=6310375751132
sample backend=c-scalar-reference candidates=48 trial=1 elapsed_ns=20139916 checksum=6310375751132
sample backend=c-scalar-reference candidates=48 trial=2 elapsed_ns=20569666 checksum=6310375751132
sample backend=c-scalar-reference candidates=48 trial=3 elapsed_ns=20407583 checksum=6310375751132
sample backend=c-scalar-reference candidates=48 trial=4 elapsed_ns=20654042 checksum=6310375751132
sample backend=c-scalar-reference candidates=48 trial=5 elapsed_ns=20356000 checksum=6310375751132
sample backend=c-scalar-reference candidates=48 trial=6 elapsed_ns=19384709 checksum=6310375751132
sample backend=c-scalar-reference candidates=48 trial=7 elapsed_ns=18954542 checksum=6310375751132
sample backend=c-scalar-reference candidates=48 trial=8 elapsed_ns=19098167 checksum=6310375751132
sample backend=c-scalar-reference candidates=48 trial=9 elapsed_ns=19332458 checksum=6310375751132
sample backend=c-scalar-reference candidates=48 trial=10 elapsed_ns=19146250 checksum=6310375751132
summary backend=c-scalar-reference candidates=48 median_ns=20139916 scores_per_second=152532.9102663586
sample backend=platform candidates=64 trial=0 elapsed_ns=26160417 checksum=8477986378400
sample backend=platform candidates=64 trial=1 elapsed_ns=26492958 checksum=8477986378400
sample backend=platform candidates=64 trial=2 elapsed_ns=26428667 checksum=8477986378400
sample backend=platform candidates=64 trial=3 elapsed_ns=26288959 checksum=8477986378400
sample backend=platform candidates=64 trial=4 elapsed_ns=25713667 checksum=8477986378400
sample backend=platform candidates=64 trial=5 elapsed_ns=26174417 checksum=8477986378400
sample backend=platform candidates=64 trial=6 elapsed_ns=26518791 checksum=8477986378400
sample backend=platform candidates=64 trial=7 elapsed_ns=26802958 checksum=8477986378400
sample backend=platform candidates=64 trial=8 elapsed_ns=26372750 checksum=8477986378400
sample backend=platform candidates=64 trial=9 elapsed_ns=26032667 checksum=8477986378400
sample backend=platform candidates=64 trial=10 elapsed_ns=26522750 checksum=8477986378400
summary backend=platform candidates=64 median_ns=26372750 scores_per_second=155311.8275492696
sample backend=swift-direct candidates=64 trial=0 elapsed_ns=28048334 checksum=8477986378400
sample backend=swift-direct candidates=64 trial=1 elapsed_ns=27832541 checksum=8477986378400
sample backend=swift-direct candidates=64 trial=2 elapsed_ns=28176083 checksum=8477986378400
sample backend=swift-direct candidates=64 trial=3 elapsed_ns=27536125 checksum=8477986378400
sample backend=swift-direct candidates=64 trial=4 elapsed_ns=27706167 checksum=8477986378400
sample backend=swift-direct candidates=64 trial=5 elapsed_ns=27432125 checksum=8477986378400
sample backend=swift-direct candidates=64 trial=6 elapsed_ns=27732042 checksum=8477986378400
sample backend=swift-direct candidates=64 trial=7 elapsed_ns=27626375 checksum=8477986378400
sample backend=swift-direct candidates=64 trial=8 elapsed_ns=27549250 checksum=8477986378400
sample backend=swift-direct candidates=64 trial=9 elapsed_ns=27366750 checksum=8477986378400
sample backend=swift-direct candidates=64 trial=10 elapsed_ns=28885667 checksum=8477986378400
summary backend=swift-direct candidates=64 median_ns=27706167 scores_per_second=147837.12232731434
sample backend=c-scalar-reference candidates=64 trial=0 elapsed_ns=25510958 checksum=8477986378400
sample backend=c-scalar-reference candidates=64 trial=1 elapsed_ns=25479291 checksum=8477986378400
sample backend=c-scalar-reference candidates=64 trial=2 elapsed_ns=25515041 checksum=8477986378400
sample backend=c-scalar-reference candidates=64 trial=3 elapsed_ns=25575542 checksum=8477986378400
sample backend=c-scalar-reference candidates=64 trial=4 elapsed_ns=25517750 checksum=8477986378400
sample backend=c-scalar-reference candidates=64 trial=5 elapsed_ns=24799916 checksum=8477986378400
sample backend=c-scalar-reference candidates=64 trial=6 elapsed_ns=25680791 checksum=8477986378400
sample backend=c-scalar-reference candidates=64 trial=7 elapsed_ns=25919083 checksum=8477986378400
sample backend=c-scalar-reference candidates=64 trial=8 elapsed_ns=25578375 checksum=8477986378400
sample backend=c-scalar-reference candidates=64 trial=9 elapsed_ns=26270166 checksum=8477986378400
sample backend=c-scalar-reference candidates=64 trial=10 elapsed_ns=26103750 checksum=8477986378400
summary backend=c-scalar-reference candidates=64 median_ns=25575542 scores_per_second=160153.00868306134
