turboquant_kernel_comparison target=native vectors=64 dimensions=768 queries=16 iterations=11 measurement_repetitions=128
sample backend=platform candidates=16 trial=0 elapsed_ns=4416959 checksum=71220885008000
sample backend=platform candidates=16 trial=1 elapsed_ns=4459166 checksum=71220885008000
sample backend=platform candidates=16 trial=2 elapsed_ns=4641833 checksum=71220885008000
sample backend=platform candidates=16 trial=3 elapsed_ns=4473000 checksum=71220885008000
sample backend=platform candidates=16 trial=4 elapsed_ns=4288167 checksum=71220885008000
sample backend=platform candidates=16 trial=5 elapsed_ns=4292625 checksum=71220885008000
sample backend=platform candidates=16 trial=6 elapsed_ns=4293625 checksum=71220885008000
sample backend=platform candidates=16 trial=7 elapsed_ns=4297375 checksum=71220885008000
sample backend=platform candidates=16 trial=8 elapsed_ns=4326875 checksum=71220885008000
sample backend=platform candidates=16 trial=9 elapsed_ns=4345750 checksum=71220885008000
sample backend=platform candidates=16 trial=10 elapsed_ns=4297750 checksum=71220885008000
summary backend=platform candidates=16 median_ns=4326875 scores_per_second=7573133.034811498
sample backend=swift-direct candidates=16 trial=0 elapsed_ns=9963333 checksum=71220885273088
sample backend=swift-direct candidates=16 trial=1 elapsed_ns=9863958 checksum=71220885273088
sample backend=swift-direct candidates=16 trial=2 elapsed_ns=10492875 checksum=71220885273088
sample backend=swift-direct candidates=16 trial=3 elapsed_ns=9999958 checksum=71220885273088
sample backend=swift-direct candidates=16 trial=4 elapsed_ns=9716625 checksum=71220885273088
sample backend=swift-direct candidates=16 trial=5 elapsed_ns=9695958 checksum=71220885273088
sample backend=swift-direct candidates=16 trial=6 elapsed_ns=9665459 checksum=71220885273088
sample backend=swift-direct candidates=16 trial=7 elapsed_ns=9810209 checksum=71220885273088
sample backend=swift-direct candidates=16 trial=8 elapsed_ns=9641333 checksum=71220885273088
sample backend=swift-direct candidates=16 trial=9 elapsed_ns=9647416 checksum=71220885273088
sample backend=swift-direct candidates=16 trial=10 elapsed_ns=9660833 checksum=71220885273088
summary backend=swift-direct candidates=16 median_ns=9716625 scores_per_second=3372364.375490461
sample backend=c-scalar-reference candidates=16 trial=0 elapsed_ns=10622666 checksum=71220884602624
sample backend=c-scalar-reference candidates=16 trial=1 elapsed_ns=10886459 checksum=71220884602624
sample backend=c-scalar-reference candidates=16 trial=2 elapsed_ns=10294417 checksum=71220884602624
sample backend=c-scalar-reference candidates=16 trial=3 elapsed_ns=10341042 checksum=71220884602624
sample backend=c-scalar-reference candidates=16 trial=4 elapsed_ns=10290875 checksum=71220884602624
sample backend=c-scalar-reference candidates=16 trial=5 elapsed_ns=10437167 checksum=71220884602624
sample backend=c-scalar-reference candidates=16 trial=6 elapsed_ns=10304042 checksum=71220884602624
sample backend=c-scalar-reference candidates=16 trial=7 elapsed_ns=10545125 checksum=71220884602624
sample backend=c-scalar-reference candidates=16 trial=8 elapsed_ns=10296250 checksum=71220884602624
sample backend=c-scalar-reference candidates=16 trial=9 elapsed_ns=10304083 checksum=71220884602624
sample backend=c-scalar-reference candidates=16 trial=10 elapsed_ns=10309375 checksum=71220884602624
summary backend=c-scalar-reference candidates=16 median_ns=10309375 scores_per_second=3178466.2018793575
sample backend=platform candidates=24 trial=0 elapsed_ns=6445459 checksum=103002778808960
sample backend=platform candidates=24 trial=1 elapsed_ns=6512125 checksum=103002778808960
sample backend=platform candidates=24 trial=2 elapsed_ns=6433500 checksum=103002778808960
sample backend=platform candidates=24 trial=3 elapsed_ns=6437042 checksum=103002778808960
sample backend=platform candidates=24 trial=4 elapsed_ns=6617041 checksum=103002778808960
sample backend=platform candidates=24 trial=5 elapsed_ns=6471208 checksum=103002778808960
sample backend=platform candidates=24 trial=6 elapsed_ns=6460000 checksum=103002778808960
sample backend=platform candidates=24 trial=7 elapsed_ns=6437917 checksum=103002778808960
sample backend=platform candidates=24 trial=8 elapsed_ns=6523750 checksum=103002778808960
sample backend=platform candidates=24 trial=9 elapsed_ns=6506583 checksum=103002778808960
sample backend=platform candidates=24 trial=10 elapsed_ns=6395958 checksum=103002778808960
summary backend=platform candidates=24 median_ns=6460000 scores_per_second=7608668.730650155
sample backend=swift-direct candidates=24 trial=0 elapsed_ns=14562667 checksum=103002775107328
sample backend=swift-direct candidates=24 trial=1 elapsed_ns=14530458 checksum=103002775107328
sample backend=swift-direct candidates=24 trial=2 elapsed_ns=14460750 checksum=103002775107328
sample backend=swift-direct candidates=24 trial=3 elapsed_ns=14538542 checksum=103002775107328
sample backend=swift-direct candidates=24 trial=4 elapsed_ns=14576458 checksum=103002775107328
sample backend=swift-direct candidates=24 trial=5 elapsed_ns=14635834 checksum=103002775107328
sample backend=swift-direct candidates=24 trial=6 elapsed_ns=14564333 checksum=103002775107328
sample backend=swift-direct candidates=24 trial=7 elapsed_ns=14477792 checksum=103002775107328
sample backend=swift-direct candidates=24 trial=8 elapsed_ns=14458041 checksum=103002775107328
sample backend=swift-direct candidates=24 trial=9 elapsed_ns=14444334 checksum=103002775107328
sample backend=swift-direct candidates=24 trial=10 elapsed_ns=14486209 checksum=103002775107328
summary backend=swift-direct candidates=24 median_ns=14530458 scores_per_second=3382687.593192176
sample backend=c-scalar-reference candidates=24 trial=0 elapsed_ns=15343250 checksum=103002772324864
sample backend=c-scalar-reference candidates=24 trial=1 elapsed_ns=15387542 checksum=103002772324864
sample backend=c-scalar-reference candidates=24 trial=2 elapsed_ns=15393917 checksum=103002772324864
sample backend=c-scalar-reference candidates=24 trial=3 elapsed_ns=15336667 checksum=103002772324864
sample backend=c-scalar-reference candidates=24 trial=4 elapsed_ns=15461875 checksum=103002772324864
sample backend=c-scalar-reference candidates=24 trial=5 elapsed_ns=15370792 checksum=103002772324864
sample backend=c-scalar-reference candidates=24 trial=6 elapsed_ns=15719875 checksum=103002772324864
sample backend=c-scalar-reference candidates=24 trial=7 elapsed_ns=15446458 checksum=103002772324864
sample backend=c-scalar-reference candidates=24 trial=8 elapsed_ns=15433875 checksum=103002772324864
sample backend=c-scalar-reference candidates=24 trial=9 elapsed_ns=15398542 checksum=103002772324864
sample backend=c-scalar-reference candidates=24 trial=10 elapsed_ns=15440792 checksum=103002772324864
summary backend=c-scalar-reference candidates=24 median_ns=15398542 scores_per_second=3191990.514426626
sample backend=platform candidates=32 trial=0 elapsed_ns=8568541 checksum=138088495990656
sample backend=platform candidates=32 trial=1 elapsed_ns=8571750 checksum=138088495990656
sample backend=platform candidates=32 trial=2 elapsed_ns=8599958 checksum=138088495990656
sample backend=platform candidates=32 trial=3 elapsed_ns=8583458 checksum=138088495990656
sample backend=platform candidates=32 trial=4 elapsed_ns=8564167 checksum=138088495990656
sample backend=platform candidates=32 trial=5 elapsed_ns=8609750 checksum=138088495990656
sample backend=platform candidates=32 trial=6 elapsed_ns=8553625 checksum=138088495990656
sample backend=platform candidates=32 trial=7 elapsed_ns=8573000 checksum=138088495990656
sample backend=platform candidates=32 trial=8 elapsed_ns=7664667 checksum=138088495990656
sample backend=platform candidates=32 trial=9 elapsed_ns=7378209 checksum=138088495990656
sample backend=platform candidates=32 trial=10 elapsed_ns=7357166 checksum=138088495990656
summary backend=platform candidates=32 median_ns=8568541 scores_per_second=7648443.299740294
sample backend=swift-direct candidates=32 trial=0 elapsed_ns=19265958 checksum=138088492169088
sample backend=swift-direct candidates=32 trial=1 elapsed_ns=19241000 checksum=138088492169088
sample backend=swift-direct candidates=32 trial=2 elapsed_ns=19250041 checksum=138088492169088
sample backend=swift-direct candidates=32 trial=3 elapsed_ns=19252584 checksum=138088492169088
sample backend=swift-direct candidates=32 trial=4 elapsed_ns=19263250 checksum=138088492169088
sample backend=swift-direct candidates=32 trial=5 elapsed_ns=19288542 checksum=138088492169088
sample backend=swift-direct candidates=32 trial=6 elapsed_ns=19259625 checksum=138088492169088
sample backend=swift-direct candidates=32 trial=7 elapsed_ns=19277834 checksum=138088492169088
sample backend=swift-direct candidates=32 trial=8 elapsed_ns=16652041 checksum=138088492169088
sample backend=swift-direct candidates=32 trial=9 elapsed_ns=16551791 checksum=138088492169088
sample backend=swift-direct candidates=32 trial=10 elapsed_ns=16648709 checksum=138088492169088
summary backend=swift-direct candidates=32 median_ns=19252584 scores_per_second=3404010.5993044884
sample backend=c-scalar-reference candidates=32 trial=0 elapsed_ns=20588791 checksum=138088489323520
sample backend=c-scalar-reference candidates=32 trial=1 elapsed_ns=20634875 checksum=138088489323520
sample backend=c-scalar-reference candidates=32 trial=2 elapsed_ns=20507042 checksum=138088489323520
sample backend=c-scalar-reference candidates=32 trial=3 elapsed_ns=20690708 checksum=138088489323520
sample backend=c-scalar-reference candidates=32 trial=4 elapsed_ns=20487375 checksum=138088489323520
sample backend=c-scalar-reference candidates=32 trial=5 elapsed_ns=20425125 checksum=138088489323520
sample backend=c-scalar-reference candidates=32 trial=6 elapsed_ns=20649958 checksum=138088489323520
sample backend=c-scalar-reference candidates=32 trial=7 elapsed_ns=20664625 checksum=138088489323520
sample backend=c-scalar-reference candidates=32 trial=8 elapsed_ns=20520208 checksum=138088489323520
sample backend=c-scalar-reference candidates=32 trial=9 elapsed_ns=17740542 checksum=138088489323520
sample backend=c-scalar-reference candidates=32 trial=10 elapsed_ns=17912333 checksum=138088489323520
summary backend=c-scalar-reference candidates=32 median_ns=20520208 scores_per_second=3193729.810146174
sample backend=platform candidates=48 trial=0 elapsed_ns=11079083 checksum=201932027908608
sample backend=platform candidates=48 trial=1 elapsed_ns=11229042 checksum=201932027908608
sample backend=platform candidates=48 trial=2 elapsed_ns=11199083 checksum=201932027908608
sample backend=platform candidates=48 trial=3 elapsed_ns=12115125 checksum=201932027908608
sample backend=platform candidates=48 trial=4 elapsed_ns=12846708 checksum=201932027908608
sample backend=platform candidates=48 trial=5 elapsed_ns=12883583 checksum=201932027908608
sample backend=platform candidates=48 trial=6 elapsed_ns=13713750 checksum=201932027908608
sample backend=platform candidates=48 trial=7 elapsed_ns=13357041 checksum=201932027908608
sample backend=platform candidates=48 trial=8 elapsed_ns=12837875 checksum=201932027908608
sample backend=platform candidates=48 trial=9 elapsed_ns=12852500 checksum=201932027908608
sample backend=platform candidates=48 trial=10 elapsed_ns=12932792 checksum=201932027908608
summary backend=platform candidates=48 median_ns=12846708 scores_per_second=7652077.092434887
sample backend=swift-direct candidates=48 trial=0 elapsed_ns=25040542 checksum=201932024036224
sample backend=swift-direct candidates=48 trial=1 elapsed_ns=24903375 checksum=201932024036224
sample backend=swift-direct candidates=48 trial=2 elapsed_ns=24922000 checksum=201932024036224
sample backend=swift-direct candidates=48 trial=3 elapsed_ns=30387750 checksum=201932024036224
sample backend=swift-direct candidates=48 trial=4 elapsed_ns=29240334 checksum=201932024036224
sample backend=swift-direct candidates=48 trial=5 elapsed_ns=31110833 checksum=201932024036224
sample backend=swift-direct candidates=48 trial=6 elapsed_ns=29021625 checksum=201932024036224
sample backend=swift-direct candidates=48 trial=7 elapsed_ns=30828500 checksum=201932024036224
sample backend=swift-direct candidates=48 trial=8 elapsed_ns=29693125 checksum=201932024036224
sample backend=swift-direct candidates=48 trial=9 elapsed_ns=28931875 checksum=201932024036224
sample backend=swift-direct candidates=48 trial=10 elapsed_ns=29106584 checksum=201932024036224
summary backend=swift-direct candidates=48 median_ns=29106584 scores_per_second=3377380.183122829
sample backend=c-scalar-reference candidates=48 trial=0 elapsed_ns=26572333 checksum=201932021178752
sample backend=c-scalar-reference candidates=48 trial=1 elapsed_ns=26562375 checksum=201932021178752
sample backend=c-scalar-reference candidates=48 trial=2 elapsed_ns=27069916 checksum=201932021178752
sample backend=c-scalar-reference candidates=48 trial=3 elapsed_ns=30912083 checksum=201932021178752
sample backend=c-scalar-reference candidates=48 trial=4 elapsed_ns=32759459 checksum=201932021178752
sample backend=c-scalar-reference candidates=48 trial=5 elapsed_ns=30670708 checksum=201932021178752
sample backend=c-scalar-reference candidates=48 trial=6 elapsed_ns=30653542 checksum=201932021178752
sample backend=c-scalar-reference candidates=48 trial=7 elapsed_ns=30691000 checksum=201932021178752
sample backend=c-scalar-reference candidates=48 trial=8 elapsed_ns=30811333 checksum=201932021178752
sample backend=c-scalar-reference candidates=48 trial=9 elapsed_ns=30912292 checksum=201932021178752
sample backend=c-scalar-reference candidates=48 trial=10 elapsed_ns=30853375 checksum=201932021178752
summary backend=c-scalar-reference candidates=48 median_ns=30691000 scores_per_second=3203023.6877260436
sample backend=platform candidates=64 trial=0 elapsed_ns=17191208 checksum=271295568004608
sample backend=platform candidates=64 trial=1 elapsed_ns=16827291 checksum=271295568004608
sample backend=platform candidates=64 trial=2 elapsed_ns=14811916 checksum=271295568004608
sample backend=platform candidates=64 trial=3 elapsed_ns=14776791 checksum=271295568004608
sample backend=platform candidates=64 trial=4 elapsed_ns=14850250 checksum=271295568004608
sample backend=platform candidates=64 trial=5 elapsed_ns=14893875 checksum=271295568004608
sample backend=platform candidates=64 trial=6 elapsed_ns=14825750 checksum=271295568004608
sample backend=platform candidates=64 trial=7 elapsed_ns=13235584 checksum=271295568004608
sample backend=platform candidates=64 trial=8 elapsed_ns=13149833 checksum=271295568004608
sample backend=platform candidates=64 trial=9 elapsed_ns=13213750 checksum=271295568004608
sample backend=platform candidates=64 trial=10 elapsed_ns=13302833 checksum=271295568004608
summary backend=platform candidates=64 median_ns=14811916 scores_per_second=8849091.501734145
sample backend=swift-direct candidates=64 trial=0 elapsed_ns=38657334 checksum=271295564108800
sample backend=swift-direct candidates=64 trial=1 elapsed_ns=38515333 checksum=271295564108800
sample backend=swift-direct candidates=64 trial=2 elapsed_ns=33262208 checksum=271295564108800
sample backend=swift-direct candidates=64 trial=3 elapsed_ns=33333125 checksum=271295564108800
sample backend=swift-direct candidates=64 trial=4 elapsed_ns=33349292 checksum=271295564108800
sample backend=swift-direct candidates=64 trial=5 elapsed_ns=33344250 checksum=271295564108800
sample backend=swift-direct candidates=64 trial=6 elapsed_ns=33338750 checksum=271295564108800
sample backend=swift-direct candidates=64 trial=7 elapsed_ns=30563375 checksum=271295564108800
sample backend=swift-direct candidates=64 trial=8 elapsed_ns=29547125 checksum=271295564108800
sample backend=swift-direct candidates=64 trial=9 elapsed_ns=29521292 checksum=271295564108800
sample backend=swift-direct candidates=64 trial=10 elapsed_ns=29716625 checksum=271295564108800
summary backend=swift-direct candidates=64 median_ns=33333125 scores_per_second=3932184.576153601
sample backend=c-scalar-reference candidates=64 trial=0 elapsed_ns=41216792 checksum=271295561272832
sample backend=c-scalar-reference candidates=64 trial=1 elapsed_ns=41057541 checksum=271295561272832
sample backend=c-scalar-reference candidates=64 trial=2 elapsed_ns=35473208 checksum=271295561272832
sample backend=c-scalar-reference candidates=64 trial=3 elapsed_ns=35491292 checksum=271295561272832
sample backend=c-scalar-reference candidates=64 trial=4 elapsed_ns=35417458 checksum=271295561272832
sample backend=c-scalar-reference candidates=64 trial=5 elapsed_ns=35379292 checksum=271295561272832
sample backend=c-scalar-reference candidates=64 trial=6 elapsed_ns=35668000 checksum=271295561272832
sample backend=c-scalar-reference candidates=64 trial=7 elapsed_ns=31695542 checksum=271295561272832
sample backend=c-scalar-reference candidates=64 trial=8 elapsed_ns=31627292 checksum=271295561272832
sample backend=c-scalar-reference candidates=64 trial=9 elapsed_ns=31433458 checksum=271295561272832
sample backend=c-scalar-reference candidates=64 trial=10 elapsed_ns=31367375 checksum=271295561272832
summary backend=c-scalar-reference candidates=64 median_ns=35417458 scores_per_second=3700773.7822403857
