turboquant_kernel_comparison target=wasm vectors=64 dimensions=768 queries=16 iterations=11 measurement_repetitions=4
sample backend=platform candidates=16 trial=0 elapsed_ns=5927667 checksum=2225652664784
sample backend=platform candidates=16 trial=1 elapsed_ns=5421708 checksum=2225652664784
sample backend=platform candidates=16 trial=2 elapsed_ns=5652959 checksum=2225652664784
sample backend=platform candidates=16 trial=3 elapsed_ns=5661333 checksum=2225652664784
sample backend=platform candidates=16 trial=4 elapsed_ns=5661250 checksum=2225652664784
sample backend=platform candidates=16 trial=5 elapsed_ns=5904333 checksum=2225652664784
sample backend=platform candidates=16 trial=6 elapsed_ns=5494458 checksum=2225652664784
sample backend=platform candidates=16 trial=7 elapsed_ns=5766708 checksum=2225652664784
sample backend=platform candidates=16 trial=8 elapsed_ns=5705334 checksum=2225652664784
sample backend=platform candidates=16 trial=9 elapsed_ns=5661709 checksum=2225652664784
sample backend=platform candidates=16 trial=10 elapsed_ns=5845417 checksum=2225652664784
summary backend=platform candidates=16 median_ns=5661709 scores_per_second=180864.1171773399
sample backend=swift-direct candidates=16 trial=0 elapsed_ns=6192917 checksum=2225652664784
sample backend=swift-direct candidates=16 trial=1 elapsed_ns=6058041 checksum=2225652664784
sample backend=swift-direct candidates=16 trial=2 elapsed_ns=5742833 checksum=2225652664784
sample backend=swift-direct candidates=16 trial=3 elapsed_ns=5984375 checksum=2225652664784
sample backend=swift-direct candidates=16 trial=4 elapsed_ns=5909000 checksum=2225652664784
sample backend=swift-direct candidates=16 trial=5 elapsed_ns=6034666 checksum=2225652664784
sample backend=swift-direct candidates=16 trial=6 elapsed_ns=6059166 checksum=2225652664784
sample backend=swift-direct candidates=16 trial=7 elapsed_ns=5972458 checksum=2225652664784
sample backend=swift-direct candidates=16 trial=8 elapsed_ns=6068666 checksum=2225652664784
sample backend=swift-direct candidates=16 trial=9 elapsed_ns=5916542 checksum=2225652664784
sample backend=swift-direct candidates=16 trial=10 elapsed_ns=6194708 checksum=2225652664784
summary backend=swift-direct candidates=16 median_ns=6034666 scores_per_second=169686.2759264556
sample backend=c-scalar-reference candidates=16 trial=0 elapsed_ns=5454583 checksum=2225652664784
sample backend=c-scalar-reference candidates=16 trial=1 elapsed_ns=5742500 checksum=2225652664784
sample backend=c-scalar-reference candidates=16 trial=2 elapsed_ns=5300542 checksum=2225652664784
sample backend=c-scalar-reference candidates=16 trial=3 elapsed_ns=5506209 checksum=2225652664784
sample backend=c-scalar-reference candidates=16 trial=4 elapsed_ns=5523833 checksum=2225652664784
sample backend=c-scalar-reference candidates=16 trial=5 elapsed_ns=5348667 checksum=2225652664784
sample backend=c-scalar-reference candidates=16 trial=6 elapsed_ns=5764250 checksum=2225652664784
sample backend=c-scalar-reference candidates=16 trial=7 elapsed_ns=5488542 checksum=2225652664784
sample backend=c-scalar-reference candidates=16 trial=8 elapsed_ns=5441208 checksum=2225652664784
sample backend=c-scalar-reference candidates=16 trial=9 elapsed_ns=5625792 checksum=2225652664784
sample backend=c-scalar-reference candidates=16 trial=10 elapsed_ns=5470917 checksum=2225652664784
summary backend=c-scalar-reference candidates=16 median_ns=5488542 scores_per_second=186570.49540661255
sample backend=platform candidates=24 trial=0 elapsed_ns=8125666 checksum=3218836722104
sample backend=platform candidates=24 trial=1 elapsed_ns=8248125 checksum=3218836722104
sample backend=platform candidates=24 trial=2 elapsed_ns=8339583 checksum=3218836722104
sample backend=platform candidates=24 trial=3 elapsed_ns=8462041 checksum=3218836722104
sample backend=platform candidates=24 trial=4 elapsed_ns=8512208 checksum=3218836722104
sample backend=platform candidates=24 trial=5 elapsed_ns=8509709 checksum=3218836722104
sample backend=platform candidates=24 trial=6 elapsed_ns=8333250 checksum=3218836722104
sample backend=platform candidates=24 trial=7 elapsed_ns=8371833 checksum=3218836722104
sample backend=platform candidates=24 trial=8 elapsed_ns=8460542 checksum=3218836722104
sample backend=platform candidates=24 trial=9 elapsed_ns=8650333 checksum=3218836722104
sample backend=platform candidates=24 trial=10 elapsed_ns=8534916 checksum=3218836722104
summary backend=platform candidates=24 median_ns=8460542 scores_per_second=181548.65255677473
sample backend=swift-direct candidates=24 trial=0 elapsed_ns=8764166 checksum=3218836722104
sample backend=swift-direct candidates=24 trial=1 elapsed_ns=8588708 checksum=3218836722104
sample backend=swift-direct candidates=24 trial=2 elapsed_ns=8855708 checksum=3218836722104
sample backend=swift-direct candidates=24 trial=3 elapsed_ns=8947625 checksum=3218836722104
sample backend=swift-direct candidates=24 trial=4 elapsed_ns=8925208 checksum=3218836722104
sample backend=swift-direct candidates=24 trial=5 elapsed_ns=8944833 checksum=3218836722104
sample backend=swift-direct candidates=24 trial=6 elapsed_ns=8896084 checksum=3218836722104
sample backend=swift-direct candidates=24 trial=7 elapsed_ns=8956792 checksum=3218836722104
sample backend=swift-direct candidates=24 trial=8 elapsed_ns=8954666 checksum=3218836722104
sample backend=swift-direct candidates=24 trial=9 elapsed_ns=8823208 checksum=3218836722104
sample backend=swift-direct candidates=24 trial=10 elapsed_ns=8934875 checksum=3218836722104
summary backend=swift-direct candidates=24 median_ns=8925208 scores_per_second=172096.8295640841
sample backend=c-scalar-reference candidates=24 trial=0 elapsed_ns=7996917 checksum=3218836722104
sample backend=c-scalar-reference candidates=24 trial=1 elapsed_ns=8098375 checksum=3218836722104
sample backend=c-scalar-reference candidates=24 trial=2 elapsed_ns=8385459 checksum=3218836722104
sample backend=c-scalar-reference candidates=24 trial=3 elapsed_ns=8297583 checksum=3218836722104
sample backend=c-scalar-reference candidates=24 trial=4 elapsed_ns=8198459 checksum=3218836722104
sample backend=c-scalar-reference candidates=24 trial=5 elapsed_ns=8158959 checksum=3218836722104
sample backend=c-scalar-reference candidates=24 trial=6 elapsed_ns=8071125 checksum=3218836722104
sample backend=c-scalar-reference candidates=24 trial=7 elapsed_ns=8128375 checksum=3218836722104
sample backend=c-scalar-reference candidates=24 trial=8 elapsed_ns=8305708 checksum=3218836722104
sample backend=c-scalar-reference candidates=24 trial=9 elapsed_ns=8190209 checksum=3218836722104
sample backend=c-scalar-reference candidates=24 trial=10 elapsed_ns=8260375 checksum=3218836722104
summary backend=c-scalar-reference candidates=24 median_ns=8190209 scores_per_second=187541.00170093338
sample backend=platform candidates=32 trial=0 elapsed_ns=11315916 checksum=4315265380284
sample backend=platform candidates=32 trial=1 elapsed_ns=11562625 checksum=4315265380284
sample backend=platform candidates=32 trial=2 elapsed_ns=11311500 checksum=4315265380284
sample backend=platform candidates=32 trial=3 elapsed_ns=11172709 checksum=4315265380284
sample backend=platform candidates=32 trial=4 elapsed_ns=10985875 checksum=4315265380284
sample backend=platform candidates=32 trial=5 elapsed_ns=11086000 checksum=4315265380284
sample backend=platform candidates=32 trial=6 elapsed_ns=11042000 checksum=4315265380284
sample backend=platform candidates=32 trial=7 elapsed_ns=11100083 checksum=4315265380284
sample backend=platform candidates=32 trial=8 elapsed_ns=11459666 checksum=4315265380284
sample backend=platform candidates=32 trial=9 elapsed_ns=11501416 checksum=4315265380284
sample backend=platform candidates=32 trial=10 elapsed_ns=11489458 checksum=4315265380284
summary backend=platform candidates=32 median_ns=11311500 scores_per_second=181054.67886664014
sample backend=swift-direct candidates=32 trial=0 elapsed_ns=11805750 checksum=4315265380284
sample backend=swift-direct candidates=32 trial=1 elapsed_ns=12153292 checksum=4315265380284
sample backend=swift-direct candidates=32 trial=2 elapsed_ns=12053500 checksum=4315265380284
sample backend=swift-direct candidates=32 trial=3 elapsed_ns=11805458 checksum=4315265380284
sample backend=swift-direct candidates=32 trial=4 elapsed_ns=11797083 checksum=4315265380284
sample backend=swift-direct candidates=32 trial=5 elapsed_ns=12091958 checksum=4315265380284
sample backend=swift-direct candidates=32 trial=6 elapsed_ns=12115042 checksum=4315265380284
sample backend=swift-direct candidates=32 trial=7 elapsed_ns=11913916 checksum=4315265380284
sample backend=swift-direct candidates=32 trial=8 elapsed_ns=11962208 checksum=4315265380284
sample backend=swift-direct candidates=32 trial=9 elapsed_ns=11910958 checksum=4315265380284
sample backend=swift-direct candidates=32 trial=10 elapsed_ns=12086250 checksum=4315265380284
summary backend=swift-direct candidates=32 median_ns=11962208 scores_per_second=171205.85095995656
sample backend=c-scalar-reference candidates=32 trial=0 elapsed_ns=10806709 checksum=4315265380284
sample backend=c-scalar-reference candidates=32 trial=1 elapsed_ns=10822209 checksum=4315265380284
sample backend=c-scalar-reference candidates=32 trial=2 elapsed_ns=10960292 checksum=4315265380284
sample backend=c-scalar-reference candidates=32 trial=3 elapsed_ns=11001208 checksum=4315265380284
sample backend=c-scalar-reference candidates=32 trial=4 elapsed_ns=10831542 checksum=4315265380284
sample backend=c-scalar-reference candidates=32 trial=5 elapsed_ns=10684375 checksum=4315265380284
sample backend=c-scalar-reference candidates=32 trial=6 elapsed_ns=10984208 checksum=4315265380284
sample backend=c-scalar-reference candidates=32 trial=7 elapsed_ns=11062375 checksum=4315265380284
sample backend=c-scalar-reference candidates=32 trial=8 elapsed_ns=10927334 checksum=4315265380284
sample backend=c-scalar-reference candidates=32 trial=9 elapsed_ns=10991709 checksum=4315265380284
sample backend=c-scalar-reference candidates=32 trial=10 elapsed_ns=10896041 checksum=4315265380284
summary backend=c-scalar-reference candidates=32 median_ns=10927334 scores_per_second=187419.9141345913
sample backend=platform candidates=48 trial=0 elapsed_ns=17017334 checksum=6310375751132
sample backend=platform candidates=48 trial=1 elapsed_ns=16933250 checksum=6310375751132
sample backend=platform candidates=48 trial=2 elapsed_ns=17075833 checksum=6310375751132
sample backend=platform candidates=48 trial=3 elapsed_ns=17058917 checksum=6310375751132
sample backend=platform candidates=48 trial=4 elapsed_ns=17045791 checksum=6310375751132
sample backend=platform candidates=48 trial=5 elapsed_ns=16886042 checksum=6310375751132
sample backend=platform candidates=48 trial=6 elapsed_ns=16976250 checksum=6310375751132
sample backend=platform candidates=48 trial=7 elapsed_ns=16537334 checksum=6310375751132
sample backend=platform candidates=48 trial=8 elapsed_ns=16718042 checksum=6310375751132
sample backend=platform candidates=48 trial=9 elapsed_ns=16912083 checksum=6310375751132
sample backend=platform candidates=48 trial=10 elapsed_ns=16631042 checksum=6310375751132
summary backend=platform candidates=48 median_ns=16933250 scores_per_second=181418.21564082502
sample backend=swift-direct candidates=48 trial=0 elapsed_ns=17906750 checksum=6310375751132
sample backend=swift-direct candidates=48 trial=1 elapsed_ns=17222958 checksum=6310375751132
sample backend=swift-direct candidates=48 trial=2 elapsed_ns=17808417 checksum=6310375751132
sample backend=swift-direct candidates=48 trial=3 elapsed_ns=17946875 checksum=6310375751132
sample backend=swift-direct candidates=48 trial=4 elapsed_ns=17988917 checksum=6310375751132
sample backend=swift-direct candidates=48 trial=5 elapsed_ns=17690458 checksum=6310375751132
sample backend=swift-direct candidates=48 trial=6 elapsed_ns=17265875 checksum=6310375751132
sample backend=swift-direct candidates=48 trial=7 elapsed_ns=17815750 checksum=6310375751132
sample backend=swift-direct candidates=48 trial=8 elapsed_ns=18055084 checksum=6310375751132
sample backend=swift-direct candidates=48 trial=9 elapsed_ns=18061417 checksum=6310375751132
sample backend=swift-direct candidates=48 trial=10 elapsed_ns=17904208 checksum=6310375751132
summary backend=swift-direct candidates=48 median_ns=17904208 scores_per_second=171579.77610626508
sample backend=c-scalar-reference candidates=48 trial=0 elapsed_ns=16935125 checksum=6310375751132
sample backend=c-scalar-reference candidates=48 trial=1 elapsed_ns=16213459 checksum=6310375751132
sample backend=c-scalar-reference candidates=48 trial=2 elapsed_ns=16784834 checksum=6310375751132
sample backend=c-scalar-reference candidates=48 trial=3 elapsed_ns=16687875 checksum=6310375751132
sample backend=c-scalar-reference candidates=48 trial=4 elapsed_ns=16545833 checksum=6310375751132
sample backend=c-scalar-reference candidates=48 trial=5 elapsed_ns=16658375 checksum=6310375751132
sample backend=c-scalar-reference candidates=48 trial=6 elapsed_ns=16425125 checksum=6310375751132
sample backend=c-scalar-reference candidates=48 trial=7 elapsed_ns=15877791 checksum=6310375751132
sample backend=c-scalar-reference candidates=48 trial=8 elapsed_ns=16405667 checksum=6310375751132
sample backend=c-scalar-reference candidates=48 trial=9 elapsed_ns=16503791 checksum=6310375751132
sample backend=c-scalar-reference candidates=48 trial=10 elapsed_ns=16315375 checksum=6310375751132
summary backend=c-scalar-reference candidates=48 median_ns=16503791 scores_per_second=186139.05132463202
sample backend=platform candidates=64 trial=0 elapsed_ns=22752084 checksum=8477986378400
sample backend=platform candidates=64 trial=1 elapsed_ns=22699000 checksum=8477986378400
sample backend=platform candidates=64 trial=2 elapsed_ns=22260834 checksum=8477986378400
sample backend=platform candidates=64 trial=3 elapsed_ns=22799542 checksum=8477986378400
sample backend=platform candidates=64 trial=4 elapsed_ns=22640875 checksum=8477986378400
sample backend=platform candidates=64 trial=5 elapsed_ns=22840208 checksum=8477986378400
sample backend=platform candidates=64 trial=6 elapsed_ns=22386709 checksum=8477986378400
sample backend=platform candidates=64 trial=7 elapsed_ns=21483000 checksum=8477986378400
sample backend=platform candidates=64 trial=8 elapsed_ns=21401208 checksum=8477986378400
sample backend=platform candidates=64 trial=9 elapsed_ns=21402625 checksum=8477986378400
sample backend=platform candidates=64 trial=10 elapsed_ns=21451708 checksum=8477986378400
summary backend=platform candidates=64 median_ns=22386709 scores_per_second=182965.70523161755
sample backend=swift-direct candidates=64 trial=0 elapsed_ns=24024834 checksum=8477986378400
sample backend=swift-direct candidates=64 trial=1 elapsed_ns=23821750 checksum=8477986378400
sample backend=swift-direct candidates=64 trial=2 elapsed_ns=23758875 checksum=8477986378400
sample backend=swift-direct candidates=64 trial=3 elapsed_ns=23956708 checksum=8477986378400
sample backend=swift-direct candidates=64 trial=4 elapsed_ns=23994417 checksum=8477986378400
sample backend=swift-direct candidates=64 trial=5 elapsed_ns=23842959 checksum=8477986378400
sample backend=swift-direct candidates=64 trial=6 elapsed_ns=23930500 checksum=8477986378400
sample backend=swift-direct candidates=64 trial=7 elapsed_ns=22768958 checksum=8477986378400
sample backend=swift-direct candidates=64 trial=8 elapsed_ns=22354584 checksum=8477986378400
sample backend=swift-direct candidates=64 trial=9 elapsed_ns=22782041 checksum=8477986378400
sample backend=swift-direct candidates=64 trial=10 elapsed_ns=22659000 checksum=8477986378400
summary backend=swift-direct candidates=64 median_ns=23821750 scores_per_second=171943.7069065035
sample backend=c-scalar-reference candidates=64 trial=0 elapsed_ns=22224500 checksum=8477986378400
sample backend=c-scalar-reference candidates=64 trial=1 elapsed_ns=22019708 checksum=8477986378400
sample backend=c-scalar-reference candidates=64 trial=2 elapsed_ns=21643584 checksum=8477986378400
sample backend=c-scalar-reference candidates=64 trial=3 elapsed_ns=22099166 checksum=8477986378400
sample backend=c-scalar-reference candidates=64 trial=4 elapsed_ns=22337209 checksum=8477986378400
sample backend=c-scalar-reference candidates=64 trial=5 elapsed_ns=22154209 checksum=8477986378400
sample backend=c-scalar-reference candidates=64 trial=6 elapsed_ns=21691125 checksum=8477986378400
sample backend=c-scalar-reference candidates=64 trial=7 elapsed_ns=20946333 checksum=8477986378400
sample backend=c-scalar-reference candidates=64 trial=8 elapsed_ns=21106792 checksum=8477986378400
sample backend=c-scalar-reference candidates=64 trial=9 elapsed_ns=21221208 checksum=8477986378400
sample backend=c-scalar-reference candidates=64 trial=10 elapsed_ns=21118625 checksum=8477986378400
summary backend=c-scalar-reference candidates=64 median_ns=21691125 scores_per_second=188832.9904511638
