turboquant_kernel_comparison target=embedded-wasm vectors=64 dimensions=768 queries=16 iterations=11 measurement_repetitions=4
sample backend=platform candidates=16 trial=0 elapsed_ns=5632833 checksum=2225652664784
sample backend=platform candidates=16 trial=1 elapsed_ns=5639125 checksum=2225652664784
sample backend=platform candidates=16 trial=2 elapsed_ns=5457416 checksum=2225652664784
sample backend=platform candidates=16 trial=3 elapsed_ns=5900584 checksum=2225652664784
sample backend=platform candidates=16 trial=4 elapsed_ns=5482667 checksum=2225652664784
sample backend=platform candidates=16 trial=5 elapsed_ns=5880291 checksum=2225652664784
sample backend=platform candidates=16 trial=6 elapsed_ns=5609125 checksum=2225652664784
sample backend=platform candidates=16 trial=7 elapsed_ns=5477458 checksum=2225652664784
sample backend=platform candidates=16 trial=8 elapsed_ns=5997250 checksum=2225652664784
sample backend=platform candidates=16 trial=9 elapsed_ns=5485459 checksum=2225652664784
sample backend=platform candidates=16 trial=10 elapsed_ns=5956459 checksum=2225652664784
summary backend=platform candidates=16 median_ns=5632833 scores_per_second=181791.29400782875
sample backend=swift-direct candidates=16 trial=0 elapsed_ns=5809333 checksum=2225652664784
sample backend=swift-direct candidates=16 trial=1 elapsed_ns=6079083 checksum=2225652664784
sample backend=swift-direct candidates=16 trial=2 elapsed_ns=6014333 checksum=2225652664784
sample backend=swift-direct candidates=16 trial=3 elapsed_ns=6183291 checksum=2225652664784
sample backend=swift-direct candidates=16 trial=4 elapsed_ns=6233292 checksum=2225652664784
sample backend=swift-direct candidates=16 trial=5 elapsed_ns=5863916 checksum=2225652664784
sample backend=swift-direct candidates=16 trial=6 elapsed_ns=6043125 checksum=2225652664784
sample backend=swift-direct candidates=16 trial=7 elapsed_ns=5677916 checksum=2225652664784
sample backend=swift-direct candidates=16 trial=8 elapsed_ns=6149458 checksum=2225652664784
sample backend=swift-direct candidates=16 trial=9 elapsed_ns=6143250 checksum=2225652664784
sample backend=swift-direct candidates=16 trial=10 elapsed_ns=6371375 checksum=2225652664784
summary backend=swift-direct candidates=16 median_ns=6079083 scores_per_second=168446.45812534555
sample backend=c-scalar-reference candidates=16 trial=0 elapsed_ns=5829750 checksum=2225652664784
sample backend=c-scalar-reference candidates=16 trial=1 elapsed_ns=5619083 checksum=2225652664784
sample backend=c-scalar-reference candidates=16 trial=2 elapsed_ns=5660042 checksum=2225652664784
sample backend=c-scalar-reference candidates=16 trial=3 elapsed_ns=5752417 checksum=2225652664784
sample backend=c-scalar-reference candidates=16 trial=4 elapsed_ns=6281250 checksum=2225652664784
sample backend=c-scalar-reference candidates=16 trial=5 elapsed_ns=5210375 checksum=2225652664784
sample backend=c-scalar-reference candidates=16 trial=6 elapsed_ns=5615750 checksum=2225652664784
sample backend=c-scalar-reference candidates=16 trial=7 elapsed_ns=5437875 checksum=2225652664784
sample backend=c-scalar-reference candidates=16 trial=8 elapsed_ns=5178000 checksum=2225652664784
sample backend=c-scalar-reference candidates=16 trial=9 elapsed_ns=5874541 checksum=2225652664784
sample backend=c-scalar-reference candidates=16 trial=10 elapsed_ns=5492000 checksum=2225652664784
summary backend=c-scalar-reference candidates=16 median_ns=5619083 scores_per_second=182236.14066565665
sample backend=platform candidates=24 trial=0 elapsed_ns=8463666 checksum=3218836722104
sample backend=platform candidates=24 trial=1 elapsed_ns=8866667 checksum=3218836722104
sample backend=platform candidates=24 trial=2 elapsed_ns=8648875 checksum=3218836722104
sample backend=platform candidates=24 trial=3 elapsed_ns=8634834 checksum=3218836722104
sample backend=platform candidates=24 trial=4 elapsed_ns=8777875 checksum=3218836722104
sample backend=platform candidates=24 trial=5 elapsed_ns=8430125 checksum=3218836722104
sample backend=platform candidates=24 trial=6 elapsed_ns=8426209 checksum=3218836722104
sample backend=platform candidates=24 trial=7 elapsed_ns=8465750 checksum=3218836722104
sample backend=platform candidates=24 trial=8 elapsed_ns=8565334 checksum=3218836722104
sample backend=platform candidates=24 trial=9 elapsed_ns=8575833 checksum=3218836722104
sample backend=platform candidates=24 trial=10 elapsed_ns=8298250 checksum=3218836722104
summary backend=platform candidates=24 median_ns=8565334 scores_per_second=179327.50783565475
sample backend=swift-direct candidates=24 trial=0 elapsed_ns=8874042 checksum=3218836722104
sample backend=swift-direct candidates=24 trial=1 elapsed_ns=9088250 checksum=3218836722104
sample backend=swift-direct candidates=24 trial=2 elapsed_ns=9103500 checksum=3218836722104
sample backend=swift-direct candidates=24 trial=3 elapsed_ns=8945250 checksum=3218836722104
sample backend=swift-direct candidates=24 trial=4 elapsed_ns=9170250 checksum=3218836722104
sample backend=swift-direct candidates=24 trial=5 elapsed_ns=9008000 checksum=3218836722104
sample backend=swift-direct candidates=24 trial=6 elapsed_ns=8670500 checksum=3218836722104
sample backend=swift-direct candidates=24 trial=7 elapsed_ns=8938667 checksum=3218836722104
sample backend=swift-direct candidates=24 trial=8 elapsed_ns=8908208 checksum=3218836722104
sample backend=swift-direct candidates=24 trial=9 elapsed_ns=9192750 checksum=3218836722104
sample backend=swift-direct candidates=24 trial=10 elapsed_ns=8931917 checksum=3218836722104
summary backend=swift-direct candidates=24 median_ns=8945250 scores_per_second=171711.24339733378
sample backend=c-scalar-reference candidates=24 trial=0 elapsed_ns=8348250 checksum=3218836722104
sample backend=c-scalar-reference candidates=24 trial=1 elapsed_ns=8209125 checksum=3218836722104
sample backend=c-scalar-reference candidates=24 trial=2 elapsed_ns=8532083 checksum=3218836722104
sample backend=c-scalar-reference candidates=24 trial=3 elapsed_ns=8301041 checksum=3218836722104
sample backend=c-scalar-reference candidates=24 trial=4 elapsed_ns=8586792 checksum=3218836722104
sample backend=c-scalar-reference candidates=24 trial=5 elapsed_ns=8715833 checksum=3218836722104
sample backend=c-scalar-reference candidates=24 trial=6 elapsed_ns=8172167 checksum=3218836722104
sample backend=c-scalar-reference candidates=24 trial=7 elapsed_ns=8337167 checksum=3218836722104
sample backend=c-scalar-reference candidates=24 trial=8 elapsed_ns=8298125 checksum=3218836722104
sample backend=c-scalar-reference candidates=24 trial=9 elapsed_ns=8461250 checksum=3218836722104
sample backend=c-scalar-reference candidates=24 trial=10 elapsed_ns=8427500 checksum=3218836722104
summary backend=c-scalar-reference candidates=24 median_ns=8348250 scores_per_second=183990.65672446322
sample backend=platform candidates=32 trial=0 elapsed_ns=11044709 checksum=4315265380284
sample backend=platform candidates=32 trial=1 elapsed_ns=11119542 checksum=4315265380284
sample backend=platform candidates=32 trial=2 elapsed_ns=11941666 checksum=4315265380284
sample backend=platform candidates=32 trial=3 elapsed_ns=11836625 checksum=4315265380284
sample backend=platform candidates=32 trial=4 elapsed_ns=11604416 checksum=4315265380284
sample backend=platform candidates=32 trial=5 elapsed_ns=12056416 checksum=4315265380284
sample backend=platform candidates=32 trial=6 elapsed_ns=11120292 checksum=4315265380284
sample backend=platform candidates=32 trial=7 elapsed_ns=11012500 checksum=4315265380284
sample backend=platform candidates=32 trial=8 elapsed_ns=11397083 checksum=4315265380284
sample backend=platform candidates=32 trial=9 elapsed_ns=11759875 checksum=4315265380284
sample backend=platform candidates=32 trial=10 elapsed_ns=11555709 checksum=4315265380284
summary backend=platform candidates=32 median_ns=11555709 scores_per_second=177228.41584190118
sample backend=swift-direct candidates=32 trial=0 elapsed_ns=12129791 checksum=4315265380284
sample backend=swift-direct candidates=32 trial=1 elapsed_ns=11636833 checksum=4315265380284
sample backend=swift-direct candidates=32 trial=2 elapsed_ns=11981542 checksum=4315265380284
sample backend=swift-direct candidates=32 trial=3 elapsed_ns=12107584 checksum=4315265380284
sample backend=swift-direct candidates=32 trial=4 elapsed_ns=12108792 checksum=4315265380284
sample backend=swift-direct candidates=32 trial=5 elapsed_ns=12062542 checksum=4315265380284
sample backend=swift-direct candidates=32 trial=6 elapsed_ns=12124958 checksum=4315265380284
sample backend=swift-direct candidates=32 trial=7 elapsed_ns=11821667 checksum=4315265380284
sample backend=swift-direct candidates=32 trial=8 elapsed_ns=11578292 checksum=4315265380284
sample backend=swift-direct candidates=32 trial=9 elapsed_ns=11854959 checksum=4315265380284
sample backend=swift-direct candidates=32 trial=10 elapsed_ns=12215041 checksum=4315265380284
summary backend=swift-direct candidates=32 median_ns=12062542 scores_per_second=169781.79226236063
sample backend=c-scalar-reference candidates=32 trial=0 elapsed_ns=11189708 checksum=4315265380284
sample backend=c-scalar-reference candidates=32 trial=1 elapsed_ns=11681959 checksum=4315265380284
sample backend=c-scalar-reference candidates=32 trial=2 elapsed_ns=11051042 checksum=4315265380284
sample backend=c-scalar-reference candidates=32 trial=3 elapsed_ns=11339417 checksum=4315265380284
sample backend=c-scalar-reference candidates=32 trial=4 elapsed_ns=11272042 checksum=4315265380284
sample backend=c-scalar-reference candidates=32 trial=5 elapsed_ns=11164667 checksum=4315265380284
sample backend=c-scalar-reference candidates=32 trial=6 elapsed_ns=11270209 checksum=4315265380284
sample backend=c-scalar-reference candidates=32 trial=7 elapsed_ns=11232667 checksum=4315265380284
sample backend=c-scalar-reference candidates=32 trial=8 elapsed_ns=11338584 checksum=4315265380284
sample backend=c-scalar-reference candidates=32 trial=9 elapsed_ns=11245250 checksum=4315265380284
sample backend=c-scalar-reference candidates=32 trial=10 elapsed_ns=11325208 checksum=4315265380284
summary backend=c-scalar-reference candidates=32 median_ns=11270209 scores_per_second=181718.01427994814
sample backend=platform candidates=48 trial=0 elapsed_ns=17500500 checksum=6310375751132
sample backend=platform candidates=48 trial=1 elapsed_ns=17158958 checksum=6310375751132
sample backend=platform candidates=48 trial=2 elapsed_ns=17231667 checksum=6310375751132
sample backend=platform candidates=48 trial=3 elapsed_ns=17185542 checksum=6310375751132
sample backend=platform candidates=48 trial=4 elapsed_ns=16816625 checksum=6310375751132
sample backend=platform candidates=48 trial=5 elapsed_ns=17124542 checksum=6310375751132
sample backend=platform candidates=48 trial=6 elapsed_ns=17089833 checksum=6310375751132
sample backend=platform candidates=48 trial=7 elapsed_ns=17307333 checksum=6310375751132
sample backend=platform candidates=48 trial=8 elapsed_ns=17465750 checksum=6310375751132
sample backend=platform candidates=48 trial=9 elapsed_ns=17129833 checksum=6310375751132
sample backend=platform candidates=48 trial=10 elapsed_ns=16883000 checksum=6310375751132
summary backend=platform candidates=48 median_ns=17158958 scores_per_second=179031.85030233188
sample backend=swift-direct candidates=48 trial=0 elapsed_ns=18294042 checksum=6310375751132
sample backend=swift-direct candidates=48 trial=1 elapsed_ns=17708209 checksum=6310375751132
sample backend=swift-direct candidates=48 trial=2 elapsed_ns=17793792 checksum=6310375751132
sample backend=swift-direct candidates=48 trial=3 elapsed_ns=18215458 checksum=6310375751132
sample backend=swift-direct candidates=48 trial=4 elapsed_ns=17800041 checksum=6310375751132
sample backend=swift-direct candidates=48 trial=5 elapsed_ns=17762125 checksum=6310375751132
sample backend=swift-direct candidates=48 trial=6 elapsed_ns=17932208 checksum=6310375751132
sample backend=swift-direct candidates=48 trial=7 elapsed_ns=18020500 checksum=6310375751132
sample backend=swift-direct candidates=48 trial=8 elapsed_ns=17506916 checksum=6310375751132
sample backend=swift-direct candidates=48 trial=9 elapsed_ns=17611500 checksum=6310375751132
sample backend=swift-direct candidates=48 trial=10 elapsed_ns=17715334 checksum=6310375751132
summary backend=swift-direct candidates=48 median_ns=17793792 scores_per_second=172644.48185074885
sample backend=c-scalar-reference candidates=48 trial=0 elapsed_ns=16613083 checksum=6310375751132
sample backend=c-scalar-reference candidates=48 trial=1 elapsed_ns=16248916 checksum=6310375751132
sample backend=c-scalar-reference candidates=48 trial=2 elapsed_ns=16554417 checksum=6310375751132
sample backend=c-scalar-reference candidates=48 trial=3 elapsed_ns=17453041 checksum=6310375751132
sample backend=c-scalar-reference candidates=48 trial=4 elapsed_ns=16901334 checksum=6310375751132
sample backend=c-scalar-reference candidates=48 trial=5 elapsed_ns=16787959 checksum=6310375751132
sample backend=c-scalar-reference candidates=48 trial=6 elapsed_ns=16932625 checksum=6310375751132
sample backend=c-scalar-reference candidates=48 trial=7 elapsed_ns=17083667 checksum=6310375751132
sample backend=c-scalar-reference candidates=48 trial=8 elapsed_ns=17080708 checksum=6310375751132
sample backend=c-scalar-reference candidates=48 trial=9 elapsed_ns=16111166 checksum=6310375751132
sample backend=c-scalar-reference candidates=48 trial=10 elapsed_ns=16570208 checksum=6310375751132
summary backend=c-scalar-reference candidates=48 median_ns=16787959 scores_per_second=182988.29536097866
sample backend=platform candidates=64 trial=0 elapsed_ns=23352625 checksum=8477986378400
sample backend=platform candidates=64 trial=1 elapsed_ns=22933250 checksum=8477986378400
sample backend=platform candidates=64 trial=2 elapsed_ns=22673375 checksum=8477986378400
sample backend=platform candidates=64 trial=3 elapsed_ns=23033542 checksum=8477986378400
sample backend=platform candidates=64 trial=4 elapsed_ns=22732875 checksum=8477986378400
sample backend=platform candidates=64 trial=5 elapsed_ns=22554083 checksum=8477986378400
sample backend=platform candidates=64 trial=6 elapsed_ns=22851916 checksum=8477986378400
sample backend=platform candidates=64 trial=7 elapsed_ns=21484791 checksum=8477986378400
sample backend=platform candidates=64 trial=8 elapsed_ns=21516458 checksum=8477986378400
sample backend=platform candidates=64 trial=9 elapsed_ns=22121333 checksum=8477986378400
sample backend=platform candidates=64 trial=10 elapsed_ns=23824875 checksum=8477986378400
summary backend=platform candidates=64 median_ns=22732875 scores_per_second=180179.58573211703
sample backend=swift-direct candidates=64 trial=0 elapsed_ns=23786166 checksum=8477986378400
sample backend=swift-direct candidates=64 trial=1 elapsed_ns=23906917 checksum=8477986378400
sample backend=swift-direct candidates=64 trial=2 elapsed_ns=24215541 checksum=8477986378400
sample backend=swift-direct candidates=64 trial=3 elapsed_ns=24142084 checksum=8477986378400
sample backend=swift-direct candidates=64 trial=4 elapsed_ns=24098000 checksum=8477986378400
sample backend=swift-direct candidates=64 trial=5 elapsed_ns=24058875 checksum=8477986378400
sample backend=swift-direct candidates=64 trial=6 elapsed_ns=23873167 checksum=8477986378400
sample backend=swift-direct candidates=64 trial=7 elapsed_ns=23307333 checksum=8477986378400
sample backend=swift-direct candidates=64 trial=8 elapsed_ns=22723250 checksum=8477986378400
sample backend=swift-direct candidates=64 trial=9 elapsed_ns=24997417 checksum=8477986378400
sample backend=swift-direct candidates=64 trial=10 elapsed_ns=25658958 checksum=8477986378400
summary backend=swift-direct candidates=64 median_ns=24058875 scores_per_second=170249.0245283705
sample backend=c-scalar-reference candidates=64 trial=0 elapsed_ns=22207000 checksum=8477986378400
sample backend=c-scalar-reference candidates=64 trial=1 elapsed_ns=22321875 checksum=8477986378400
sample backend=c-scalar-reference candidates=64 trial=2 elapsed_ns=22286833 checksum=8477986378400
sample backend=c-scalar-reference candidates=64 trial=3 elapsed_ns=22473750 checksum=8477986378400
sample backend=c-scalar-reference candidates=64 trial=4 elapsed_ns=21921375 checksum=8477986378400
sample backend=c-scalar-reference candidates=64 trial=5 elapsed_ns=22339041 checksum=8477986378400
sample backend=c-scalar-reference candidates=64 trial=6 elapsed_ns=22046667 checksum=8477986378400
sample backend=c-scalar-reference candidates=64 trial=7 elapsed_ns=21195333 checksum=8477986378400
sample backend=c-scalar-reference candidates=64 trial=8 elapsed_ns=21130541 checksum=8477986378400
sample backend=c-scalar-reference candidates=64 trial=9 elapsed_ns=22977583 checksum=8477986378400
sample backend=c-scalar-reference candidates=64 trial=10 elapsed_ns=23571792 checksum=8477986378400
summary backend=c-scalar-reference candidates=64 median_ns=22286833 scores_per_second=183785.64599106566
