turboquant_kernel_comparison target=embedded-wasm vectors=64 dimensions=768 queries=16 iterations=11 measurement_repetitions=4
sample backend=platform candidates=16 trial=0 elapsed_ns=5441083 checksum=2225652664784
sample backend=platform candidates=16 trial=1 elapsed_ns=5400542 checksum=2225652664784
sample backend=platform candidates=16 trial=2 elapsed_ns=5342458 checksum=2225652664784
sample backend=platform candidates=16 trial=3 elapsed_ns=5436542 checksum=2225652664784
sample backend=platform candidates=16 trial=4 elapsed_ns=5426333 checksum=2225652664784
sample backend=platform candidates=16 trial=5 elapsed_ns=5331542 checksum=2225652664784
sample backend=platform candidates=16 trial=6 elapsed_ns=5442166 checksum=2225652664784
sample backend=platform candidates=16 trial=7 elapsed_ns=5478250 checksum=2225652664784
sample backend=platform candidates=16 trial=8 elapsed_ns=5343750 checksum=2225652664784
sample backend=platform candidates=16 trial=9 elapsed_ns=5426167 checksum=2225652664784
sample backend=platform candidates=16 trial=10 elapsed_ns=5441375 checksum=2225652664784
summary backend=platform candidates=16 median_ns=5426333 scores_per_second=188709.39177525596
sample backend=swift-direct candidates=16 trial=0 elapsed_ns=5663709 checksum=2225652664784
sample backend=swift-direct candidates=16 trial=1 elapsed_ns=5740042 checksum=2225652664784
sample backend=swift-direct candidates=16 trial=2 elapsed_ns=5699334 checksum=2225652664784
sample backend=swift-direct candidates=16 trial=3 elapsed_ns=5647375 checksum=2225652664784
sample backend=swift-direct candidates=16 trial=4 elapsed_ns=5774917 checksum=2225652664784
sample backend=swift-direct candidates=16 trial=5 elapsed_ns=5718333 checksum=2225652664784
sample backend=swift-direct candidates=16 trial=6 elapsed_ns=5587417 checksum=2225652664784
sample backend=swift-direct candidates=16 trial=7 elapsed_ns=5734125 checksum=2225652664784
sample backend=swift-direct candidates=16 trial=8 elapsed_ns=5767125 checksum=2225652664784
sample backend=swift-direct candidates=16 trial=9 elapsed_ns=5674292 checksum=2225652664784
sample backend=swift-direct candidates=16 trial=10 elapsed_ns=5883042 checksum=2225652664784
summary backend=swift-direct candidates=16 median_ns=5718333 scores_per_second=179073.1669526766
sample backend=c-scalar-reference candidates=16 trial=0 elapsed_ns=5239625 checksum=2225652664784
sample backend=c-scalar-reference candidates=16 trial=1 elapsed_ns=5321042 checksum=2225652664784
sample backend=c-scalar-reference candidates=16 trial=2 elapsed_ns=5381833 checksum=2225652664784
sample backend=c-scalar-reference candidates=16 trial=3 elapsed_ns=5285250 checksum=2225652664784
sample backend=c-scalar-reference candidates=16 trial=4 elapsed_ns=5285875 checksum=2225652664784
sample backend=c-scalar-reference candidates=16 trial=5 elapsed_ns=5406625 checksum=2225652664784
sample backend=c-scalar-reference candidates=16 trial=6 elapsed_ns=5273959 checksum=2225652664784
sample backend=c-scalar-reference candidates=16 trial=7 elapsed_ns=5313708 checksum=2225652664784
sample backend=c-scalar-reference candidates=16 trial=8 elapsed_ns=5371000 checksum=2225652664784
sample backend=c-scalar-reference candidates=16 trial=9 elapsed_ns=5278125 checksum=2225652664784
sample backend=c-scalar-reference candidates=16 trial=10 elapsed_ns=5301542 checksum=2225652664784
summary backend=c-scalar-reference candidates=16 median_ns=5301542 scores_per_second=193151.35105974827
sample backend=platform candidates=24 trial=0 elapsed_ns=8217375 checksum=3218836722104
sample backend=platform candidates=24 trial=1 elapsed_ns=8198417 checksum=3218836722104
sample backend=platform candidates=24 trial=2 elapsed_ns=8189167 checksum=3218836722104
sample backend=platform candidates=24 trial=3 elapsed_ns=8066291 checksum=3218836722104
sample backend=platform candidates=24 trial=4 elapsed_ns=8113375 checksum=3218836722104
sample backend=platform candidates=24 trial=5 elapsed_ns=8142583 checksum=3218836722104
sample backend=platform candidates=24 trial=6 elapsed_ns=8079459 checksum=3218836722104
sample backend=platform candidates=24 trial=7 elapsed_ns=8393166 checksum=3218836722104
sample backend=platform candidates=24 trial=8 elapsed_ns=8510500 checksum=3218836722104
sample backend=platform candidates=24 trial=9 elapsed_ns=8777208 checksum=3218836722104
sample backend=platform candidates=24 trial=10 elapsed_ns=8617834 checksum=3218836722104
summary backend=platform candidates=24 median_ns=8198417 scores_per_second=187353.24148552094
sample backend=swift-direct candidates=24 trial=0 elapsed_ns=8515750 checksum=3218836722104
sample backend=swift-direct candidates=24 trial=1 elapsed_ns=8430208 checksum=3218836722104
sample backend=swift-direct candidates=24 trial=2 elapsed_ns=8486417 checksum=3218836722104
sample backend=swift-direct candidates=24 trial=3 elapsed_ns=8497416 checksum=3218836722104
sample backend=swift-direct candidates=24 trial=4 elapsed_ns=8513833 checksum=3218836722104
sample backend=swift-direct candidates=24 trial=5 elapsed_ns=8521208 checksum=3218836722104
sample backend=swift-direct candidates=24 trial=6 elapsed_ns=8556667 checksum=3218836722104
sample backend=swift-direct candidates=24 trial=7 elapsed_ns=8916542 checksum=3218836722104
sample backend=swift-direct candidates=24 trial=8 elapsed_ns=9008709 checksum=3218836722104
sample backend=swift-direct candidates=24 trial=9 elapsed_ns=9089459 checksum=3218836722104
sample backend=swift-direct candidates=24 trial=10 elapsed_ns=9007625 checksum=3218836722104
summary backend=swift-direct candidates=24 median_ns=8521208 scores_per_second=180256.13269855635
sample backend=c-scalar-reference candidates=24 trial=0 elapsed_ns=7880875 checksum=3218836722104
sample backend=c-scalar-reference candidates=24 trial=1 elapsed_ns=7875500 checksum=3218836722104
sample backend=c-scalar-reference candidates=24 trial=2 elapsed_ns=7957709 checksum=3218836722104
sample backend=c-scalar-reference candidates=24 trial=3 elapsed_ns=7864959 checksum=3218836722104
sample backend=c-scalar-reference candidates=24 trial=4 elapsed_ns=7897625 checksum=3218836722104
sample backend=c-scalar-reference candidates=24 trial=5 elapsed_ns=8061208 checksum=3218836722104
sample backend=c-scalar-reference candidates=24 trial=6 elapsed_ns=8471625 checksum=3218836722104
sample backend=c-scalar-reference candidates=24 trial=7 elapsed_ns=8327541 checksum=3218836722104
sample backend=c-scalar-reference candidates=24 trial=8 elapsed_ns=8263834 checksum=3218836722104
sample backend=c-scalar-reference candidates=24 trial=9 elapsed_ns=8403584 checksum=3218836722104
sample backend=c-scalar-reference candidates=24 trial=10 elapsed_ns=8605792 checksum=3218836722104
summary backend=c-scalar-reference candidates=24 median_ns=8061208 scores_per_second=190542.16191915653
sample backend=platform candidates=32 trial=0 elapsed_ns=10655291 checksum=4315265380284
sample backend=platform candidates=32 trial=1 elapsed_ns=11368833 checksum=4315265380284
sample backend=platform candidates=32 trial=2 elapsed_ns=11386542 checksum=4315265380284
sample backend=platform candidates=32 trial=3 elapsed_ns=11084125 checksum=4315265380284
sample backend=platform candidates=32 trial=4 elapsed_ns=11449125 checksum=4315265380284
sample backend=platform candidates=32 trial=5 elapsed_ns=11939875 checksum=4315265380284
sample backend=platform candidates=32 trial=6 elapsed_ns=11118750 checksum=4315265380284
sample backend=platform candidates=32 trial=7 elapsed_ns=11353333 checksum=4315265380284
sample backend=platform candidates=32 trial=8 elapsed_ns=11359416 checksum=4315265380284
sample backend=platform candidates=32 trial=9 elapsed_ns=11337917 checksum=4315265380284
sample backend=platform candidates=32 trial=10 elapsed_ns=11689583 checksum=4315265380284
summary backend=platform candidates=32 median_ns=11359416 scores_per_second=180290.95861970368
sample backend=swift-direct candidates=32 trial=0 elapsed_ns=11242583 checksum=4315265380284
sample backend=swift-direct candidates=32 trial=1 elapsed_ns=11909584 checksum=4315265380284
sample backend=swift-direct candidates=32 trial=2 elapsed_ns=11642958 checksum=4315265380284
sample backend=swift-direct candidates=32 trial=3 elapsed_ns=11691709 checksum=4315265380284
sample backend=swift-direct candidates=32 trial=4 elapsed_ns=11636791 checksum=4315265380284
sample backend=swift-direct candidates=32 trial=5 elapsed_ns=11683208 checksum=4315265380284
sample backend=swift-direct candidates=32 trial=6 elapsed_ns=12167500 checksum=4315265380284
sample backend=swift-direct candidates=32 trial=7 elapsed_ns=11766208 checksum=4315265380284
sample backend=swift-direct candidates=32 trial=8 elapsed_ns=11813834 checksum=4315265380284
sample backend=swift-direct candidates=32 trial=9 elapsed_ns=11774417 checksum=4315265380284
sample backend=swift-direct candidates=32 trial=10 elapsed_ns=11777667 checksum=4315265380284
summary backend=swift-direct candidates=32 median_ns=11766208 scores_per_second=174057.77630312162
sample backend=c-scalar-reference candidates=32 trial=0 elapsed_ns=10946125 checksum=4315265380284
sample backend=c-scalar-reference candidates=32 trial=1 elapsed_ns=11027042 checksum=4315265380284
sample backend=c-scalar-reference candidates=32 trial=2 elapsed_ns=10924625 checksum=4315265380284
sample backend=c-scalar-reference candidates=32 trial=3 elapsed_ns=10749875 checksum=4315265380284
sample backend=c-scalar-reference candidates=32 trial=4 elapsed_ns=11212791 checksum=4315265380284
sample backend=c-scalar-reference candidates=32 trial=5 elapsed_ns=11143084 checksum=4315265380284
sample backend=c-scalar-reference candidates=32 trial=6 elapsed_ns=11119292 checksum=4315265380284
sample backend=c-scalar-reference candidates=32 trial=7 elapsed_ns=11237250 checksum=4315265380284
sample backend=c-scalar-reference candidates=32 trial=8 elapsed_ns=11494750 checksum=4315265380284
sample backend=c-scalar-reference candidates=32 trial=9 elapsed_ns=11490000 checksum=4315265380284
sample backend=c-scalar-reference candidates=32 trial=10 elapsed_ns=11345375 checksum=4315265380284
summary backend=c-scalar-reference candidates=32 median_ns=11143084 scores_per_second=183791.1299959688
sample backend=platform candidates=48 trial=0 elapsed_ns=17167792 checksum=6310375751132
sample backend=platform candidates=48 trial=1 elapsed_ns=17010291 checksum=6310375751132
sample backend=platform candidates=48 trial=2 elapsed_ns=17020541 checksum=6310375751132
sample backend=platform candidates=48 trial=3 elapsed_ns=16668167 checksum=6310375751132
sample backend=platform candidates=48 trial=4 elapsed_ns=16997667 checksum=6310375751132
sample backend=platform candidates=48 trial=5 elapsed_ns=16926708 checksum=6310375751132
sample backend=platform candidates=48 trial=6 elapsed_ns=17553125 checksum=6310375751132
sample backend=platform candidates=48 trial=7 elapsed_ns=17236708 checksum=6310375751132
sample backend=platform candidates=48 trial=8 elapsed_ns=17020916 checksum=6310375751132
sample backend=platform candidates=48 trial=9 elapsed_ns=16944084 checksum=6310375751132
sample backend=platform candidates=48 trial=10 elapsed_ns=16901167 checksum=6310375751132
summary backend=platform candidates=48 median_ns=17010291 scores_per_second=180596.5576955738
sample backend=swift-direct candidates=48 trial=0 elapsed_ns=18032958 checksum=6310375751132
sample backend=swift-direct candidates=48 trial=1 elapsed_ns=17823708 checksum=6310375751132
sample backend=swift-direct candidates=48 trial=2 elapsed_ns=17770459 checksum=6310375751132
sample backend=swift-direct candidates=48 trial=3 elapsed_ns=17405542 checksum=6310375751132
sample backend=swift-direct candidates=48 trial=4 elapsed_ns=17680000 checksum=6310375751132
sample backend=swift-direct candidates=48 trial=5 elapsed_ns=18135292 checksum=6310375751132
sample backend=swift-direct candidates=48 trial=6 elapsed_ns=18355125 checksum=6310375751132
sample backend=swift-direct candidates=48 trial=7 elapsed_ns=18946708 checksum=6310375751132
sample backend=swift-direct candidates=48 trial=8 elapsed_ns=17976625 checksum=6310375751132
sample backend=swift-direct candidates=48 trial=9 elapsed_ns=18261041 checksum=6310375751132
sample backend=swift-direct candidates=48 trial=10 elapsed_ns=18416667 checksum=6310375751132
summary backend=swift-direct candidates=48 median_ns=18032958 scores_per_second=170354.74712468137
sample backend=c-scalar-reference candidates=48 trial=0 elapsed_ns=16649333 checksum=6310375751132
sample backend=c-scalar-reference candidates=48 trial=1 elapsed_ns=16309708 checksum=6310375751132
sample backend=c-scalar-reference candidates=48 trial=2 elapsed_ns=16449666 checksum=6310375751132
sample backend=c-scalar-reference candidates=48 trial=3 elapsed_ns=16910625 checksum=6310375751132
sample backend=c-scalar-reference candidates=48 trial=4 elapsed_ns=16835709 checksum=6310375751132
sample backend=c-scalar-reference candidates=48 trial=5 elapsed_ns=16474541 checksum=6310375751132
sample backend=c-scalar-reference candidates=48 trial=6 elapsed_ns=16989542 checksum=6310375751132
sample backend=c-scalar-reference candidates=48 trial=7 elapsed_ns=16635584 checksum=6310375751132
sample backend=c-scalar-reference candidates=48 trial=8 elapsed_ns=16409000 checksum=6310375751132
sample backend=c-scalar-reference candidates=48 trial=9 elapsed_ns=17027500 checksum=6310375751132
sample backend=c-scalar-reference candidates=48 trial=10 elapsed_ns=16841166 checksum=6310375751132
summary backend=c-scalar-reference candidates=48 median_ns=16649333 scores_per_second=184511.89606214254
sample backend=platform candidates=64 trial=0 elapsed_ns=22928667 checksum=8477986378400
sample backend=platform candidates=64 trial=1 elapsed_ns=22369333 checksum=8477986378400
sample backend=platform candidates=64 trial=2 elapsed_ns=22375250 checksum=8477986378400
sample backend=platform candidates=64 trial=3 elapsed_ns=22400958 checksum=8477986378400
sample backend=platform candidates=64 trial=4 elapsed_ns=22698959 checksum=8477986378400
sample backend=platform candidates=64 trial=5 elapsed_ns=22922292 checksum=8477986378400
sample backend=platform candidates=64 trial=6 elapsed_ns=23548167 checksum=8477986378400
sample backend=platform candidates=64 trial=7 elapsed_ns=23003458 checksum=8477986378400
sample backend=platform candidates=64 trial=8 elapsed_ns=22631584 checksum=8477986378400
sample backend=platform candidates=64 trial=9 elapsed_ns=23071416 checksum=8477986378400
sample backend=platform candidates=64 trial=10 elapsed_ns=22904125 checksum=8477986378400
summary backend=platform candidates=64 median_ns=22904125 scores_per_second=178832.41555833284
sample backend=swift-direct candidates=64 trial=0 elapsed_ns=23379042 checksum=8477986378400
sample backend=swift-direct candidates=64 trial=1 elapsed_ns=22866500 checksum=8477986378400
sample backend=swift-direct candidates=64 trial=2 elapsed_ns=23580625 checksum=8477986378400
sample backend=swift-direct candidates=64 trial=3 elapsed_ns=23911333 checksum=8477986378400
sample backend=swift-direct candidates=64 trial=4 elapsed_ns=23976458 checksum=8477986378400
sample backend=swift-direct candidates=64 trial=5 elapsed_ns=23542791 checksum=8477986378400
sample backend=swift-direct candidates=64 trial=6 elapsed_ns=23296541 checksum=8477986378400
sample backend=swift-direct candidates=64 trial=7 elapsed_ns=23672125 checksum=8477986378400
sample backend=swift-direct candidates=64 trial=8 elapsed_ns=23838167 checksum=8477986378400
sample backend=swift-direct candidates=64 trial=9 elapsed_ns=23797708 checksum=8477986378400
sample backend=swift-direct candidates=64 trial=10 elapsed_ns=23803375 checksum=8477986378400
summary backend=swift-direct candidates=64 median_ns=23672125 scores_per_second=173030.51584933756
sample backend=c-scalar-reference candidates=64 trial=0 elapsed_ns=22038917 checksum=8477986378400
sample backend=c-scalar-reference candidates=64 trial=1 elapsed_ns=21532458 checksum=8477986378400
sample backend=c-scalar-reference candidates=64 trial=2 elapsed_ns=21571583 checksum=8477986378400
sample backend=c-scalar-reference candidates=64 trial=3 elapsed_ns=22288875 checksum=8477986378400
sample backend=c-scalar-reference candidates=64 trial=4 elapsed_ns=22288917 checksum=8477986378400
sample backend=c-scalar-reference candidates=64 trial=5 elapsed_ns=22273375 checksum=8477986378400
sample backend=c-scalar-reference candidates=64 trial=6 elapsed_ns=22354375 checksum=8477986378400
sample backend=c-scalar-reference candidates=64 trial=7 elapsed_ns=22637125 checksum=8477986378400
sample backend=c-scalar-reference candidates=64 trial=8 elapsed_ns=22326333 checksum=8477986378400
sample backend=c-scalar-reference candidates=64 trial=9 elapsed_ns=22074625 checksum=8477986378400
sample backend=c-scalar-reference candidates=64 trial=10 elapsed_ns=22606667 checksum=8477986378400
summary backend=c-scalar-reference candidates=64 median_ns=22288875 scores_per_second=183768.80843021462
