turboquant_kernel_comparison target=native vectors=64 dimensions=768 queries=16 iterations=11 measurement_repetitions=128
sample backend=platform candidates=16 trial=0 elapsed_ns=4283125 checksum=71220885008000
sample backend=platform candidates=16 trial=1 elapsed_ns=12194667 checksum=71220885008000
sample backend=platform candidates=16 trial=2 elapsed_ns=5344458 checksum=71220885008000
sample backend=platform candidates=16 trial=3 elapsed_ns=5003792 checksum=71220885008000
sample backend=platform candidates=16 trial=4 elapsed_ns=4875625 checksum=71220885008000
sample backend=platform candidates=16 trial=5 elapsed_ns=8029875 checksum=71220885008000
sample backend=platform candidates=16 trial=6 elapsed_ns=33443375 checksum=71220885008000
sample backend=platform candidates=16 trial=7 elapsed_ns=41615250 checksum=71220885008000
sample backend=platform candidates=16 trial=8 elapsed_ns=15462250 checksum=71220885008000
sample backend=platform candidates=16 trial=9 elapsed_ns=9785375 checksum=71220885008000
sample backend=platform candidates=16 trial=10 elapsed_ns=28080250 checksum=71220885008000
summary backend=platform candidates=16 median_ns=9785375 scores_per_second=3348670.8480768492
sample backend=swift-direct candidates=16 trial=0 elapsed_ns=9842000 checksum=71220885273088
sample backend=swift-direct candidates=16 trial=1 elapsed_ns=12642834 checksum=71220885273088
sample backend=swift-direct candidates=16 trial=2 elapsed_ns=13619625 checksum=71220885273088
sample backend=swift-direct candidates=16 trial=3 elapsed_ns=12857042 checksum=71220885273088
sample backend=swift-direct candidates=16 trial=4 elapsed_ns=18044833 checksum=71220885273088
sample backend=swift-direct candidates=16 trial=5 elapsed_ns=37102709 checksum=71220885273088
sample backend=swift-direct candidates=16 trial=6 elapsed_ns=29764250 checksum=71220885273088
sample backend=swift-direct candidates=16 trial=7 elapsed_ns=34313958 checksum=71220885273088
sample backend=swift-direct candidates=16 trial=8 elapsed_ns=18236375 checksum=71220885273088
sample backend=swift-direct candidates=16 trial=9 elapsed_ns=33164417 checksum=71220885273088
sample backend=swift-direct candidates=16 trial=10 elapsed_ns=42259500 checksum=71220885273088
summary backend=swift-direct candidates=16 median_ns=18236375 scores_per_second=1796848.331973871
sample backend=c-scalar-reference candidates=16 trial=0 elapsed_ns=14748458 checksum=71220884602624
sample backend=c-scalar-reference candidates=16 trial=1 elapsed_ns=11706417 checksum=71220884602624
sample backend=c-scalar-reference candidates=16 trial=2 elapsed_ns=10462458 checksum=71220884602624
sample backend=c-scalar-reference candidates=16 trial=3 elapsed_ns=11389709 checksum=71220884602624
sample backend=c-scalar-reference candidates=16 trial=4 elapsed_ns=54013041 checksum=71220884602624
sample backend=c-scalar-reference candidates=16 trial=5 elapsed_ns=25385208 checksum=71220884602624
sample backend=c-scalar-reference candidates=16 trial=6 elapsed_ns=44723917 checksum=71220884602624
sample backend=c-scalar-reference candidates=16 trial=7 elapsed_ns=33246334 checksum=71220884602624
sample backend=c-scalar-reference candidates=16 trial=8 elapsed_ns=19695500 checksum=71220884602624
sample backend=c-scalar-reference candidates=16 trial=9 elapsed_ns=18907583 checksum=71220884602624
sample backend=c-scalar-reference candidates=16 trial=10 elapsed_ns=24630541 checksum=71220884602624
summary backend=c-scalar-reference candidates=16 median_ns=19695500 scores_per_second=1663730.2937219162
sample backend=platform candidates=24 trial=0 elapsed_ns=24537792 checksum=103002778808960
sample backend=platform candidates=24 trial=1 elapsed_ns=24148375 checksum=103002778808960
sample backend=platform candidates=24 trial=2 elapsed_ns=7963542 checksum=103002778808960
sample backend=platform candidates=24 trial=3 elapsed_ns=35679042 checksum=103002778808960
sample backend=platform candidates=24 trial=4 elapsed_ns=16692250 checksum=103002778808960
sample backend=platform candidates=24 trial=5 elapsed_ns=20257875 checksum=103002778808960
sample backend=platform candidates=24 trial=6 elapsed_ns=18157625 checksum=103002778808960
sample backend=platform candidates=24 trial=7 elapsed_ns=28393834 checksum=103002778808960
sample backend=platform candidates=24 trial=8 elapsed_ns=6429125 checksum=103002778808960
sample backend=platform candidates=24 trial=9 elapsed_ns=18306833 checksum=103002778808960
sample backend=platform candidates=24 trial=10 elapsed_ns=10326333 checksum=103002778808960
summary backend=platform candidates=24 median_ns=18306833 scores_per_second=2684899.130286489
sample backend=swift-direct candidates=24 trial=0 elapsed_ns=48062500 checksum=103002775107328
sample backend=swift-direct candidates=24 trial=1 elapsed_ns=37348916 checksum=103002775107328
sample backend=swift-direct candidates=24 trial=2 elapsed_ns=59525791 checksum=103002775107328
sample backend=swift-direct candidates=24 trial=3 elapsed_ns=59678042 checksum=103002775107328
sample backend=swift-direct candidates=24 trial=4 elapsed_ns=52975666 checksum=103002775107328
sample backend=swift-direct candidates=24 trial=5 elapsed_ns=47479209 checksum=103002775107328
sample backend=swift-direct candidates=24 trial=6 elapsed_ns=50358333 checksum=103002775107328
sample backend=swift-direct candidates=24 trial=7 elapsed_ns=24174334 checksum=103002775107328
sample backend=swift-direct candidates=24 trial=8 elapsed_ns=167625250 checksum=103002775107328
sample backend=swift-direct candidates=24 trial=9 elapsed_ns=31630750 checksum=103002775107328
sample backend=swift-direct candidates=24 trial=10 elapsed_ns=30413792 checksum=103002775107328
summary backend=swift-direct candidates=24 median_ns=48062500 scores_per_second=1022668.400520156
sample backend=c-scalar-reference candidates=24 trial=0 elapsed_ns=32095958 checksum=103002772324864
sample backend=c-scalar-reference candidates=24 trial=1 elapsed_ns=34922958 checksum=103002772324864
sample backend=c-scalar-reference candidates=24 trial=2 elapsed_ns=45263250 checksum=103002772324864
sample backend=c-scalar-reference candidates=24 trial=3 elapsed_ns=23760041 checksum=103002772324864
sample backend=c-scalar-reference candidates=24 trial=4 elapsed_ns=42364166 checksum=103002772324864
sample backend=c-scalar-reference candidates=24 trial=5 elapsed_ns=38628166 checksum=103002772324864
sample backend=c-scalar-reference candidates=24 trial=6 elapsed_ns=58204500 checksum=103002772324864
sample backend=c-scalar-reference candidates=24 trial=7 elapsed_ns=46217917 checksum=103002772324864
sample backend=c-scalar-reference candidates=24 trial=8 elapsed_ns=25393625 checksum=103002772324864
sample backend=c-scalar-reference candidates=24 trial=9 elapsed_ns=24421083 checksum=103002772324864
sample backend=c-scalar-reference candidates=24 trial=10 elapsed_ns=26634667 checksum=103002772324864
summary backend=c-scalar-reference candidates=24 median_ns=34922958 scores_per_second=1407440.9160873487
sample backend=platform candidates=32 trial=0 elapsed_ns=11137125 checksum=138088495990656
sample backend=platform candidates=32 trial=1 elapsed_ns=19208125 checksum=138088495990656
sample backend=platform candidates=32 trial=2 elapsed_ns=13475916 checksum=138088495990656
sample backend=platform candidates=32 trial=3 elapsed_ns=20988334 checksum=138088495990656
sample backend=platform candidates=32 trial=4 elapsed_ns=18565875 checksum=138088495990656
sample backend=platform candidates=32 trial=5 elapsed_ns=9225833 checksum=138088495990656
sample backend=platform candidates=32 trial=6 elapsed_ns=21860417 checksum=138088495990656
sample backend=platform candidates=32 trial=7 elapsed_ns=20736000 checksum=138088495990656
sample backend=platform candidates=32 trial=8 elapsed_ns=16902166 checksum=138088495990656
sample backend=platform candidates=32 trial=9 elapsed_ns=20854250 checksum=138088495990656
sample backend=platform candidates=32 trial=10 elapsed_ns=23945375 checksum=138088495990656
summary backend=platform candidates=32 median_ns=19208125 scores_per_second=3411889.499886116
sample backend=swift-direct candidates=32 trial=0 elapsed_ns=43172333 checksum=138088492169088
sample backend=swift-direct candidates=32 trial=1 elapsed_ns=35463000 checksum=138088492169088
sample backend=swift-direct candidates=32 trial=2 elapsed_ns=48016250 checksum=138088492169088
sample backend=swift-direct candidates=32 trial=3 elapsed_ns=44201959 checksum=138088492169088
sample backend=swift-direct candidates=32 trial=4 elapsed_ns=35463458 checksum=138088492169088
sample backend=swift-direct candidates=32 trial=5 elapsed_ns=31675375 checksum=138088492169088
sample backend=swift-direct candidates=32 trial=6 elapsed_ns=53612292 checksum=138088492169088
sample backend=swift-direct candidates=32 trial=7 elapsed_ns=61564208 checksum=138088492169088
sample backend=swift-direct candidates=32 trial=8 elapsed_ns=33058875 checksum=138088492169088
sample backend=swift-direct candidates=32 trial=9 elapsed_ns=38047125 checksum=138088492169088
sample backend=swift-direct candidates=32 trial=10 elapsed_ns=36991750 checksum=138088492169088
summary backend=swift-direct candidates=32 median_ns=38047125 scores_per_second=1722495.4579353894
sample backend=c-scalar-reference candidates=32 trial=0 elapsed_ns=48867333 checksum=138088489323520
sample backend=c-scalar-reference candidates=32 trial=1 elapsed_ns=48029083 checksum=138088489323520
sample backend=c-scalar-reference candidates=32 trial=2 elapsed_ns=36089500 checksum=138088489323520
sample backend=c-scalar-reference candidates=32 trial=3 elapsed_ns=34556500 checksum=138088489323520
sample backend=c-scalar-reference candidates=32 trial=4 elapsed_ns=39496292 checksum=138088489323520
sample backend=c-scalar-reference candidates=32 trial=5 elapsed_ns=28202333 checksum=138088489323520
sample backend=c-scalar-reference candidates=32 trial=6 elapsed_ns=23055292 checksum=138088489323520
sample backend=c-scalar-reference candidates=32 trial=7 elapsed_ns=53693333 checksum=138088489323520
sample backend=c-scalar-reference candidates=32 trial=8 elapsed_ns=47391750 checksum=138088489323520
sample backend=c-scalar-reference candidates=32 trial=9 elapsed_ns=34952458 checksum=138088489323520
sample backend=c-scalar-reference candidates=32 trial=10 elapsed_ns=53980375 checksum=138088489323520
summary backend=c-scalar-reference candidates=32 median_ns=39496292 scores_per_second=1659295.0041993815
sample backend=platform candidates=48 trial=0 elapsed_ns=24032000 checksum=201932027908608
sample backend=platform candidates=48 trial=1 elapsed_ns=21008792 checksum=201932027908608
sample backend=platform candidates=48 trial=2 elapsed_ns=15350125 checksum=201932027908608
sample backend=platform candidates=48 trial=3 elapsed_ns=24059292 checksum=201932027908608
sample backend=platform candidates=48 trial=4 elapsed_ns=22338916 checksum=201932027908608
sample backend=platform candidates=48 trial=5 elapsed_ns=17187625 checksum=201932027908608
sample backend=platform candidates=48 trial=6 elapsed_ns=14316958 checksum=201932027908608
sample backend=platform candidates=48 trial=7 elapsed_ns=17503834 checksum=201932027908608
sample backend=platform candidates=48 trial=8 elapsed_ns=14508333 checksum=201932027908608
sample backend=platform candidates=48 trial=9 elapsed_ns=13474458 checksum=201932027908608
sample backend=platform candidates=48 trial=10 elapsed_ns=13889250 checksum=201932027908608
summary backend=platform candidates=48 median_ns=17187625 scores_per_second=5719463.858444666
sample backend=swift-direct candidates=48 trial=0 elapsed_ns=69090208 checksum=201932024036224
sample backend=swift-direct candidates=48 trial=1 elapsed_ns=56761750 checksum=201932024036224
sample backend=swift-direct candidates=48 trial=2 elapsed_ns=39422334 checksum=201932024036224
sample backend=swift-direct candidates=48 trial=3 elapsed_ns=48800500 checksum=201932024036224
sample backend=swift-direct candidates=48 trial=4 elapsed_ns=54795917 checksum=201932024036224
sample backend=swift-direct candidates=48 trial=5 elapsed_ns=76842458 checksum=201932024036224
sample backend=swift-direct candidates=48 trial=6 elapsed_ns=42805958 checksum=201932024036224
sample backend=swift-direct candidates=48 trial=7 elapsed_ns=31122917 checksum=201932024036224
sample backend=swift-direct candidates=48 trial=8 elapsed_ns=37506208 checksum=201932024036224
sample backend=swift-direct candidates=48 trial=9 elapsed_ns=38099084 checksum=201932024036224
sample backend=swift-direct candidates=48 trial=10 elapsed_ns=37526333 checksum=201932024036224
summary backend=swift-direct candidates=48 median_ns=42805958 scores_per_second=2296502.743847013
sample backend=c-scalar-reference candidates=48 trial=0 elapsed_ns=51178833 checksum=201932021178752
sample backend=c-scalar-reference candidates=48 trial=1 elapsed_ns=46283458 checksum=201932021178752
sample backend=c-scalar-reference candidates=48 trial=2 elapsed_ns=52113042 checksum=201932021178752
sample backend=c-scalar-reference candidates=48 trial=3 elapsed_ns=36391792 checksum=201932021178752
sample backend=c-scalar-reference candidates=48 trial=4 elapsed_ns=36272709 checksum=201932021178752
sample backend=c-scalar-reference candidates=48 trial=5 elapsed_ns=50281416 checksum=201932021178752
sample backend=c-scalar-reference candidates=48 trial=6 elapsed_ns=38722042 checksum=201932021178752
sample backend=c-scalar-reference candidates=48 trial=7 elapsed_ns=42615792 checksum=201932021178752
sample backend=c-scalar-reference candidates=48 trial=8 elapsed_ns=37887583 checksum=201932021178752
sample backend=c-scalar-reference candidates=48 trial=9 elapsed_ns=38138417 checksum=201932021178752
sample backend=c-scalar-reference candidates=48 trial=10 elapsed_ns=33341375 checksum=201932021178752
summary backend=c-scalar-reference candidates=48 median_ns=38722042 scores_per_second=2538709.089773726
sample backend=platform candidates=64 trial=0 elapsed_ns=18342750 checksum=271295568004608
sample backend=platform candidates=64 trial=1 elapsed_ns=18470333 checksum=271295568004608
sample backend=platform candidates=64 trial=2 elapsed_ns=18776625 checksum=271295568004608
sample backend=platform candidates=64 trial=3 elapsed_ns=19097208 checksum=271295568004608
sample backend=platform candidates=64 trial=4 elapsed_ns=17683875 checksum=271295568004608
sample backend=platform candidates=64 trial=5 elapsed_ns=17550209 checksum=271295568004608
sample backend=platform candidates=64 trial=6 elapsed_ns=17627417 checksum=271295568004608
sample backend=platform candidates=64 trial=7 elapsed_ns=17693541 checksum=271295568004608
sample backend=platform candidates=64 trial=8 elapsed_ns=17320791 checksum=271295568004608
sample backend=platform candidates=64 trial=9 elapsed_ns=17492959 checksum=271295568004608
sample backend=platform candidates=64 trial=10 elapsed_ns=17463000 checksum=271295568004608
summary backend=platform candidates=64 median_ns=17683875 scores_per_second=7411950.152328039
sample backend=swift-direct candidates=64 trial=0 elapsed_ns=46611167 checksum=271295564108800
sample backend=swift-direct candidates=64 trial=1 elapsed_ns=46435042 checksum=271295564108800
sample backend=swift-direct candidates=64 trial=2 elapsed_ns=43285083 checksum=271295564108800
sample backend=swift-direct candidates=64 trial=3 elapsed_ns=41322541 checksum=271295564108800
sample backend=swift-direct candidates=64 trial=4 elapsed_ns=39784792 checksum=271295564108800
sample backend=swift-direct candidates=64 trial=5 elapsed_ns=39294792 checksum=271295564108800
sample backend=swift-direct candidates=64 trial=6 elapsed_ns=39434041 checksum=271295564108800
sample backend=swift-direct candidates=64 trial=7 elapsed_ns=40319917 checksum=271295564108800
sample backend=swift-direct candidates=64 trial=8 elapsed_ns=39253792 checksum=271295564108800
sample backend=swift-direct candidates=64 trial=9 elapsed_ns=39419500 checksum=271295564108800
sample backend=swift-direct candidates=64 trial=10 elapsed_ns=40303209 checksum=271295564108800
summary backend=swift-direct candidates=64 median_ns=40303209 scores_per_second=3252147.986528815
sample backend=c-scalar-reference candidates=64 trial=0 elapsed_ns=45849375 checksum=271295561272832
sample backend=c-scalar-reference candidates=64 trial=1 elapsed_ns=47714542 checksum=271295561272832
sample backend=c-scalar-reference candidates=64 trial=2 elapsed_ns=46724375 checksum=271295561272832
sample backend=c-scalar-reference candidates=64 trial=3 elapsed_ns=42779750 checksum=271295561272832
sample backend=c-scalar-reference candidates=64 trial=4 elapsed_ns=41991792 checksum=271295561272832
sample backend=c-scalar-reference candidates=64 trial=5 elapsed_ns=41991209 checksum=271295561272832
sample backend=c-scalar-reference candidates=64 trial=6 elapsed_ns=42540250 checksum=271295561272832
sample backend=c-scalar-reference candidates=64 trial=7 elapsed_ns=42909625 checksum=271295561272832
sample backend=c-scalar-reference candidates=64 trial=8 elapsed_ns=42590875 checksum=271295561272832
sample backend=c-scalar-reference candidates=64 trial=9 elapsed_ns=42091458 checksum=271295561272832
sample backend=c-scalar-reference candidates=64 trial=10 elapsed_ns=41922209 checksum=271295561272832
summary backend=c-scalar-reference candidates=64 median_ns=42590875 scores_per_second=3077466.710885841
