turboquant_kernel_comparison target=native vectors=64 dimensions=768 queries=16 iterations=11 measurement_repetitions=128
sample backend=platform candidates=16 trial=0 elapsed_ns=4814500 checksum=71220885008000
sample backend=platform candidates=16 trial=1 elapsed_ns=5925625 checksum=71220885008000
sample backend=platform candidates=16 trial=2 elapsed_ns=4886334 checksum=71220885008000
sample backend=platform candidates=16 trial=3 elapsed_ns=12967542 checksum=71220885008000
sample backend=platform candidates=16 trial=4 elapsed_ns=4282208 checksum=71220885008000
sample backend=platform candidates=16 trial=5 elapsed_ns=11161000 checksum=71220885008000
sample backend=platform candidates=16 trial=6 elapsed_ns=18335958 checksum=71220885008000
sample backend=platform candidates=16 trial=7 elapsed_ns=6283084 checksum=71220885008000
sample backend=platform candidates=16 trial=8 elapsed_ns=20514125 checksum=71220885008000
sample backend=platform candidates=16 trial=9 elapsed_ns=27501416 checksum=71220885008000
sample backend=platform candidates=16 trial=10 elapsed_ns=23852750 checksum=71220885008000
summary backend=platform candidates=16 median_ns=11161000 scores_per_second=2935937.639996416
sample backend=swift-direct candidates=16 trial=0 elapsed_ns=11910667 checksum=71220885273088
sample backend=swift-direct candidates=16 trial=1 elapsed_ns=12020584 checksum=71220885273088
sample backend=swift-direct candidates=16 trial=2 elapsed_ns=15359500 checksum=71220885273088
sample backend=swift-direct candidates=16 trial=3 elapsed_ns=25720958 checksum=71220885273088
sample backend=swift-direct candidates=16 trial=4 elapsed_ns=20819916 checksum=71220885273088
sample backend=swift-direct candidates=16 trial=5 elapsed_ns=73353667 checksum=71220885273088
sample backend=swift-direct candidates=16 trial=6 elapsed_ns=56265834 checksum=71220885273088
sample backend=swift-direct candidates=16 trial=7 elapsed_ns=116625000 checksum=71220885273088
sample backend=swift-direct candidates=16 trial=8 elapsed_ns=20485041 checksum=71220885273088
sample backend=swift-direct candidates=16 trial=9 elapsed_ns=34227834 checksum=71220885273088
sample backend=swift-direct candidates=16 trial=10 elapsed_ns=24039958 checksum=71220885273088
summary backend=swift-direct candidates=16 median_ns=24039958 scores_per_second=1363063.9454528166
sample backend=c-scalar-reference candidates=16 trial=0 elapsed_ns=15193459 checksum=71220884602624
sample backend=c-scalar-reference candidates=16 trial=1 elapsed_ns=16245542 checksum=71220884602624
sample backend=c-scalar-reference candidates=16 trial=2 elapsed_ns=10334500 checksum=71220884602624
sample backend=c-scalar-reference candidates=16 trial=3 elapsed_ns=49569750 checksum=71220884602624
sample backend=c-scalar-reference candidates=16 trial=4 elapsed_ns=34824791 checksum=71220884602624
sample backend=c-scalar-reference candidates=16 trial=5 elapsed_ns=40432250 checksum=71220884602624
sample backend=c-scalar-reference candidates=16 trial=6 elapsed_ns=29040541 checksum=71220884602624
sample backend=c-scalar-reference candidates=16 trial=7 elapsed_ns=60411792 checksum=71220884602624
sample backend=c-scalar-reference candidates=16 trial=8 elapsed_ns=12358291 checksum=71220884602624
sample backend=c-scalar-reference candidates=16 trial=9 elapsed_ns=13913292 checksum=71220884602624
sample backend=c-scalar-reference candidates=16 trial=10 elapsed_ns=84309375 checksum=71220884602624
summary backend=c-scalar-reference candidates=16 median_ns=29040541 scores_per_second=1128353.635009761
sample backend=platform candidates=24 trial=0 elapsed_ns=60164791 checksum=103002778808960
sample backend=platform candidates=24 trial=1 elapsed_ns=110176792 checksum=103002778808960
sample backend=platform candidates=24 trial=2 elapsed_ns=8023166 checksum=103002778808960
sample backend=platform candidates=24 trial=3 elapsed_ns=7827458 checksum=103002778808960
sample backend=platform candidates=24 trial=4 elapsed_ns=27773667 checksum=103002778808960
sample backend=platform candidates=24 trial=5 elapsed_ns=15339209 checksum=103002778808960
sample backend=platform candidates=24 trial=6 elapsed_ns=23089209 checksum=103002778808960
sample backend=platform candidates=24 trial=7 elapsed_ns=7319417 checksum=103002778808960
sample backend=platform candidates=24 trial=8 elapsed_ns=39564167 checksum=103002778808960
sample backend=platform candidates=24 trial=9 elapsed_ns=20257750 checksum=103002778808960
sample backend=platform candidates=24 trial=10 elapsed_ns=33038333 checksum=103002778808960
summary backend=platform candidates=24 median_ns=23089209 scores_per_second=2128786.6552725993
sample backend=swift-direct candidates=24 trial=0 elapsed_ns=107624416 checksum=103002775107328
sample backend=swift-direct candidates=24 trial=1 elapsed_ns=65319375 checksum=103002775107328
sample backend=swift-direct candidates=24 trial=2 elapsed_ns=30205917 checksum=103002775107328
sample backend=swift-direct candidates=24 trial=3 elapsed_ns=152397000 checksum=103002775107328
sample backend=swift-direct candidates=24 trial=4 elapsed_ns=68205125 checksum=103002775107328
sample backend=swift-direct candidates=24 trial=5 elapsed_ns=39052500 checksum=103002775107328
sample backend=swift-direct candidates=24 trial=6 elapsed_ns=23589375 checksum=103002775107328
sample backend=swift-direct candidates=24 trial=7 elapsed_ns=18819125 checksum=103002775107328
sample backend=swift-direct candidates=24 trial=8 elapsed_ns=53259291 checksum=103002775107328
sample backend=swift-direct candidates=24 trial=9 elapsed_ns=39992208 checksum=103002775107328
sample backend=swift-direct candidates=24 trial=10 elapsed_ns=34311375 checksum=103002775107328
summary backend=swift-direct candidates=24 median_ns=39992208 scores_per_second=1229039.4168784078
sample backend=c-scalar-reference candidates=24 trial=0 elapsed_ns=77464458 checksum=103002772324864
sample backend=c-scalar-reference candidates=24 trial=1 elapsed_ns=51536041 checksum=103002772324864
sample backend=c-scalar-reference candidates=24 trial=2 elapsed_ns=41980542 checksum=103002772324864
sample backend=c-scalar-reference candidates=24 trial=3 elapsed_ns=72892667 checksum=103002772324864
sample backend=c-scalar-reference candidates=24 trial=4 elapsed_ns=65766583 checksum=103002772324864
sample backend=c-scalar-reference candidates=24 trial=5 elapsed_ns=65247542 checksum=103002772324864
sample backend=c-scalar-reference candidates=24 trial=6 elapsed_ns=35033667 checksum=103002772324864
sample backend=c-scalar-reference candidates=24 trial=7 elapsed_ns=21733792 checksum=103002772324864
sample backend=c-scalar-reference candidates=24 trial=8 elapsed_ns=41482792 checksum=103002772324864
sample backend=c-scalar-reference candidates=24 trial=9 elapsed_ns=63478542 checksum=103002772324864
sample backend=c-scalar-reference candidates=24 trial=10 elapsed_ns=39416875 checksum=103002772324864
summary backend=c-scalar-reference candidates=24 median_ns=51536041 scores_per_second=953740.3154425463
sample backend=platform candidates=32 trial=0 elapsed_ns=9700292 checksum=138088495990656
sample backend=platform candidates=32 trial=1 elapsed_ns=45105208 checksum=138088495990656
sample backend=platform candidates=32 trial=2 elapsed_ns=41235292 checksum=138088495990656
sample backend=platform candidates=32 trial=3 elapsed_ns=15983292 checksum=138088495990656
sample backend=platform candidates=32 trial=4 elapsed_ns=53444250 checksum=138088495990656
sample backend=platform candidates=32 trial=5 elapsed_ns=9485250 checksum=138088495990656
sample backend=platform candidates=32 trial=6 elapsed_ns=21534042 checksum=138088495990656
sample backend=platform candidates=32 trial=7 elapsed_ns=14379416 checksum=138088495990656
sample backend=platform candidates=32 trial=8 elapsed_ns=30448625 checksum=138088495990656
sample backend=platform candidates=32 trial=9 elapsed_ns=30969458 checksum=138088495990656
sample backend=platform candidates=32 trial=10 elapsed_ns=34987750 checksum=138088495990656
summary backend=platform candidates=32 median_ns=30448625 scores_per_second=2152346.7808480677
sample backend=swift-direct candidates=32 trial=0 elapsed_ns=66429084 checksum=138088492169088
sample backend=swift-direct candidates=32 trial=1 elapsed_ns=40695416 checksum=138088492169088
sample backend=swift-direct candidates=32 trial=2 elapsed_ns=55657417 checksum=138088492169088
sample backend=swift-direct candidates=32 trial=3 elapsed_ns=38690417 checksum=138088492169088
sample backend=swift-direct candidates=32 trial=4 elapsed_ns=26790250 checksum=138088492169088
sample backend=swift-direct candidates=32 trial=5 elapsed_ns=54278583 checksum=138088492169088
sample backend=swift-direct candidates=32 trial=6 elapsed_ns=20902583 checksum=138088492169088
sample backend=swift-direct candidates=32 trial=7 elapsed_ns=48507292 checksum=138088492169088
sample backend=swift-direct candidates=32 trial=8 elapsed_ns=51128584 checksum=138088492169088
sample backend=swift-direct candidates=32 trial=9 elapsed_ns=66771833 checksum=138088492169088
sample backend=swift-direct candidates=32 trial=10 elapsed_ns=48287541 checksum=138088492169088
summary backend=swift-direct candidates=32 median_ns=48507292 scores_per_second=1351054.6002032023
sample backend=c-scalar-reference candidates=32 trial=0 elapsed_ns=49957375 checksum=138088489323520
sample backend=c-scalar-reference candidates=32 trial=1 elapsed_ns=63603833 checksum=138088489323520
sample backend=c-scalar-reference candidates=32 trial=2 elapsed_ns=37632375 checksum=138088489323520
sample backend=c-scalar-reference candidates=32 trial=3 elapsed_ns=105594208 checksum=138088489323520
sample backend=c-scalar-reference candidates=32 trial=4 elapsed_ns=78261042 checksum=138088489323520
sample backend=c-scalar-reference candidates=32 trial=5 elapsed_ns=38678458 checksum=138088489323520
sample backend=c-scalar-reference candidates=32 trial=6 elapsed_ns=84782334 checksum=138088489323520
sample backend=c-scalar-reference candidates=32 trial=7 elapsed_ns=32675209 checksum=138088489323520
sample backend=c-scalar-reference candidates=32 trial=8 elapsed_ns=52793250 checksum=138088489323520
sample backend=c-scalar-reference candidates=32 trial=9 elapsed_ns=46316750 checksum=138088489323520
sample backend=c-scalar-reference candidates=32 trial=10 elapsed_ns=36509167 checksum=138088489323520
summary backend=c-scalar-reference candidates=32 median_ns=49957375 scores_per_second=1311838.3421867143
sample backend=platform candidates=48 trial=0 elapsed_ns=22979125 checksum=201932027908608
sample backend=platform candidates=48 trial=1 elapsed_ns=33428000 checksum=201932027908608
sample backend=platform candidates=48 trial=2 elapsed_ns=54000291 checksum=201932027908608
sample backend=platform candidates=48 trial=3 elapsed_ns=43078916 checksum=201932027908608
sample backend=platform candidates=48 trial=4 elapsed_ns=30718542 checksum=201932027908608
sample backend=platform candidates=48 trial=5 elapsed_ns=53014792 checksum=201932027908608
sample backend=platform candidates=48 trial=6 elapsed_ns=33684625 checksum=201932027908608
sample backend=platform candidates=48 trial=7 elapsed_ns=26482916 checksum=201932027908608
sample backend=platform candidates=48 trial=8 elapsed_ns=54534625 checksum=201932027908608
sample backend=platform candidates=48 trial=9 elapsed_ns=35840333 checksum=201932027908608
sample backend=platform candidates=48 trial=10 elapsed_ns=52937084 checksum=201932027908608
summary backend=platform candidates=48 median_ns=35840333 scores_per_second=2742831.658400049
sample backend=swift-direct candidates=48 trial=0 elapsed_ns=99371041 checksum=201932024036224
sample backend=swift-direct candidates=48 trial=1 elapsed_ns=112926708 checksum=201932024036224
sample backend=swift-direct candidates=48 trial=2 elapsed_ns=102360250 checksum=201932024036224
sample backend=swift-direct candidates=48 trial=3 elapsed_ns=67132042 checksum=201932024036224
sample backend=swift-direct candidates=48 trial=4 elapsed_ns=119960625 checksum=201932024036224
sample backend=swift-direct candidates=48 trial=5 elapsed_ns=57585375 checksum=201932024036224
sample backend=swift-direct candidates=48 trial=6 elapsed_ns=95367416 checksum=201932024036224
sample backend=swift-direct candidates=48 trial=7 elapsed_ns=96938250 checksum=201932024036224
sample backend=swift-direct candidates=48 trial=8 elapsed_ns=77799791 checksum=201932024036224
sample backend=swift-direct candidates=48 trial=9 elapsed_ns=86924458 checksum=201932024036224
sample backend=swift-direct candidates=48 trial=10 elapsed_ns=94390250 checksum=201932024036224
summary backend=swift-direct candidates=48 median_ns=95367416 scores_per_second=1030792.3200938987
sample backend=c-scalar-reference candidates=48 trial=0 elapsed_ns=53948167 checksum=201932021178752
sample backend=c-scalar-reference candidates=48 trial=1 elapsed_ns=113174000 checksum=201932021178752
sample backend=c-scalar-reference candidates=48 trial=2 elapsed_ns=45722875 checksum=201932021178752
sample backend=c-scalar-reference candidates=48 trial=3 elapsed_ns=77361541 checksum=201932021178752
sample backend=c-scalar-reference candidates=48 trial=4 elapsed_ns=127336625 checksum=201932021178752
sample backend=c-scalar-reference candidates=48 trial=5 elapsed_ns=82332125 checksum=201932021178752
sample backend=c-scalar-reference candidates=48 trial=6 elapsed_ns=100758959 checksum=201932021178752
sample backend=c-scalar-reference candidates=48 trial=7 elapsed_ns=77158792 checksum=201932021178752
sample backend=c-scalar-reference candidates=48 trial=8 elapsed_ns=39286250 checksum=201932021178752
sample backend=c-scalar-reference candidates=48 trial=9 elapsed_ns=62592750 checksum=201932021178752
sample backend=c-scalar-reference candidates=48 trial=10 elapsed_ns=45753250 checksum=201932021178752
summary backend=c-scalar-reference candidates=48 median_ns=77158792 scores_per_second=1274047.939993669
sample backend=platform candidates=64 trial=0 elapsed_ns=25087208 checksum=271295568004608
sample backend=platform candidates=64 trial=1 elapsed_ns=43694125 checksum=271295568004608
sample backend=platform candidates=64 trial=2 elapsed_ns=30361250 checksum=271295568004608
sample backend=platform candidates=64 trial=3 elapsed_ns=47124041 checksum=271295568004608
sample backend=platform candidates=64 trial=4 elapsed_ns=54755250 checksum=271295568004608
sample backend=platform candidates=64 trial=5 elapsed_ns=64495834 checksum=271295568004608
sample backend=platform candidates=64 trial=6 elapsed_ns=72587042 checksum=271295568004608
sample backend=platform candidates=64 trial=7 elapsed_ns=31697084 checksum=271295568004608
sample backend=platform candidates=64 trial=8 elapsed_ns=18840750 checksum=271295568004608
sample backend=platform candidates=64 trial=9 elapsed_ns=57836417 checksum=271295568004608
sample backend=platform candidates=64 trial=10 elapsed_ns=38795000 checksum=271295568004608
summary backend=platform candidates=64 median_ns=43694125 scores_per_second=2999762.5538902543
sample backend=swift-direct candidates=64 trial=0 elapsed_ns=125766916 checksum=271295564108800
sample backend=swift-direct candidates=64 trial=1 elapsed_ns=144990167 checksum=271295564108800
sample backend=swift-direct candidates=64 trial=2 elapsed_ns=133571375 checksum=271295564108800
sample backend=swift-direct candidates=64 trial=3 elapsed_ns=147145542 checksum=271295564108800
sample backend=swift-direct candidates=64 trial=4 elapsed_ns=123055459 checksum=271295564108800
sample backend=swift-direct candidates=64 trial=5 elapsed_ns=92179000 checksum=271295564108800
sample backend=swift-direct candidates=64 trial=6 elapsed_ns=123876625 checksum=271295564108800
sample backend=swift-direct candidates=64 trial=7 elapsed_ns=124780458 checksum=271295564108800
sample backend=swift-direct candidates=64 trial=8 elapsed_ns=122924875 checksum=271295564108800
sample backend=swift-direct candidates=64 trial=9 elapsed_ns=99569125 checksum=271295564108800
sample backend=swift-direct candidates=64 trial=10 elapsed_ns=117944709 checksum=271295564108800
summary backend=swift-direct candidates=64 median_ns=123876625 scores_per_second=1058085.0099847328
sample backend=c-scalar-reference candidates=64 trial=0 elapsed_ns=64867750 checksum=271295561272832
sample backend=c-scalar-reference candidates=64 trial=1 elapsed_ns=94587541 checksum=271295561272832
sample backend=c-scalar-reference candidates=64 trial=2 elapsed_ns=120253583 checksum=271295561272832
sample backend=c-scalar-reference candidates=64 trial=3 elapsed_ns=92195125 checksum=271295561272832
sample backend=c-scalar-reference candidates=64 trial=4 elapsed_ns=80133583 checksum=271295561272832
sample backend=c-scalar-reference candidates=64 trial=5 elapsed_ns=133189833 checksum=271295561272832
sample backend=c-scalar-reference candidates=64 trial=6 elapsed_ns=103593292 checksum=271295561272832
sample backend=c-scalar-reference candidates=64 trial=7 elapsed_ns=102977875 checksum=271295561272832
sample backend=c-scalar-reference candidates=64 trial=8 elapsed_ns=113841250 checksum=271295561272832
sample backend=c-scalar-reference candidates=64 trial=9 elapsed_ns=94832292 checksum=271295561272832
sample backend=c-scalar-reference candidates=64 trial=10 elapsed_ns=120777958 checksum=271295561272832
summary backend=c-scalar-reference candidates=64 median_ns=102977875 scores_per_second=1272817.0978474745
