turboquant_kernel_comparison target=wasm vectors=64 dimensions=768 queries=16 iterations=11 measurement_repetitions=4
sample backend=platform candidates=16 trial=0 elapsed_ns=5647333 checksum=2225652664784
sample backend=platform candidates=16 trial=1 elapsed_ns=5505583 checksum=2225652664784
sample backend=platform candidates=16 trial=2 elapsed_ns=5597250 checksum=2225652664784
sample backend=platform candidates=16 trial=3 elapsed_ns=5548333 checksum=2225652664784
sample backend=platform candidates=16 trial=4 elapsed_ns=5552625 checksum=2225652664784
sample backend=platform candidates=16 trial=5 elapsed_ns=5579083 checksum=2225652664784
sample backend=platform candidates=16 trial=6 elapsed_ns=5573833 checksum=2225652664784
sample backend=platform candidates=16 trial=7 elapsed_ns=5608791 checksum=2225652664784
sample backend=platform candidates=16 trial=8 elapsed_ns=5651625 checksum=2225652664784
sample backend=platform candidates=16 trial=9 elapsed_ns=5605625 checksum=2225652664784
sample backend=platform candidates=16 trial=10 elapsed_ns=5703875 checksum=2225652664784
summary backend=platform candidates=16 median_ns=5597250 scores_per_second=182946.98289338514
sample backend=swift-direct candidates=16 trial=0 elapsed_ns=5910333 checksum=2225652664784
sample backend=swift-direct candidates=16 trial=1 elapsed_ns=5859458 checksum=2225652664784
sample backend=swift-direct candidates=16 trial=2 elapsed_ns=5880875 checksum=2225652664784
sample backend=swift-direct candidates=16 trial=3 elapsed_ns=5949083 checksum=2225652664784
sample backend=swift-direct candidates=16 trial=4 elapsed_ns=5868792 checksum=2225652664784
sample backend=swift-direct candidates=16 trial=5 elapsed_ns=5850583 checksum=2225652664784
sample backend=swift-direct candidates=16 trial=6 elapsed_ns=5908542 checksum=2225652664784
sample backend=swift-direct candidates=16 trial=7 elapsed_ns=5944583 checksum=2225652664784
sample backend=swift-direct candidates=16 trial=8 elapsed_ns=6061000 checksum=2225652664784
sample backend=swift-direct candidates=16 trial=9 elapsed_ns=5936167 checksum=2225652664784
sample backend=swift-direct candidates=16 trial=10 elapsed_ns=5865500 checksum=2225652664784
summary backend=swift-direct candidates=16 median_ns=5908542 scores_per_second=173308.4067101495
sample backend=c-scalar-reference candidates=16 trial=0 elapsed_ns=5485917 checksum=2225652664784
sample backend=c-scalar-reference candidates=16 trial=1 elapsed_ns=5300584 checksum=2225652664784
sample backend=c-scalar-reference candidates=16 trial=2 elapsed_ns=5387875 checksum=2225652664784
sample backend=c-scalar-reference candidates=16 trial=3 elapsed_ns=5352708 checksum=2225652664784
sample backend=c-scalar-reference candidates=16 trial=4 elapsed_ns=5473292 checksum=2225652664784
sample backend=c-scalar-reference candidates=16 trial=5 elapsed_ns=5398833 checksum=2225652664784
sample backend=c-scalar-reference candidates=16 trial=6 elapsed_ns=5587750 checksum=2225652664784
sample backend=c-scalar-reference candidates=16 trial=7 elapsed_ns=5535375 checksum=2225652664784
sample backend=c-scalar-reference candidates=16 trial=8 elapsed_ns=5570250 checksum=2225652664784
sample backend=c-scalar-reference candidates=16 trial=9 elapsed_ns=5518375 checksum=2225652664784
sample backend=c-scalar-reference candidates=16 trial=10 elapsed_ns=5590541 checksum=2225652664784
summary backend=c-scalar-reference candidates=16 median_ns=5485917 scores_per_second=186659.76900489017
sample backend=platform candidates=24 trial=0 elapsed_ns=8496917 checksum=3218836722104
sample backend=platform candidates=24 trial=1 elapsed_ns=8800291 checksum=3218836722104
sample backend=platform candidates=24 trial=2 elapsed_ns=8925250 checksum=3218836722104
sample backend=platform candidates=24 trial=3 elapsed_ns=8861292 checksum=3218836722104
sample backend=platform candidates=24 trial=4 elapsed_ns=8898166 checksum=3218836722104
sample backend=platform candidates=24 trial=5 elapsed_ns=8848750 checksum=3218836722104
sample backend=platform candidates=24 trial=6 elapsed_ns=8996125 checksum=3218836722104
sample backend=platform candidates=24 trial=7 elapsed_ns=8903458 checksum=3218836722104
sample backend=platform candidates=24 trial=8 elapsed_ns=8909333 checksum=3218836722104
sample backend=platform candidates=24 trial=9 elapsed_ns=8878500 checksum=3218836722104
sample backend=platform candidates=24 trial=10 elapsed_ns=8826958 checksum=3218836722104
summary backend=platform candidates=24 median_ns=8878500 scores_per_second=173002.19631694542
sample backend=swift-direct candidates=24 trial=0 elapsed_ns=9069959 checksum=3218836722104
sample backend=swift-direct candidates=24 trial=1 elapsed_ns=9228500 checksum=3218836722104
sample backend=swift-direct candidates=24 trial=2 elapsed_ns=9376375 checksum=3218836722104
sample backend=swift-direct candidates=24 trial=3 elapsed_ns=9388333 checksum=3218836722104
sample backend=swift-direct candidates=24 trial=4 elapsed_ns=9468166 checksum=3218836722104
sample backend=swift-direct candidates=24 trial=5 elapsed_ns=9367417 checksum=3218836722104
sample backend=swift-direct candidates=24 trial=6 elapsed_ns=9328375 checksum=3218836722104
sample backend=swift-direct candidates=24 trial=7 elapsed_ns=9319709 checksum=3218836722104
sample backend=swift-direct candidates=24 trial=8 elapsed_ns=9388417 checksum=3218836722104
sample backend=swift-direct candidates=24 trial=9 elapsed_ns=9337875 checksum=3218836722104
sample backend=swift-direct candidates=24 trial=10 elapsed_ns=9498875 checksum=3218836722104
summary backend=swift-direct candidates=24 median_ns=9367417 scores_per_second=163972.62980819578
sample backend=c-scalar-reference candidates=24 trial=0 elapsed_ns=8384667 checksum=3218836722104
sample backend=c-scalar-reference candidates=24 trial=1 elapsed_ns=8641709 checksum=3218836722104
sample backend=c-scalar-reference candidates=24 trial=2 elapsed_ns=8769166 checksum=3218836722104
sample backend=c-scalar-reference candidates=24 trial=3 elapsed_ns=8724708 checksum=3218836722104
sample backend=c-scalar-reference candidates=24 trial=4 elapsed_ns=8711792 checksum=3218836722104
sample backend=c-scalar-reference candidates=24 trial=5 elapsed_ns=8584209 checksum=3218836722104
sample backend=c-scalar-reference candidates=24 trial=6 elapsed_ns=8713958 checksum=3218836722104
sample backend=c-scalar-reference candidates=24 trial=7 elapsed_ns=8685875 checksum=3218836722104
sample backend=c-scalar-reference candidates=24 trial=8 elapsed_ns=8654917 checksum=3218836722104
sample backend=c-scalar-reference candidates=24 trial=9 elapsed_ns=8642208 checksum=3218836722104
sample backend=c-scalar-reference candidates=24 trial=10 elapsed_ns=8860500 checksum=3218836722104
summary backend=c-scalar-reference candidates=24 median_ns=8685875 scores_per_second=176838.8331630377
sample backend=platform candidates=32 trial=0 elapsed_ns=11990167 checksum=4315265380284
sample backend=platform candidates=32 trial=1 elapsed_ns=12351084 checksum=4315265380284
sample backend=platform candidates=32 trial=2 elapsed_ns=12305750 checksum=4315265380284
sample backend=platform candidates=32 trial=3 elapsed_ns=12336084 checksum=4315265380284
sample backend=platform candidates=32 trial=4 elapsed_ns=12371250 checksum=4315265380284
sample backend=platform candidates=32 trial=5 elapsed_ns=12386959 checksum=4315265380284
sample backend=platform candidates=32 trial=6 elapsed_ns=13024583 checksum=4315265380284
sample backend=platform candidates=32 trial=7 elapsed_ns=13013250 checksum=4315265380284
sample backend=platform candidates=32 trial=8 elapsed_ns=13026709 checksum=4315265380284
sample backend=platform candidates=32 trial=9 elapsed_ns=12976042 checksum=4315265380284
sample backend=platform candidates=32 trial=10 elapsed_ns=13029833 checksum=4315265380284
summary backend=platform candidates=32 median_ns=12386959 scores_per_second=165335.17225656434
sample backend=swift-direct candidates=32 trial=0 elapsed_ns=12951792 checksum=4315265380284
sample backend=swift-direct candidates=32 trial=1 elapsed_ns=13024083 checksum=4315265380284
sample backend=swift-direct candidates=32 trial=2 elapsed_ns=13172834 checksum=4315265380284
sample backend=swift-direct candidates=32 trial=3 elapsed_ns=13081542 checksum=4315265380284
sample backend=swift-direct candidates=32 trial=4 elapsed_ns=13116792 checksum=4315265380284
sample backend=swift-direct candidates=32 trial=5 elapsed_ns=13215667 checksum=4315265380284
sample backend=swift-direct candidates=32 trial=6 elapsed_ns=13678083 checksum=4315265380284
sample backend=swift-direct candidates=32 trial=7 elapsed_ns=13676125 checksum=4315265380284
sample backend=swift-direct candidates=32 trial=8 elapsed_ns=13745791 checksum=4315265380284
sample backend=swift-direct candidates=32 trial=9 elapsed_ns=13696917 checksum=4315265380284
sample backend=swift-direct candidates=32 trial=10 elapsed_ns=13711958 checksum=4315265380284
summary backend=swift-direct candidates=32 median_ns=13215667 scores_per_second=154967.5850640002
sample backend=c-scalar-reference candidates=32 trial=0 elapsed_ns=12039959 checksum=4315265380284
sample backend=c-scalar-reference candidates=32 trial=1 elapsed_ns=12153458 checksum=4315265380284
sample backend=c-scalar-reference candidates=32 trial=2 elapsed_ns=12107667 checksum=4315265380284
sample backend=c-scalar-reference candidates=32 trial=3 elapsed_ns=11978917 checksum=4315265380284
sample backend=c-scalar-reference candidates=32 trial=4 elapsed_ns=12145459 checksum=4315265380284
sample backend=c-scalar-reference candidates=32 trial=5 elapsed_ns=11872500 checksum=4315265380284
sample backend=c-scalar-reference candidates=32 trial=6 elapsed_ns=12620000 checksum=4315265380284
sample backend=c-scalar-reference candidates=32 trial=7 elapsed_ns=12767000 checksum=4315265380284
sample backend=c-scalar-reference candidates=32 trial=8 elapsed_ns=12695458 checksum=4315265380284
sample backend=c-scalar-reference candidates=32 trial=9 elapsed_ns=12746125 checksum=4315265380284
sample backend=c-scalar-reference candidates=32 trial=10 elapsed_ns=12554083 checksum=4315265380284
summary backend=c-scalar-reference candidates=32 median_ns=12153458 scores_per_second=168511.71082337224
sample backend=platform candidates=48 trial=0 elapsed_ns=20701667 checksum=6310375751132
sample backend=platform candidates=48 trial=1 elapsed_ns=20799875 checksum=6310375751132
sample backend=platform candidates=48 trial=2 elapsed_ns=20871042 checksum=6310375751132
sample backend=platform candidates=48 trial=3 elapsed_ns=20790959 checksum=6310375751132
sample backend=platform candidates=48 trial=4 elapsed_ns=22424000 checksum=6310375751132
sample backend=platform candidates=48 trial=5 elapsed_ns=22405333 checksum=6310375751132
sample backend=platform candidates=48 trial=6 elapsed_ns=22403166 checksum=6310375751132
sample backend=platform candidates=48 trial=7 elapsed_ns=22393208 checksum=6310375751132
sample backend=platform candidates=48 trial=8 elapsed_ns=22415875 checksum=6310375751132
sample backend=platform candidates=48 trial=9 elapsed_ns=24645125 checksum=6310375751132
sample backend=platform candidates=48 trial=10 elapsed_ns=24610834 checksum=6310375751132
summary backend=platform candidates=48 median_ns=22403166 scores_per_second=137123.47620867516
sample backend=swift-direct candidates=48 trial=0 elapsed_ns=21854333 checksum=6310375751132
sample backend=swift-direct candidates=48 trial=1 elapsed_ns=21873209 checksum=6310375751132
sample backend=swift-direct candidates=48 trial=2 elapsed_ns=21931958 checksum=6310375751132
sample backend=swift-direct candidates=48 trial=3 elapsed_ns=21852625 checksum=6310375751132
sample backend=swift-direct candidates=48 trial=4 elapsed_ns=23599917 checksum=6310375751132
sample backend=swift-direct candidates=48 trial=5 elapsed_ns=23744208 checksum=6310375751132
sample backend=swift-direct candidates=48 trial=6 elapsed_ns=23576500 checksum=6310375751132
sample backend=swift-direct candidates=48 trial=7 elapsed_ns=23587417 checksum=6310375751132
sample backend=swift-direct candidates=48 trial=8 elapsed_ns=24289000 checksum=6310375751132
sample backend=swift-direct candidates=48 trial=9 elapsed_ns=25913917 checksum=6310375751132
sample backend=swift-direct candidates=48 trial=10 elapsed_ns=26275042 checksum=6310375751132
summary backend=swift-direct candidates=48 median_ns=23587417 scores_per_second=130238.93205432371
sample backend=c-scalar-reference candidates=48 trial=0 elapsed_ns=20242916 checksum=6310375751132
sample backend=c-scalar-reference candidates=48 trial=1 elapsed_ns=20558666 checksum=6310375751132
sample backend=c-scalar-reference candidates=48 trial=2 elapsed_ns=20186291 checksum=6310375751132
sample backend=c-scalar-reference candidates=48 trial=3 elapsed_ns=20762625 checksum=6310375751132
sample backend=c-scalar-reference candidates=48 trial=4 elapsed_ns=21976666 checksum=6310375751132
sample backend=c-scalar-reference candidates=48 trial=5 elapsed_ns=22043250 checksum=6310375751132
sample backend=c-scalar-reference candidates=48 trial=6 elapsed_ns=21747208 checksum=6310375751132
sample backend=c-scalar-reference candidates=48 trial=7 elapsed_ns=21761417 checksum=6310375751132
sample backend=c-scalar-reference candidates=48 trial=8 elapsed_ns=21724792 checksum=6310375751132
sample backend=c-scalar-reference candidates=48 trial=9 elapsed_ns=24284125 checksum=6310375751132
sample backend=c-scalar-reference candidates=48 trial=10 elapsed_ns=23712500 checksum=6310375751132
summary backend=c-scalar-reference candidates=48 median_ns=21747208 scores_per_second=141259.5124854648
sample backend=platform candidates=64 trial=0 elapsed_ns=36628708 checksum=8477986378400
sample backend=platform candidates=64 trial=1 elapsed_ns=36552500 checksum=8477986378400
sample backend=platform candidates=64 trial=2 elapsed_ns=41063250 checksum=8477986378400
sample backend=platform candidates=64 trial=3 elapsed_ns=41319833 checksum=8477986378400
sample backend=platform candidates=64 trial=4 elapsed_ns=47410333 checksum=8477986378400
sample backend=platform candidates=64 trial=5 elapsed_ns=47442708 checksum=8477986378400
sample backend=platform candidates=64 trial=6 elapsed_ns=47481041 checksum=8477986378400
sample backend=platform candidates=64 trial=7 elapsed_ns=47748291 checksum=8477986378400
sample backend=platform candidates=64 trial=8 elapsed_ns=47469542 checksum=8477986378400
sample backend=platform candidates=64 trial=9 elapsed_ns=47584584 checksum=8477986378400
sample backend=platform candidates=64 trial=10 elapsed_ns=47237417 checksum=8477986378400
summary backend=platform candidates=64 median_ns=47410333 scores_per_second=86394.66843651995
sample backend=swift-direct candidates=64 trial=0 elapsed_ns=38411542 checksum=8477986378400
sample backend=swift-direct candidates=64 trial=1 elapsed_ns=38355875 checksum=8477986378400
sample backend=swift-direct candidates=64 trial=2 elapsed_ns=43426500 checksum=8477986378400
sample backend=swift-direct candidates=64 trial=3 elapsed_ns=43208125 checksum=8477986378400
sample backend=swift-direct candidates=64 trial=4 elapsed_ns=43336125 checksum=8477986378400
sample backend=swift-direct candidates=64 trial=5 elapsed_ns=49858250 checksum=8477986378400
sample backend=swift-direct candidates=64 trial=6 elapsed_ns=49941625 checksum=8477986378400
sample backend=swift-direct candidates=64 trial=7 elapsed_ns=49694500 checksum=8477986378400
sample backend=swift-direct candidates=64 trial=8 elapsed_ns=50157583 checksum=8477986378400
sample backend=swift-direct candidates=64 trial=9 elapsed_ns=49871125 checksum=8477986378400
sample backend=swift-direct candidates=64 trial=10 elapsed_ns=50309584 checksum=8477986378400
summary backend=swift-direct candidates=64 median_ns=49694500 scores_per_second=82423.60824638541
sample backend=c-scalar-reference candidates=64 trial=0 elapsed_ns=35583625 checksum=8477986378400
sample backend=c-scalar-reference candidates=64 trial=1 elapsed_ns=35439625 checksum=8477986378400
sample backend=c-scalar-reference candidates=64 trial=2 elapsed_ns=38018750 checksum=8477986378400
sample backend=c-scalar-reference candidates=64 trial=3 elapsed_ns=39973167 checksum=8477986378400
sample backend=c-scalar-reference candidates=64 trial=4 elapsed_ns=40685375 checksum=8477986378400
sample backend=c-scalar-reference candidates=64 trial=5 elapsed_ns=45738708 checksum=8477986378400
sample backend=c-scalar-reference candidates=64 trial=6 elapsed_ns=46424500 checksum=8477986378400
sample backend=c-scalar-reference candidates=64 trial=7 elapsed_ns=45875791 checksum=8477986378400
sample backend=c-scalar-reference candidates=64 trial=8 elapsed_ns=46109083 checksum=8477986378400
sample backend=c-scalar-reference candidates=64 trial=9 elapsed_ns=45958375 checksum=8477986378400
sample backend=c-scalar-reference candidates=64 trial=10 elapsed_ns=46717666 checksum=8477986378400
summary backend=c-scalar-reference candidates=64 median_ns=45738708 scores_per_second=89552.15787905508
