turboquant_kernel_comparison target=embedded-wasm vectors=64 dimensions=768 queries=16 iterations=11 measurement_repetitions=4
sample backend=platform candidates=16 trial=0 elapsed_ns=5555792 checksum=2225652664784
sample backend=platform candidates=16 trial=1 elapsed_ns=5860334 checksum=2225652664784
sample backend=platform candidates=16 trial=2 elapsed_ns=5589042 checksum=2225652664784
sample backend=platform candidates=16 trial=3 elapsed_ns=5595625 checksum=2225652664784
sample backend=platform candidates=16 trial=4 elapsed_ns=5830209 checksum=2225652664784
sample backend=platform candidates=16 trial=5 elapsed_ns=5744417 checksum=2225652664784
sample backend=platform candidates=16 trial=6 elapsed_ns=5813458 checksum=2225652664784
sample backend=platform candidates=16 trial=7 elapsed_ns=5393084 checksum=2225652664784
sample backend=platform candidates=16 trial=8 elapsed_ns=5833292 checksum=2225652664784
sample backend=platform candidates=16 trial=9 elapsed_ns=5606000 checksum=2225652664784
sample backend=platform candidates=16 trial=10 elapsed_ns=5641041 checksum=2225652664784
summary backend=platform candidates=16 median_ns=5641041 scores_per_second=181526.77847936223
sample backend=swift-direct candidates=16 trial=0 elapsed_ns=6162292 checksum=2225652664784
sample backend=swift-direct candidates=16 trial=1 elapsed_ns=5980291 checksum=2225652664784
sample backend=swift-direct candidates=16 trial=2 elapsed_ns=5976708 checksum=2225652664784
sample backend=swift-direct candidates=16 trial=3 elapsed_ns=5828292 checksum=2225652664784
sample backend=swift-direct candidates=16 trial=4 elapsed_ns=6293041 checksum=2225652664784
sample backend=swift-direct candidates=16 trial=5 elapsed_ns=6043958 checksum=2225652664784
sample backend=swift-direct candidates=16 trial=6 elapsed_ns=5924542 checksum=2225652664784
sample backend=swift-direct candidates=16 trial=7 elapsed_ns=6339417 checksum=2225652664784
sample backend=swift-direct candidates=16 trial=8 elapsed_ns=5873625 checksum=2225652664784
sample backend=swift-direct candidates=16 trial=9 elapsed_ns=5804000 checksum=2225652664784
sample backend=swift-direct candidates=16 trial=10 elapsed_ns=5871042 checksum=2225652664784
summary backend=swift-direct candidates=16 median_ns=5976708 scores_per_second=171331.77662351917
sample backend=c-scalar-reference candidates=16 trial=0 elapsed_ns=5739125 checksum=2225652664784
sample backend=c-scalar-reference candidates=16 trial=1 elapsed_ns=5468542 checksum=2225652664784
sample backend=c-scalar-reference candidates=16 trial=2 elapsed_ns=5607083 checksum=2225652664784
sample backend=c-scalar-reference candidates=16 trial=3 elapsed_ns=5825458 checksum=2225652664784
sample backend=c-scalar-reference candidates=16 trial=4 elapsed_ns=5283458 checksum=2225652664784
sample backend=c-scalar-reference candidates=16 trial=5 elapsed_ns=5880750 checksum=2225652664784
sample backend=c-scalar-reference candidates=16 trial=6 elapsed_ns=5562792 checksum=2225652664784
sample backend=c-scalar-reference candidates=16 trial=7 elapsed_ns=5859833 checksum=2225652664784
sample backend=c-scalar-reference candidates=16 trial=8 elapsed_ns=5714959 checksum=2225652664784
sample backend=c-scalar-reference candidates=16 trial=9 elapsed_ns=5417875 checksum=2225652664784
sample backend=c-scalar-reference candidates=16 trial=10 elapsed_ns=5425875 checksum=2225652664784
summary backend=c-scalar-reference candidates=16 median_ns=5607083 scores_per_second=182626.15338492402
sample backend=platform candidates=24 trial=0 elapsed_ns=8750875 checksum=3218836722104
sample backend=platform candidates=24 trial=1 elapsed_ns=8904833 checksum=3218836722104
sample backend=platform candidates=24 trial=2 elapsed_ns=8988792 checksum=3218836722104
sample backend=platform candidates=24 trial=3 elapsed_ns=8888834 checksum=3218836722104
sample backend=platform candidates=24 trial=4 elapsed_ns=9226416 checksum=3218836722104
sample backend=platform candidates=24 trial=5 elapsed_ns=8457666 checksum=3218836722104
sample backend=platform candidates=24 trial=6 elapsed_ns=8873209 checksum=3218836722104
sample backend=platform candidates=24 trial=7 elapsed_ns=8931667 checksum=3218836722104
sample backend=platform candidates=24 trial=8 elapsed_ns=9322500 checksum=3218836722104
sample backend=platform candidates=24 trial=9 elapsed_ns=9249292 checksum=3218836722104
sample backend=platform candidates=24 trial=10 elapsed_ns=9185667 checksum=3218836722104
summary backend=platform candidates=24 median_ns=8931667 scores_per_second=171972.37648918168
sample backend=swift-direct candidates=24 trial=0 elapsed_ns=9042167 checksum=3218836722104
sample backend=swift-direct candidates=24 trial=1 elapsed_ns=9073125 checksum=3218836722104
sample backend=swift-direct candidates=24 trial=2 elapsed_ns=9340625 checksum=3218836722104
sample backend=swift-direct candidates=24 trial=3 elapsed_ns=9775125 checksum=3218836722104
sample backend=swift-direct candidates=24 trial=4 elapsed_ns=9290708 checksum=3218836722104
sample backend=swift-direct candidates=24 trial=5 elapsed_ns=9111500 checksum=3218836722104
sample backend=swift-direct candidates=24 trial=6 elapsed_ns=9477625 checksum=3218836722104
sample backend=swift-direct candidates=24 trial=7 elapsed_ns=9573875 checksum=3218836722104
sample backend=swift-direct candidates=24 trial=8 elapsed_ns=9646875 checksum=3218836722104
sample backend=swift-direct candidates=24 trial=9 elapsed_ns=9753583 checksum=3218836722104
sample backend=swift-direct candidates=24 trial=10 elapsed_ns=10085250 checksum=3218836722104
summary backend=swift-direct candidates=24 median_ns=9477625 scores_per_second=162065.91841310455
sample backend=c-scalar-reference candidates=24 trial=0 elapsed_ns=8566458 checksum=3218836722104
sample backend=c-scalar-reference candidates=24 trial=1 elapsed_ns=8610583 checksum=3218836722104
sample backend=c-scalar-reference candidates=24 trial=2 elapsed_ns=8678375 checksum=3218836722104
sample backend=c-scalar-reference candidates=24 trial=3 elapsed_ns=8959083 checksum=3218836722104
sample backend=c-scalar-reference candidates=24 trial=4 elapsed_ns=8506750 checksum=3218836722104
sample backend=c-scalar-reference candidates=24 trial=5 elapsed_ns=8266125 checksum=3218836722104
sample backend=c-scalar-reference candidates=24 trial=6 elapsed_ns=8915083 checksum=3218836722104
sample backend=c-scalar-reference candidates=24 trial=7 elapsed_ns=8793667 checksum=3218836722104
sample backend=c-scalar-reference candidates=24 trial=8 elapsed_ns=8786084 checksum=3218836722104
sample backend=c-scalar-reference candidates=24 trial=9 elapsed_ns=9033417 checksum=3218836722104
sample backend=c-scalar-reference candidates=24 trial=10 elapsed_ns=9318417 checksum=3218836722104
summary backend=c-scalar-reference candidates=24 median_ns=8786084 scores_per_second=174821.9115592339
sample backend=platform candidates=32 trial=0 elapsed_ns=12390333 checksum=4315265380284
sample backend=platform candidates=32 trial=1 elapsed_ns=11784500 checksum=4315265380284
sample backend=platform candidates=32 trial=2 elapsed_ns=12224709 checksum=4315265380284
sample backend=platform candidates=32 trial=3 elapsed_ns=12274042 checksum=4315265380284
sample backend=platform candidates=32 trial=4 elapsed_ns=12533583 checksum=4315265380284
sample backend=platform candidates=32 trial=5 elapsed_ns=12438000 checksum=4315265380284
sample backend=platform candidates=32 trial=6 elapsed_ns=12671250 checksum=4315265380284
sample backend=platform candidates=32 trial=7 elapsed_ns=13122625 checksum=4315265380284
sample backend=platform candidates=32 trial=8 elapsed_ns=12922583 checksum=4315265380284
sample backend=platform candidates=32 trial=9 elapsed_ns=13281500 checksum=4315265380284
sample backend=platform candidates=32 trial=10 elapsed_ns=12896959 checksum=4315265380284
summary backend=platform candidates=32 median_ns=12533583 scores_per_second=163401.00033645605
sample backend=swift-direct candidates=32 trial=0 elapsed_ns=12920541 checksum=4315265380284
sample backend=swift-direct candidates=32 trial=1 elapsed_ns=12901292 checksum=4315265380284
sample backend=swift-direct candidates=32 trial=2 elapsed_ns=13155625 checksum=4315265380284
sample backend=swift-direct candidates=32 trial=3 elapsed_ns=13494666 checksum=4315265380284
sample backend=swift-direct candidates=32 trial=4 elapsed_ns=13225334 checksum=4315265380284
sample backend=swift-direct candidates=32 trial=5 elapsed_ns=12884417 checksum=4315265380284
sample backend=swift-direct candidates=32 trial=6 elapsed_ns=12917792 checksum=4315265380284
sample backend=swift-direct candidates=32 trial=7 elapsed_ns=13627334 checksum=4315265380284
sample backend=swift-direct candidates=32 trial=8 elapsed_ns=13610500 checksum=4315265380284
sample backend=swift-direct candidates=32 trial=9 elapsed_ns=13827000 checksum=4315265380284
sample backend=swift-direct candidates=32 trial=10 elapsed_ns=14014000 checksum=4315265380284
summary backend=swift-direct candidates=32 median_ns=13225334 scores_per_second=154854.31218599092
sample backend=c-scalar-reference candidates=32 trial=0 elapsed_ns=11773208 checksum=4315265380284
sample backend=c-scalar-reference candidates=32 trial=1 elapsed_ns=11793750 checksum=4315265380284
sample backend=c-scalar-reference candidates=32 trial=2 elapsed_ns=11803833 checksum=4315265380284
sample backend=c-scalar-reference candidates=32 trial=3 elapsed_ns=12214833 checksum=4315265380284
sample backend=c-scalar-reference candidates=32 trial=4 elapsed_ns=12180083 checksum=4315265380284
sample backend=c-scalar-reference candidates=32 trial=5 elapsed_ns=11689834 checksum=4315265380284
sample backend=c-scalar-reference candidates=32 trial=6 elapsed_ns=12457250 checksum=4315265380284
sample backend=c-scalar-reference candidates=32 trial=7 elapsed_ns=12750875 checksum=4315265380284
sample backend=c-scalar-reference candidates=32 trial=8 elapsed_ns=12361333 checksum=4315265380284
sample backend=c-scalar-reference candidates=32 trial=9 elapsed_ns=12702250 checksum=4315265380284
sample backend=c-scalar-reference candidates=32 trial=10 elapsed_ns=12956125 checksum=4315265380284
summary backend=c-scalar-reference candidates=32 median_ns=12214833 scores_per_second=167665.00205119463
sample backend=platform candidates=48 trial=0 elapsed_ns=19444333 checksum=6310375751132
sample backend=platform candidates=48 trial=1 elapsed_ns=19735000 checksum=6310375751132
sample backend=platform candidates=48 trial=2 elapsed_ns=19178833 checksum=6310375751132
sample backend=platform candidates=48 trial=3 elapsed_ns=20709042 checksum=6310375751132
sample backend=platform candidates=48 trial=4 elapsed_ns=20753000 checksum=6310375751132
sample backend=platform candidates=48 trial=5 elapsed_ns=20994458 checksum=6310375751132
sample backend=platform candidates=48 trial=6 elapsed_ns=21150084 checksum=6310375751132
sample backend=platform candidates=48 trial=7 elapsed_ns=20010375 checksum=6310375751132
sample backend=platform candidates=48 trial=8 elapsed_ns=19545042 checksum=6310375751132
sample backend=platform candidates=48 trial=9 elapsed_ns=19883833 checksum=6310375751132
sample backend=platform candidates=48 trial=10 elapsed_ns=20058666 checksum=6310375751132
summary backend=platform candidates=48 median_ns=20010375 scores_per_second=153520.36131256912
sample backend=swift-direct candidates=48 trial=0 elapsed_ns=20291333 checksum=6310375751132
sample backend=swift-direct candidates=48 trial=1 elapsed_ns=19583208 checksum=6310375751132
sample backend=swift-direct candidates=48 trial=2 elapsed_ns=21916084 checksum=6310375751132
sample backend=swift-direct candidates=48 trial=3 elapsed_ns=21720667 checksum=6310375751132
sample backend=swift-direct candidates=48 trial=4 elapsed_ns=22080166 checksum=6310375751132
sample backend=swift-direct candidates=48 trial=5 elapsed_ns=21495583 checksum=6310375751132
sample backend=swift-direct candidates=48 trial=6 elapsed_ns=21516334 checksum=6310375751132
sample backend=swift-direct candidates=48 trial=7 elapsed_ns=21023000 checksum=6310375751132
sample backend=swift-direct candidates=48 trial=8 elapsed_ns=20293833 checksum=6310375751132
sample backend=swift-direct candidates=48 trial=9 elapsed_ns=21754959 checksum=6310375751132
sample backend=swift-direct candidates=48 trial=10 elapsed_ns=20576709 checksum=6310375751132
summary backend=swift-direct candidates=48 median_ns=21495583 scores_per_second=142913.08125953132
sample backend=c-scalar-reference candidates=48 trial=0 elapsed_ns=18824167 checksum=6310375751132
sample backend=c-scalar-reference candidates=48 trial=1 elapsed_ns=19035166 checksum=6310375751132
sample backend=c-scalar-reference candidates=48 trial=2 elapsed_ns=19132042 checksum=6310375751132
sample backend=c-scalar-reference candidates=48 trial=3 elapsed_ns=19885500 checksum=6310375751132
sample backend=c-scalar-reference candidates=48 trial=4 elapsed_ns=19944333 checksum=6310375751132
sample backend=c-scalar-reference candidates=48 trial=5 elapsed_ns=20215375 checksum=6310375751132
sample backend=c-scalar-reference candidates=48 trial=6 elapsed_ns=20244417 checksum=6310375751132
sample backend=c-scalar-reference candidates=48 trial=7 elapsed_ns=19441083 checksum=6310375751132
sample backend=c-scalar-reference candidates=48 trial=8 elapsed_ns=18851500 checksum=6310375751132
sample backend=c-scalar-reference candidates=48 trial=9 elapsed_ns=19953417 checksum=6310375751132
sample backend=c-scalar-reference candidates=48 trial=10 elapsed_ns=19968959 checksum=6310375751132
summary backend=c-scalar-reference candidates=48 median_ns=19885500 scores_per_second=154484.42332352718
sample backend=platform candidates=64 trial=0 elapsed_ns=27235416 checksum=8477986378400
sample backend=platform candidates=64 trial=1 elapsed_ns=29572458 checksum=8477986378400
sample backend=platform candidates=64 trial=2 elapsed_ns=30573625 checksum=8477986378400
sample backend=platform candidates=64 trial=3 elapsed_ns=33901834 checksum=8477986378400
sample backend=platform candidates=64 trial=4 elapsed_ns=36161166 checksum=8477986378400
sample backend=platform candidates=64 trial=5 elapsed_ns=36692959 checksum=8477986378400
sample backend=platform candidates=64 trial=6 elapsed_ns=40313875 checksum=8477986378400
sample backend=platform candidates=64 trial=7 elapsed_ns=49660042 checksum=8477986378400
sample backend=platform candidates=64 trial=8 elapsed_ns=64295542 checksum=8477986378400
sample backend=platform candidates=64 trial=9 elapsed_ns=69327666 checksum=8477986378400
sample backend=platform candidates=64 trial=10 elapsed_ns=81113625 checksum=8477986378400
summary backend=platform candidates=64 median_ns=36692959 scores_per_second=111629.04577960039
sample backend=swift-direct candidates=64 trial=0 elapsed_ns=29205292 checksum=8477986378400
sample backend=swift-direct candidates=64 trial=1 elapsed_ns=31782208 checksum=8477986378400
sample backend=swift-direct candidates=64 trial=2 elapsed_ns=33382208 checksum=8477986378400
sample backend=swift-direct candidates=64 trial=3 elapsed_ns=33987208 checksum=8477986378400
sample backend=swift-direct candidates=64 trial=4 elapsed_ns=34018042 checksum=8477986378400
sample backend=swift-direct candidates=64 trial=5 elapsed_ns=38334792 checksum=8477986378400
sample backend=swift-direct candidates=64 trial=6 elapsed_ns=43138792 checksum=8477986378400
sample backend=swift-direct candidates=64 trial=7 elapsed_ns=42692250 checksum=8477986378400
sample backend=swift-direct candidates=64 trial=8 elapsed_ns=73254208 checksum=8477986378400
sample backend=swift-direct candidates=64 trial=9 elapsed_ns=76768834 checksum=8477986378400
sample backend=swift-direct candidates=64 trial=10 elapsed_ns=75881375 checksum=8477986378400
summary backend=swift-direct candidates=64 median_ns=38334792 scores_per_second=106848.10811025139
sample backend=c-scalar-reference candidates=64 trial=0 elapsed_ns=28537916 checksum=8477986378400
sample backend=c-scalar-reference candidates=64 trial=1 elapsed_ns=29091000 checksum=8477986378400
sample backend=c-scalar-reference candidates=64 trial=2 elapsed_ns=29365833 checksum=8477986378400
sample backend=c-scalar-reference candidates=64 trial=3 elapsed_ns=31622083 checksum=8477986378400
sample backend=c-scalar-reference candidates=64 trial=4 elapsed_ns=33205042 checksum=8477986378400
sample backend=c-scalar-reference candidates=64 trial=5 elapsed_ns=35154875 checksum=8477986378400
sample backend=c-scalar-reference candidates=64 trial=6 elapsed_ns=39774334 checksum=8477986378400
sample backend=c-scalar-reference candidates=64 trial=7 elapsed_ns=41737541 checksum=8477986378400
sample backend=c-scalar-reference candidates=64 trial=8 elapsed_ns=52922041 checksum=8477986378400
sample backend=c-scalar-reference candidates=64 trial=9 elapsed_ns=74135333 checksum=8477986378400
sample backend=c-scalar-reference candidates=64 trial=10 elapsed_ns=72733834 checksum=8477986378400
summary backend=c-scalar-reference candidates=64 median_ns=35154875 scores_per_second=116513.00139738798
